Archive member included because of file (symbol)

c:/altera/13.0sp1/nios2eds/bin/gnu/h-i686-mingw32/bin/../lib/gcc/nios2-elf/4.1.2/../../../../nios2-elf/lib\libsmallc.a(lib_a-puts.o)
                              obj/default/hello_world.o (puts)
c:/altera/13.0sp1/nios2eds/bin/gnu/h-i686-mingw32/bin/../lib/gcc/nios2-elf/4.1.2/../../../../nios2-elf/lib\libsmallc.a(lib_a-strlen.o)
                              c:/altera/13.0sp1/nios2eds/bin/gnu/h-i686-mingw32/bin/../lib/gcc/nios2-elf/4.1.2/../../../../nios2-elf/lib\libsmallc.a(lib_a-puts.o) (strlen)
c:/altera/13.0sp1/nios2eds/bin/gnu/h-i686-mingw32/bin/../lib/gcc/nios2-elf/4.1.2/../../../../nios2-elf/lib\libsmallc.a(lib_a-fvwrite_small_dev.o)
                              c:/altera/13.0sp1/nios2eds/bin/gnu/h-i686-mingw32/bin/../lib/gcc/nios2-elf/4.1.2/../../../../nios2-elf/lib\libsmallc.a(lib_a-puts.o) (__sfvwrite_small_dev)
c:/altera/13.0sp1/nios2eds/bin/gnu/h-i686-mingw32/bin/../lib/gcc/nios2-elf/4.1.2/../../../../nios2-elf/lib\libsmallc.a(lib_a-impure.o)
                              c:/altera/13.0sp1/nios2eds/bin/gnu/h-i686-mingw32/bin/../lib/gcc/nios2-elf/4.1.2/../../../../nios2-elf/lib\libsmallc.a(lib_a-puts.o) (_impure_ptr)
c:/altera/13.0sp1/nios2eds/bin/gnu/h-i686-mingw32/bin/../lib/gcc/nios2-elf/4.1.2/../../../../nios2-elf/lib\libsmallc.a(lib_a-writer.o)
                              c:/altera/13.0sp1/nios2eds/bin/gnu/h-i686-mingw32/bin/../lib/gcc/nios2-elf/4.1.2/../../../../nios2-elf/lib\libsmallc.a(lib_a-fvwrite_small_dev.o) (_write_r)
c:/altera/13.0sp1/nios2eds/bin/gnu/h-i686-mingw32/bin/../lib/gcc/nios2-elf/4.1.2/../../../../nios2-elf/lib\libsmallc.a(lib_a-int_errno.o)
                              c:/altera/13.0sp1/nios2eds/bin/gnu/h-i686-mingw32/bin/../lib/gcc/nios2-elf/4.1.2/../../../../nios2-elf/lib\libsmallc.a(lib_a-writer.o) (errno)
../helo_bsp/\libhal_bsp.a(alt_load.o)
                              ../helo_bsp//obj/HAL/src/crt0.o (alt_load)
../helo_bsp/\libhal_bsp.a(alt_main.o)
                              ../helo_bsp//obj/HAL/src/crt0.o (alt_main)
../helo_bsp/\libhal_bsp.a(alt_write.o)
                              c:/altera/13.0sp1/nios2eds/bin/gnu/h-i686-mingw32/bin/../lib/gcc/nios2-elf/4.1.2/../../../../nios2-elf/lib\libsmallc.a(lib_a-writer.o) (write)
../helo_bsp/\libhal_bsp.a(alt_sys_init.o)
                              ../helo_bsp/\libhal_bsp.a(alt_main.o) (alt_irq_init)
../helo_bsp/\libhal_bsp.a(altera_avalon_jtag_uart_fd.o)
                              ../helo_bsp/\libhal_bsp.a(alt_sys_init.o) (altera_avalon_jtag_uart_read_fd)
../helo_bsp/\libhal_bsp.a(altera_avalon_jtag_uart_read.o)
                              ../helo_bsp/\libhal_bsp.a(altera_avalon_jtag_uart_fd.o) (altera_avalon_jtag_uart_read)
../helo_bsp/\libhal_bsp.a(altera_avalon_jtag_uart_write.o)
                              ../helo_bsp/\libhal_bsp.a(altera_avalon_jtag_uart_fd.o) (altera_avalon_jtag_uart_write)
../helo_bsp/\libhal_bsp.a(altera_avalon_timer_ts.o)
                              obj/default/hello_world.o (alt_timestamp_start)
../helo_bsp/\libhal_bsp.a(altera_avalon_timer_vars.o)
                              ../helo_bsp/\libhal_bsp.a(alt_sys_init.o) (altera_avalon_timer_ts_base)
../helo_bsp/\libhal_bsp.a(alt_close.o)
                              ../helo_bsp/\libhal_bsp.a(alt_main.o) (close)
../helo_bsp/\libhal_bsp.a(alt_dcache_flush_all.o)
                              ../helo_bsp/\libhal_bsp.a(alt_load.o) (alt_dcache_flush_all)
../helo_bsp/\libhal_bsp.a(alt_dev.o)
                              ../helo_bsp/\libhal_bsp.a(alt_sys_init.o) (alt_dev_list)
../helo_bsp/\libhal_bsp.a(alt_dev_llist_insert.o)
                              ../helo_bsp/\libhal_bsp.a(alt_sys_init.o) (alt_dev_llist_insert)
../helo_bsp/\libhal_bsp.a(alt_do_ctors.o)
                              ../helo_bsp/\libhal_bsp.a(alt_main.o) (_do_ctors)
../helo_bsp/\libhal_bsp.a(alt_do_dtors.o)
                              ../helo_bsp/\libhal_bsp.a(alt_main.o) (_do_dtors)
../helo_bsp/\libhal_bsp.a(alt_errno.o)
                              ../helo_bsp/\libhal_bsp.a(alt_write.o) (alt_errno)
../helo_bsp/\libhal_bsp.a(alt_icache_flush_all.o)
                              ../helo_bsp/\libhal_bsp.a(alt_load.o) (alt_icache_flush_all)
../helo_bsp/\libhal_bsp.a(alt_io_redirect.o)
                              ../helo_bsp/\libhal_bsp.a(alt_main.o) (alt_io_redirect)
../helo_bsp/\libhal_bsp.a(alt_open.o)
                              ../helo_bsp/\libhal_bsp.a(alt_io_redirect.o) (open)
../helo_bsp/\libhal_bsp.a(alt_release_fd.o)
                              ../helo_bsp/\libhal_bsp.a(alt_close.o) (alt_release_fd)
../helo_bsp/\libhal_bsp.a(altera_nios2_qsys_irq.o)
                              ../helo_bsp/\libhal_bsp.a(alt_sys_init.o) (altera_nios2_qsys_irq_init)
../helo_bsp/\libhal_bsp.a(alt_find_dev.o)
                              ../helo_bsp/\libhal_bsp.a(alt_open.o) (alt_find_dev)
../helo_bsp/\libhal_bsp.a(alt_find_file.o)
                              ../helo_bsp/\libhal_bsp.a(alt_open.o) (alt_find_file)
../helo_bsp/\libhal_bsp.a(alt_get_fd.o)
                              ../helo_bsp/\libhal_bsp.a(alt_open.o) (alt_get_fd)
../helo_bsp/\libhal_bsp.a(alt_icache_flush.o)
                              ../helo_bsp/\libhal_bsp.a(alt_icache_flush_all.o) (alt_icache_flush)
c:/altera/13.0sp1/nios2eds/bin/gnu/h-i686-mingw32/bin/../lib/gcc/nios2-elf/4.1.2/../../../../nios2-elf/lib\libsmallc.a(lib_a-atexit.o)
                              ../helo_bsp/\libhal_bsp.a(alt_main.o) (atexit)
c:/altera/13.0sp1/nios2eds/bin/gnu/h-i686-mingw32/bin/../lib/gcc/nios2-elf/4.1.2/../../../../nios2-elf/lib\libsmallc.a(lib_a-exit.o)
                              ../helo_bsp/\libhal_bsp.a(alt_main.o) (exit)
c:/altera/13.0sp1/nios2eds/bin/gnu/h-i686-mingw32/bin/../lib/gcc/nios2-elf/4.1.2/../../../../nios2-elf/lib\libsmallc.a(lib_a-memcmp.o)
                              ../helo_bsp/\libhal_bsp.a(alt_find_dev.o) (memcmp)
c:/altera/13.0sp1/nios2eds/bin/gnu/h-i686-mingw32/bin/../lib/gcc/nios2-elf/4.1.2/../../../../nios2-elf/lib\libsmallc.a(lib_a-__atexit.o)
                              c:/altera/13.0sp1/nios2eds/bin/gnu/h-i686-mingw32/bin/../lib/gcc/nios2-elf/4.1.2/../../../../nios2-elf/lib\libsmallc.a(lib_a-atexit.o) (__register_exitproc)
c:/altera/13.0sp1/nios2eds/bin/gnu/h-i686-mingw32/bin/../lib/gcc/nios2-elf/4.1.2/../../../../nios2-elf/lib\libsmallc.a(lib_a-__call_atexit.o)
                              c:/altera/13.0sp1/nios2eds/bin/gnu/h-i686-mingw32/bin/../lib/gcc/nios2-elf/4.1.2/../../../../nios2-elf/lib\libsmallc.a(lib_a-exit.o) (__call_exitprocs)
../helo_bsp/\libhal_bsp.a(alt_exit.o)
                              c:/altera/13.0sp1/nios2eds/bin/gnu/h-i686-mingw32/bin/../lib/gcc/nios2-elf/4.1.2/../../../../nios2-elf/lib\libsmallc.a(lib_a-exit.o) (_exit)

Allocating common symbols
Common symbol       size              file

errno               0x4               c:/altera/13.0sp1/nios2eds/bin/gnu/h-i686-mingw32/bin/../lib/gcc/nios2-elf/4.1.2/../../../../nios2-elf/lib\libsmallc.a(lib_a-int_errno.o)
_atexit0            0x8c              c:/altera/13.0sp1/nios2eds/bin/gnu/h-i686-mingw32/bin/../lib/gcc/nios2-elf/4.1.2/../../../../nios2-elf/lib\libsmallc.a(lib_a-atexit.o)

Memory Configuration

Name             Origin             Length             Attributes
SDRAM_CONTROLLER 0x04000000         0x00800000
SSRAM_CONTROLLER 0x08080000         0x00080000
reset            0x08104000         0x00000020
ONCHIP           0x08104020         0x00003fe0
*default*        0x00000000         0xffffffff

Linker script and memory map

LOAD ../helo_bsp//obj/HAL/src/crt0.o
LOAD obj/default/hello_world.o
LOAD c:/altera/13.0sp1/nios2eds/bin/gnu/h-i686-mingw32/bin/../lib/gcc/nios2-elf/4.1.2/../../../../nios2-elf/lib\libstdc++.a
LOAD c:/altera/13.0sp1/nios2eds/bin/gnu/h-i686-mingw32/bin/../lib/gcc/nios2-elf/4.1.2/../../../../nios2-elf/lib\libm.a
LOAD c:/altera/13.0sp1/nios2eds/bin/gnu/h-i686-mingw32/bin/../lib/gcc/nios2-elf/4.1.2\libgcc.a
START GROUP
LOAD c:/altera/13.0sp1/nios2eds/bin/gnu/h-i686-mingw32/bin/../lib/gcc/nios2-elf/4.1.2/../../../../nios2-elf/lib\libsmallc.a
LOAD c:/altera/13.0sp1/nios2eds/bin/gnu/h-i686-mingw32/bin/../lib/gcc/nios2-elf/4.1.2\libgcc.a
LOAD ../helo_bsp/\libhal_bsp.a
END GROUP
LOAD c:/altera/13.0sp1/nios2eds/bin/gnu/h-i686-mingw32/bin/../lib/gcc/nios2-elf/4.1.2\libgcc.a
                0x04000000                __alt_mem_SDRAM_CONTROLLER = 0x4000000
                0x08080000                __alt_mem_SSRAM_CONTROLLER = 0x8080000
                0x08104000                __alt_mem_ONCHIP = 0x8104000

.entry          0x08104000       0x20
 *(.entry)
 .entry         0x08104000       0x20 ../helo_bsp//obj/HAL/src/crt0.o
                0x08104000                __reset

.exceptions     0x08104020        0x0 load address 0x04000000
                0x08104020                PROVIDE (__ram_exceptions_start, ABSOLUTE (.))
                0x08104020                . = ALIGN (0x20)
 *(.irq)
 *(.exceptions.entry.label)
 *(.exceptions.entry.user)
 *(.exceptions.entry)
 *(.exceptions.irqtest.user)
 *(.exceptions.irqtest)
 *(.exceptions.irqhandler.user)
 *(.exceptions.irqhandler)
 *(.exceptions.irqreturn.user)
 *(.exceptions.irqreturn)
 *(.exceptions.notirq.label)
 *(.exceptions.notirq.user)
 *(.exceptions.notirq)
 *(.exceptions.soft.user)
 *(.exceptions.soft)
 *(.exceptions.unknown.user)
 *(.exceptions.unknown)
 *(.exceptions.exit.label)
 *(.exceptions.exit.user)
 *(.exceptions.exit)
 *(.exceptions)
                0x08104020                PROVIDE (__ram_exceptions_end, ABSOLUTE (.))
                0x04000000                PROVIDE (__flash_exceptions_start, LOADADDR (.exceptions))

.text           0x04000000     0x1940
                0x04000000                PROVIDE (stext, ABSOLUTE (.))
 *(.interp)
 *(.hash)
 *(.dynsym)
 *(.dynstr)
 *(.gnu.version)
 *(.gnu.version_d)
 *(.gnu.version_r)
 *(.rel.init)
 *(.rela.init)
 *(.rel.text .rel.text.* .rel.gnu.linkonce.t.*)
 *(.rela.text .rela.text.* .rela.gnu.linkonce.t.*)
 *(.rel.fini)
 *(.rela.fini)
 *(.rel.rodata .rel.rodata.* .rel.gnu.linkonce.r.*)
 *(.rela.rodata .rela.rodata.* .rela.gnu.linkonce.r.*)
 *(.rel.data .rel.data.* .rel.gnu.linkonce.d.*)
 *(.rela.data .rela.data.* .rela.gnu.linkonce.d.*)
 *(.rel.tdata .rel.tdata.* .rel.gnu.linkonce.td.*)
 *(.rela.tdata .rela.tdata.* .rela.gnu.linkonce.td.*)
 *(.rel.tbss .rel.tbss.* .rel.gnu.linkonce.tb.*)
 *(.rela.tbss .rela.tbss.* .rela.gnu.linkonce.tb.*)
 *(.rel.ctors)
 *(.rela.ctors)
 *(.rel.dtors)
 *(.rela.dtors)
 *(.rel.got)
 *(.rela.got)
 *(.rel.sdata .rel.sdata.* .rel.gnu.linkonce.s.*)
 *(.rela.sdata .rela.sdata.* .rela.gnu.linkonce.s.*)
 *(.rel.sbss .rel.sbss.* .rel.gnu.linkonce.sb.*)
 *(.rela.sbss .rela.sbss.* .rela.gnu.linkonce.sb.*)
 *(.rel.sdata2 .rel.sdata2.* .rel.gnu.linkonce.s2.*)
 *(.rela.sdata2 .rela.sdata2.* .rela.gnu.linkonce.s2.*)
 *(.rel.sbss2 .rel.sbss2.* .rel.gnu.linkonce.sb2.*)
 *(.rela.sbss2 .rela.sbss2.* .rela.gnu.linkonce.sb2.*)
 *(.rel.bss .rel.bss.* .rel.gnu.linkonce.b.*)
 *(.rela.bss .rela.bss.* .rela.gnu.linkonce.b.*)
 *(.rel.plt)
 *(.rela.plt)
 *(.rel.dyn)
 *(.init)
 *(.plt)
 *(.text .stub .text.* .gnu.linkonce.t.*)
 .text          0x04000000       0x4c ../helo_bsp//obj/HAL/src/crt0.o
                0x04000000                _start
 .text          0x0400004c       0x4c obj/default/hello_world.o
                0x0400004c                main
 .text          0x04000098       0xa4 c:/altera/13.0sp1/nios2eds/bin/gnu/h-i686-mingw32/bin/../lib/gcc/nios2-elf/4.1.2/../../../../nios2-elf/lib\libsmallc.a(lib_a-puts.o)
                0x04000098                _puts_r
                0x04000128                puts
 .text          0x0400013c       0x20 c:/altera/13.0sp1/nios2eds/bin/gnu/h-i686-mingw32/bin/../lib/gcc/nios2-elf/4.1.2/../../../../nios2-elf/lib\libsmallc.a(lib_a-strlen.o)
                0x0400013c                strlen
 .text          0x0400015c       0xbc c:/altera/13.0sp1/nios2eds/bin/gnu/h-i686-mingw32/bin/../lib/gcc/nios2-elf/4.1.2/../../../../nios2-elf/lib\libsmallc.a(lib_a-fvwrite_small_dev.o)
                0x0400015c                __sfvwrite_small_dev
 .text          0x04000218        0x0 c:/altera/13.0sp1/nios2eds/bin/gnu/h-i686-mingw32/bin/../lib/gcc/nios2-elf/4.1.2/../../../../nios2-elf/lib\libsmallc.a(lib_a-impure.o)
 .text          0x04000218       0x78 c:/altera/13.0sp1/nios2eds/bin/gnu/h-i686-mingw32/bin/../lib/gcc/nios2-elf/4.1.2/../../../../nios2-elf/lib\libsmallc.a(lib_a-writer.o)
                0x04000218                _write_r
 .text          0x04000290        0x0 c:/altera/13.0sp1/nios2eds/bin/gnu/h-i686-mingw32/bin/../lib/gcc/nios2-elf/4.1.2/../../../../nios2-elf/lib\libsmallc.a(lib_a-int_errno.o)
 .text          0x04000290       0xec ../helo_bsp/\libhal_bsp.a(alt_load.o)
                0x04000290                alt_load
 .text          0x0400037c       0x6c ../helo_bsp/\libhal_bsp.a(alt_main.o)
                0x0400037c                alt_main
 .text          0x040003e8      0x180 ../helo_bsp/\libhal_bsp.a(alt_write.o)
                0x040003e8                write
 .text          0x04000568       0xc4 ../helo_bsp/\libhal_bsp.a(alt_sys_init.o)
                0x04000568                alt_irq_init
                0x0400059c                alt_sys_init
 .text          0x0400062c       0xb0 ../helo_bsp/\libhal_bsp.a(altera_avalon_jtag_uart_fd.o)
                0x0400062c                altera_avalon_jtag_uart_read_fd
                0x04000684                altera_avalon_jtag_uart_write_fd
 .text          0x040006dc      0x104 ../helo_bsp/\libhal_bsp.a(altera_avalon_jtag_uart_read.o)
                0x040006dc                altera_avalon_jtag_uart_read
 .text          0x040007e0       0xa4 ../helo_bsp/\libhal_bsp.a(altera_avalon_jtag_uart_write.o)
                0x040007e0                altera_avalon_jtag_uart_write
 .text          0x04000884      0x168 ../helo_bsp/\libhal_bsp.a(altera_avalon_timer_ts.o)
                0x04000884                alt_timestamp_start
                0x04000928                alt_timestamp
                0x040009c4                alt_timestamp_freq
 .text          0x040009ec        0x0 ../helo_bsp/\libhal_bsp.a(altera_avalon_timer_vars.o)
 .text          0x040009ec      0x15c ../helo_bsp/\libhal_bsp.a(alt_close.o)
                0x040009ec                close
 .text          0x04000b48       0x44 ../helo_bsp/\libhal_bsp.a(alt_dcache_flush_all.o)
                0x04000b48                alt_dcache_flush_all
 .text          0x04000b8c       0x2c ../helo_bsp/\libhal_bsp.a(alt_dev.o)
 .text          0x04000bb8      0x114 ../helo_bsp/\libhal_bsp.a(alt_dev_llist_insert.o)
                0x04000bb8                alt_dev_llist_insert
 .text          0x04000ccc       0x64 ../helo_bsp/\libhal_bsp.a(alt_do_ctors.o)
                0x04000ccc                _do_ctors
 .text          0x04000d30       0x64 ../helo_bsp/\libhal_bsp.a(alt_do_dtors.o)
                0x04000d30                _do_dtors
 .text          0x04000d94        0x0 ../helo_bsp/\libhal_bsp.a(alt_errno.o)
 .text          0x04000d94       0x30 ../helo_bsp/\libhal_bsp.a(alt_icache_flush_all.o)
                0x04000d94                alt_icache_flush_all
 .text          0x04000dc4      0x13c ../helo_bsp/\libhal_bsp.a(alt_io_redirect.o)
                0x04000e88                alt_io_redirect
 .text          0x04000f00      0x2c4 ../helo_bsp/\libhal_bsp.a(alt_open.o)
                0x04000fdc                open
 .text          0x040011c4       0x60 ../helo_bsp/\libhal_bsp.a(alt_release_fd.o)
                0x040011c4                alt_release_fd
 .text          0x04001224       0x20 ../helo_bsp/\libhal_bsp.a(altera_nios2_qsys_irq.o)
                0x04001224                altera_nios2_qsys_irq_init
 .text          0x04001244       0x94 ../helo_bsp/\libhal_bsp.a(alt_find_dev.o)
                0x04001244                alt_find_dev
 .text          0x040012d8      0x120 ../helo_bsp/\libhal_bsp.a(alt_find_file.o)
                0x040012d8                alt_find_file
 .text          0x040013f8       0xb8 ../helo_bsp/\libhal_bsp.a(alt_get_fd.o)
                0x040013f8                alt_get_fd
 .text          0x040014b0       0x90 ../helo_bsp/\libhal_bsp.a(alt_icache_flush.o)
                0x040014b0                alt_icache_flush
 .text          0x04001540       0x14 c:/altera/13.0sp1/nios2eds/bin/gnu/h-i686-mingw32/bin/../lib/gcc/nios2-elf/4.1.2/../../../../nios2-elf/lib\libsmallc.a(lib_a-atexit.o)
                0x04001540                atexit
 .text          0x04001554       0x20 c:/altera/13.0sp1/nios2eds/bin/gnu/h-i686-mingw32/bin/../lib/gcc/nios2-elf/4.1.2/../../../../nios2-elf/lib\libsmallc.a(lib_a-exit.o)
                0x04001554                exit
 .text          0x04001574       0x3c c:/altera/13.0sp1/nios2eds/bin/gnu/h-i686-mingw32/bin/../lib/gcc/nios2-elf/4.1.2/../../../../nios2-elf/lib\libsmallc.a(lib_a-memcmp.o)
                0x04001574                memcmp
 .text          0x040015b0      0x16c c:/altera/13.0sp1/nios2eds/bin/gnu/h-i686-mingw32/bin/../lib/gcc/nios2-elf/4.1.2/../../../../nios2-elf/lib\libsmallc.a(lib_a-__atexit.o)
                0x040015b0                __register_exitproc
 .text          0x0400171c      0x1c0 c:/altera/13.0sp1/nios2eds/bin/gnu/h-i686-mingw32/bin/../lib/gcc/nios2-elf/4.1.2/../../../../nios2-elf/lib\libsmallc.a(lib_a-__call_atexit.o)
                0x04001720                __call_exitprocs
 .text          0x040018dc       0x60 ../helo_bsp/\libhal_bsp.a(alt_exit.o)
                0x0400191c                _exit
 *(.gnu.warning.*)
 *(.fini)
                0x0400193c                PROVIDE (__etext, ABSOLUTE (.))
                0x0400193c                PROVIDE (_etext, ABSOLUTE (.))
                0x0400193c                PROVIDE (etext, ABSOLUTE (.))
 *(.eh_frame_hdr)
                0x0400193c                . = ALIGN (0x4)
                0x0400193c                PROVIDE (__preinit_array_start, ABSOLUTE (.))
 *(.preinit_array)
                0x0400193c                PROVIDE (__preinit_array_end, ABSOLUTE (.))
                0x0400193c                PROVIDE (__init_array_start, ABSOLUTE (.))
 *(.init_array)
                0x0400193c                PROVIDE (__init_array_end, ABSOLUTE (.))
                0x0400193c                PROVIDE (__fini_array_start, ABSOLUTE (.))
 *(.fini_array)
                0x0400193c                PROVIDE (__fini_array_end, ABSOLUTE (.))
 *(.eh_frame)
 *(.gcc_except_table)
 *(.dynamic)
                0x0400193c                PROVIDE (__CTOR_LIST__, ABSOLUTE (.))
 *(.ctors)
 *(SORT(.ctors.*))
 .ctors.65535   0x0400193c        0x4 c:/altera/13.0sp1/nios2eds/bin/gnu/h-i686-mingw32/bin/../lib/gcc/nios2-elf/4.1.2/../../../../nios2-elf/lib\libsmallc.a(lib_a-__call_atexit.o)
                0x04001940                PROVIDE (__CTOR_END__, ABSOLUTE (.))
                0x04001940                PROVIDE (__DTOR_LIST__, ABSOLUTE (.))
 *(.dtors)
 *(SORT(.dtors.*))
                0x04001940                PROVIDE (__DTOR_END__, ABSOLUTE (.))
 *(.jcr)
                0x04001940                . = ALIGN (0x4)

.rodata         0x04001940       0x44
                0x04001940                PROVIDE (__ram_rodata_start, ABSOLUTE (.))
                0x04001940                . = ALIGN (0x4)
 *(.rodata .rodata.* .gnu.linkonce.r.*)
 .rodata        0x04001940       0x14 obj/default/hello_world.o
 .rodata.str1.4
                0x04001954        0x4 c:/altera/13.0sp1/nios2eds/bin/gnu/h-i686-mingw32/bin/../lib/gcc/nios2-elf/4.1.2/../../../../nios2-elf/lib\libsmallc.a(lib_a-puts.o)
 .rodata        0x04001958       0x10 ../helo_bsp/\libhal_bsp.a(alt_main.o)
 .rodata        0x04001968       0x10 ../helo_bsp/\libhal_bsp.a(alt_sys_init.o)
 .rodata        0x04001978        0xc ../helo_bsp/\libhal_bsp.a(alt_dev.o)
 *(.rodata1)
                0x04001984                . = ALIGN (0x4)
                0x04001984                PROVIDE (__ram_rodata_end, ABSOLUTE (.))
                0x04001940                PROVIDE (__flash_rodata_start, LOADADDR (.rodata))

.rwdata         0x04001984      0x2d8 load address 0x04001c5c
                0x04001984                PROVIDE (__ram_rwdata_start, ABSOLUTE (.))
                0x04001984                . = ALIGN (0x4)
 *(.got.plt)
 *(.got)
 *(.data1)
 *(.data .data.* .gnu.linkonce.d.*)
 .data          0x04001984        0x0 ../helo_bsp//obj/HAL/src/crt0.o
 .data          0x04001984        0x0 obj/default/hello_world.o
 .data          0x04001984        0x0 c:/altera/13.0sp1/nios2eds/bin/gnu/h-i686-mingw32/bin/../lib/gcc/nios2-elf/4.1.2/../../../../nios2-elf/lib\libsmallc.a(lib_a-puts.o)
 .data          0x04001984        0x0 c:/altera/13.0sp1/nios2eds/bin/gnu/h-i686-mingw32/bin/../lib/gcc/nios2-elf/4.1.2/../../../../nios2-elf/lib\libsmallc.a(lib_a-strlen.o)
 .data          0x04001984        0x0 c:/altera/13.0sp1/nios2eds/bin/gnu/h-i686-mingw32/bin/../lib/gcc/nios2-elf/4.1.2/../../../../nios2-elf/lib\libsmallc.a(lib_a-fvwrite_small_dev.o)
 .data          0x04001984       0xe0 c:/altera/13.0sp1/nios2eds/bin/gnu/h-i686-mingw32/bin/../lib/gcc/nios2-elf/4.1.2/../../../../nios2-elf/lib\libsmallc.a(lib_a-impure.o)
 .data          0x04001a64        0x0 c:/altera/13.0sp1/nios2eds/bin/gnu/h-i686-mingw32/bin/../lib/gcc/nios2-elf/4.1.2/../../../../nios2-elf/lib\libsmallc.a(lib_a-writer.o)
 .data          0x04001a64        0x0 c:/altera/13.0sp1/nios2eds/bin/gnu/h-i686-mingw32/bin/../lib/gcc/nios2-elf/4.1.2/../../../../nios2-elf/lib\libsmallc.a(lib_a-int_errno.o)
 .data          0x04001a64        0x0 ../helo_bsp/\libhal_bsp.a(alt_load.o)
 .data          0x04001a64        0x0 ../helo_bsp/\libhal_bsp.a(alt_main.o)
 .data          0x04001a64        0x0 ../helo_bsp/\libhal_bsp.a(alt_write.o)
 .data          0x04001a64       0x2c ../helo_bsp/\libhal_bsp.a(alt_sys_init.o)
 .data          0x04001a90        0x0 ../helo_bsp/\libhal_bsp.a(altera_avalon_jtag_uart_fd.o)
 .data          0x04001a90        0x0 ../helo_bsp/\libhal_bsp.a(altera_avalon_jtag_uart_read.o)
 .data          0x04001a90        0x0 ../helo_bsp/\libhal_bsp.a(altera_avalon_jtag_uart_write.o)
 .data          0x04001a90        0x0 ../helo_bsp/\libhal_bsp.a(altera_avalon_timer_ts.o)
 .data          0x04001a90        0x0 ../helo_bsp/\libhal_bsp.a(altera_avalon_timer_vars.o)
 .data          0x04001a90        0x0 ../helo_bsp/\libhal_bsp.a(alt_close.o)
 .data          0x04001a90        0x0 ../helo_bsp/\libhal_bsp.a(alt_dcache_flush_all.o)
 .data          0x04001a90      0x1a8 ../helo_bsp/\libhal_bsp.a(alt_dev.o)
                0x04001a90                alt_dev_null
                0x04001ab8                alt_fd_list
 .data          0x04001c38        0x0 ../helo_bsp/\libhal_bsp.a(alt_dev_llist_insert.o)
 .data          0x04001c38        0x0 ../helo_bsp/\libhal_bsp.a(alt_do_ctors.o)
 .data          0x04001c38        0x0 ../helo_bsp/\libhal_bsp.a(alt_do_dtors.o)
 .data          0x04001c38        0x0 ../helo_bsp/\libhal_bsp.a(alt_errno.o)
 .data          0x04001c38        0x0 ../helo_bsp/\libhal_bsp.a(alt_icache_flush_all.o)
 .data          0x04001c38        0x0 ../helo_bsp/\libhal_bsp.a(alt_io_redirect.o)
 .data          0x04001c38        0x0 ../helo_bsp/\libhal_bsp.a(alt_open.o)
 .data          0x04001c38        0x0 ../helo_bsp/\libhal_bsp.a(alt_release_fd.o)
 .data          0x04001c38        0x0 ../helo_bsp/\libhal_bsp.a(altera_nios2_qsys_irq.o)
 .data          0x04001c38        0x0 ../helo_bsp/\libhal_bsp.a(alt_find_dev.o)
 .data          0x04001c38        0x0 ../helo_bsp/\libhal_bsp.a(alt_find_file.o)
 .data          0x04001c38        0x0 ../helo_bsp/\libhal_bsp.a(alt_get_fd.o)
 .data          0x04001c38        0x0 ../helo_bsp/\libhal_bsp.a(alt_icache_flush.o)
 .data          0x04001c38        0x0 c:/altera/13.0sp1/nios2eds/bin/gnu/h-i686-mingw32/bin/../lib/gcc/nios2-elf/4.1.2/../../../../nios2-elf/lib\libsmallc.a(lib_a-atexit.o)
 .data          0x04001c38        0x0 c:/altera/13.0sp1/nios2eds/bin/gnu/h-i686-mingw32/bin/../lib/gcc/nios2-elf/4.1.2/../../../../nios2-elf/lib\libsmallc.a(lib_a-exit.o)
 .data          0x04001c38        0x0 c:/altera/13.0sp1/nios2eds/bin/gnu/h-i686-mingw32/bin/../lib/gcc/nios2-elf/4.1.2/../../../../nios2-elf/lib\libsmallc.a(lib_a-memcmp.o)
 .data          0x04001c38        0x0 c:/altera/13.0sp1/nios2eds/bin/gnu/h-i686-mingw32/bin/../lib/gcc/nios2-elf/4.1.2/../../../../nios2-elf/lib\libsmallc.a(lib_a-__atexit.o)
 .data          0x04001c38        0x0 c:/altera/13.0sp1/nios2eds/bin/gnu/h-i686-mingw32/bin/../lib/gcc/nios2-elf/4.1.2/../../../../nios2-elf/lib\libsmallc.a(lib_a-__call_atexit.o)
 .data          0x04001c38        0x0 ../helo_bsp/\libhal_bsp.a(alt_exit.o)
                0x04009c38                _gp = ABSOLUTE ((. + 0x8000))
                0x04009c38                PROVIDE (gp, _gp)
 *(.rwdata .rwdata.*)
 *(.sdata .sdata.* .gnu.linkonce.s.*)
 .sdata         0x04001c38        0x4 obj/default/hello_world.o
                0x04001c38                timer
 .sdata         0x04001c3c        0x8 c:/altera/13.0sp1/nios2eds/bin/gnu/h-i686-mingw32/bin/../lib/gcc/nios2-elf/4.1.2/../../../../nios2-elf/lib\libsmallc.a(lib_a-impure.o)
                0x04001c3c                _impure_ptr
                0x04001c40                _global_impure_ptr
 .sdata         0x04001c44       0x14 ../helo_bsp/\libhal_bsp.a(alt_dev.o)
                0x04001c44                alt_fs_list
                0x04001c4c                alt_dev_list
                0x04001c54                alt_max_fd
 .sdata         0x04001c58        0x4 ../helo_bsp/\libhal_bsp.a(alt_errno.o)
                0x04001c58                alt_errno
 *(.sdata2 .sdata2.* .gnu.linkonce.s2.*)
                0x04001c5c                . = ALIGN (0x4)
                0x04001c5c                _edata = ABSOLUTE (.)
                0x04001c5c                PROVIDE (edata, ABSOLUTE (.))
                0x04001c5c                PROVIDE (__ram_rwdata_end, ABSOLUTE (.))
                0x04001c5c                PROVIDE (__flash_rwdata_start, LOADADDR (.rwdata))

.bss            0x04001f34       0xa4
                0x04001f34                __bss_start = ABSOLUTE (.)
                0x04001f34                PROVIDE (__sbss_start, ABSOLUTE (.))
                0x04001f34                PROVIDE (___sbss_start, ABSOLUTE (.))
 *(.dynsbss)
 *(.sbss .sbss.* .gnu.linkonce.sb.*)
 .sbss          0x04001f34        0x4 c:/altera/13.0sp1/nios2eds/bin/gnu/h-i686-mingw32/bin/../lib/gcc/nios2-elf/4.1.2/../../../../nios2-elf/lib\libsmallc.a(lib_a-int_errno.o)
                0x04001f34                errno
 .sbss          0x04001f38        0xc ../helo_bsp/\libhal_bsp.a(alt_main.o)
                0x04001f38                alt_argc
                0x04001f3c                alt_argv
                0x04001f40                alt_envp
 .sbss          0x04001f44        0x8 ../helo_bsp/\libhal_bsp.a(altera_avalon_timer_vars.o)
                0x04001f44                altera_avalon_timer_ts_base
                0x04001f48                altera_avalon_timer_ts_freq
 *(.sbss2 .sbss2.* .gnu.linkonce.sb2.*)
 *(.scommon)
                0x04001f4c                PROVIDE (__sbss_end, ABSOLUTE (.))
                0x04001f4c                PROVIDE (___sbss_end, ABSOLUTE (.))
 *(.dynbss)
 *(.bss .bss.* .gnu.linkonce.b.*)
 .bss           0x04001f4c        0x0 ../helo_bsp//obj/HAL/src/crt0.o
 .bss           0x04001f4c        0x0 obj/default/hello_world.o
 .bss           0x04001f4c        0x0 c:/altera/13.0sp1/nios2eds/bin/gnu/h-i686-mingw32/bin/../lib/gcc/nios2-elf/4.1.2/../../../../nios2-elf/lib\libsmallc.a(lib_a-puts.o)
 .bss           0x04001f4c        0x0 c:/altera/13.0sp1/nios2eds/bin/gnu/h-i686-mingw32/bin/../lib/gcc/nios2-elf/4.1.2/../../../../nios2-elf/lib\libsmallc.a(lib_a-strlen.o)
 .bss           0x04001f4c        0x0 c:/altera/13.0sp1/nios2eds/bin/gnu/h-i686-mingw32/bin/../lib/gcc/nios2-elf/4.1.2/../../../../nios2-elf/lib\libsmallc.a(lib_a-fvwrite_small_dev.o)
 .bss           0x04001f4c        0x0 c:/altera/13.0sp1/nios2eds/bin/gnu/h-i686-mingw32/bin/../lib/gcc/nios2-elf/4.1.2/../../../../nios2-elf/lib\libsmallc.a(lib_a-impure.o)
 .bss           0x04001f4c        0x0 c:/altera/13.0sp1/nios2eds/bin/gnu/h-i686-mingw32/bin/../lib/gcc/nios2-elf/4.1.2/../../../../nios2-elf/lib\libsmallc.a(lib_a-writer.o)
 .bss           0x04001f4c        0x0 c:/altera/13.0sp1/nios2eds/bin/gnu/h-i686-mingw32/bin/../lib/gcc/nios2-elf/4.1.2/../../../../nios2-elf/lib\libsmallc.a(lib_a-int_errno.o)
 .bss           0x04001f4c        0x0 ../helo_bsp/\libhal_bsp.a(alt_load.o)
 .bss           0x04001f4c        0x0 ../helo_bsp/\libhal_bsp.a(alt_main.o)
 .bss           0x04001f4c        0x0 ../helo_bsp/\libhal_bsp.a(alt_write.o)
 .bss           0x04001f4c        0x0 ../helo_bsp/\libhal_bsp.a(alt_sys_init.o)
 .bss           0x04001f4c        0x0 ../helo_bsp/\libhal_bsp.a(altera_avalon_jtag_uart_fd.o)
 .bss           0x04001f4c        0x0 ../helo_bsp/\libhal_bsp.a(altera_avalon_jtag_uart_read.o)
 .bss           0x04001f4c        0x0 ../helo_bsp/\libhal_bsp.a(altera_avalon_jtag_uart_write.o)
 .bss           0x04001f4c        0x0 ../helo_bsp/\libhal_bsp.a(altera_avalon_timer_ts.o)
 .bss           0x04001f4c        0x0 ../helo_bsp/\libhal_bsp.a(altera_avalon_timer_vars.o)
 .bss           0x04001f4c        0x0 ../helo_bsp/\libhal_bsp.a(alt_close.o)
 .bss           0x04001f4c        0x0 ../helo_bsp/\libhal_bsp.a(alt_dcache_flush_all.o)
 .bss           0x04001f4c        0x0 ../helo_bsp/\libhal_bsp.a(alt_dev.o)
 .bss           0x04001f4c        0x0 ../helo_bsp/\libhal_bsp.a(alt_dev_llist_insert.o)
 .bss           0x04001f4c        0x0 ../helo_bsp/\libhal_bsp.a(alt_do_ctors.o)
 .bss           0x04001f4c        0x0 ../helo_bsp/\libhal_bsp.a(alt_do_dtors.o)
 .bss           0x04001f4c        0x0 ../helo_bsp/\libhal_bsp.a(alt_errno.o)
 .bss           0x04001f4c        0x0 ../helo_bsp/\libhal_bsp.a(alt_icache_flush_all.o)
 .bss           0x04001f4c        0x0 ../helo_bsp/\libhal_bsp.a(alt_io_redirect.o)
 .bss           0x04001f4c        0x0 ../helo_bsp/\libhal_bsp.a(alt_open.o)
 .bss           0x04001f4c        0x0 ../helo_bsp/\libhal_bsp.a(alt_release_fd.o)
 .bss           0x04001f4c        0x0 ../helo_bsp/\libhal_bsp.a(altera_nios2_qsys_irq.o)
 .bss           0x04001f4c        0x0 ../helo_bsp/\libhal_bsp.a(alt_find_dev.o)
 .bss           0x04001f4c        0x0 ../helo_bsp/\libhal_bsp.a(alt_find_file.o)
 .bss           0x04001f4c        0x0 ../helo_bsp/\libhal_bsp.a(alt_get_fd.o)
 .bss           0x04001f4c        0x0 ../helo_bsp/\libhal_bsp.a(alt_icache_flush.o)
 .bss           0x04001f4c        0x0 c:/altera/13.0sp1/nios2eds/bin/gnu/h-i686-mingw32/bin/../lib/gcc/nios2-elf/4.1.2/../../../../nios2-elf/lib\libsmallc.a(lib_a-atexit.o)
 .bss           0x04001f4c        0x0 c:/altera/13.0sp1/nios2eds/bin/gnu/h-i686-mingw32/bin/../lib/gcc/nios2-elf/4.1.2/../../../../nios2-elf/lib\libsmallc.a(lib_a-exit.o)
 .bss           0x04001f4c        0x0 c:/altera/13.0sp1/nios2eds/bin/gnu/h-i686-mingw32/bin/../lib/gcc/nios2-elf/4.1.2/../../../../nios2-elf/lib\libsmallc.a(lib_a-memcmp.o)
 .bss           0x04001f4c        0x0 c:/altera/13.0sp1/nios2eds/bin/gnu/h-i686-mingw32/bin/../lib/gcc/nios2-elf/4.1.2/../../../../nios2-elf/lib\libsmallc.a(lib_a-__atexit.o)
 .bss           0x04001f4c        0x0 c:/altera/13.0sp1/nios2eds/bin/gnu/h-i686-mingw32/bin/../lib/gcc/nios2-elf/4.1.2/../../../../nios2-elf/lib\libsmallc.a(lib_a-__call_atexit.o)
 .bss           0x04001f4c        0x0 ../helo_bsp/\libhal_bsp.a(alt_exit.o)
 *(COMMON)
 COMMON         0x04001f4c       0x8c c:/altera/13.0sp1/nios2eds/bin/gnu/h-i686-mingw32/bin/../lib/gcc/nios2-elf/4.1.2/../../../../nios2-elf/lib\libsmallc.a(lib_a-atexit.o)
                0x04001f4c                _atexit0
                0x04001fd8                . = ALIGN (0x4)
                0x04001fd8                __bss_end = ABSOLUTE (.)

.SDRAM_CONTROLLER
                0x04001fd8        0x0
                0x04001fd8                PROVIDE (_alt_partition_SDRAM_CONTROLLER_start, ABSOLUTE (.))
 *(.SDRAM_CONTROLLER. SDRAM_CONTROLLER.*)
                0x04001fd8                . = ALIGN (0x4)
                0x04001fd8                PROVIDE (_alt_partition_SDRAM_CONTROLLER_end, ABSOLUTE (.))
                0x04001fd8                _end = ABSOLUTE (.)
                0x04001fd8                end = ABSOLUTE (.)
                0x04001fd8                __alt_stack_base = ABSOLUTE (.)
                0x04001fd8                PROVIDE (_alt_partition_SDRAM_CONTROLLER_load_addr, LOADADDR (.SDRAM_CONTROLLER))

.SSRAM_CONTROLLER
                0x08080000        0x0 load address 0x04001fd8
                0x08080000                PROVIDE (_alt_partition_SSRAM_CONTROLLER_start, ABSOLUTE (.))
 *(.SSRAM_CONTROLLER. SSRAM_CONTROLLER.*)
                0x08080000                . = ALIGN (0x4)
                0x08080000                PROVIDE (_alt_partition_SSRAM_CONTROLLER_end, ABSOLUTE (.))
                0x04001fd8                PROVIDE (_alt_partition_SSRAM_CONTROLLER_load_addr, LOADADDR (.SSRAM_CONTROLLER))

.ONCHIP         0x08104020        0x0 load address 0x04001fd8
                0x08104020                PROVIDE (_alt_partition_ONCHIP_start, ABSOLUTE (.))
 *(.ONCHIP. ONCHIP.*)
                0x08104020                . = ALIGN (0x4)
                0x08104020                PROVIDE (_alt_partition_ONCHIP_end, ABSOLUTE (.))
                0x04001fd8                PROVIDE (_alt_partition_ONCHIP_load_addr, LOADADDR (.ONCHIP))

.stab
 *(.stab)

.stabstr
 *(.stabstr)

.stab.excl
 *(.stab.excl)

.stab.exclstr
 *(.stab.exclstr)

.stab.index
 *(.stab.index)

.stab.indexstr
 *(.stab.indexstr)

.comment        0x00000000       0x26
 *(.comment)
 .comment       0x00000000       0x26 obj/default/hello_world.o
                                 0x27 (size before relaxing)
 .comment       0x00000000       0x27 c:/altera/13.0sp1/nios2eds/bin/gnu/h-i686-mingw32/bin/../lib/gcc/nios2-elf/4.1.2/../../../../nios2-elf/lib\libsmallc.a(lib_a-puts.o)
 .comment       0x00000000       0x27 c:/altera/13.0sp1/nios2eds/bin/gnu/h-i686-mingw32/bin/../lib/gcc/nios2-elf/4.1.2/../../../../nios2-elf/lib\libsmallc.a(lib_a-strlen.o)
 .comment       0x00000000       0x27 c:/altera/13.0sp1/nios2eds/bin/gnu/h-i686-mingw32/bin/../lib/gcc/nios2-elf/4.1.2/../../../../nios2-elf/lib\libsmallc.a(lib_a-fvwrite_small_dev.o)
 .comment       0x00000000       0x27 c:/altera/13.0sp1/nios2eds/bin/gnu/h-i686-mingw32/bin/../lib/gcc/nios2-elf/4.1.2/../../../../nios2-elf/lib\libsmallc.a(lib_a-impure.o)
 .comment       0x00000000       0x27 c:/altera/13.0sp1/nios2eds/bin/gnu/h-i686-mingw32/bin/../lib/gcc/nios2-elf/4.1.2/../../../../nios2-elf/lib\libsmallc.a(lib_a-writer.o)
 .comment       0x00000000       0x27 c:/altera/13.0sp1/nios2eds/bin/gnu/h-i686-mingw32/bin/../lib/gcc/nios2-elf/4.1.2/../../../../nios2-elf/lib\libsmallc.a(lib_a-int_errno.o)
 .comment       0x00000000       0x27 ../helo_bsp/\libhal_bsp.a(alt_load.o)
 .comment       0x00000000       0x27 ../helo_bsp/\libhal_bsp.a(alt_main.o)
 .comment       0x00000000       0x27 ../helo_bsp/\libhal_bsp.a(alt_write.o)
 .comment       0x00000000       0x27 ../helo_bsp/\libhal_bsp.a(alt_sys_init.o)
 .comment       0x00000000       0x27 ../helo_bsp/\libhal_bsp.a(altera_avalon_jtag_uart_fd.o)
 .comment       0x00000000       0x27 ../helo_bsp/\libhal_bsp.a(altera_avalon_jtag_uart_read.o)
 .comment       0x00000000       0x27 ../helo_bsp/\libhal_bsp.a(altera_avalon_jtag_uart_write.o)
 .comment       0x00000000       0x27 ../helo_bsp/\libhal_bsp.a(altera_avalon_timer_ts.o)
 .comment       0x00000000       0x27 ../helo_bsp/\libhal_bsp.a(altera_avalon_timer_vars.o)
 .comment       0x00000000       0x27 ../helo_bsp/\libhal_bsp.a(alt_close.o)
 .comment       0x00000000       0x27 ../helo_bsp/\libhal_bsp.a(alt_dcache_flush_all.o)
 .comment       0x00000000       0x27 ../helo_bsp/\libhal_bsp.a(alt_dev.o)
 .comment       0x00000000       0x27 ../helo_bsp/\libhal_bsp.a(alt_dev_llist_insert.o)
 .comment       0x00000000       0x27 ../helo_bsp/\libhal_bsp.a(alt_do_ctors.o)
 .comment       0x00000000       0x27 ../helo_bsp/\libhal_bsp.a(alt_do_dtors.o)
 .comment       0x00000000       0x27 ../helo_bsp/\libhal_bsp.a(alt_errno.o)
 .comment       0x00000000       0x27 ../helo_bsp/\libhal_bsp.a(alt_icache_flush_all.o)
 .comment       0x00000000       0x27 ../helo_bsp/\libhal_bsp.a(alt_io_redirect.o)
 .comment       0x00000000       0x27 ../helo_bsp/\libhal_bsp.a(alt_open.o)
 .comment       0x00000000       0x27 ../helo_bsp/\libhal_bsp.a(alt_release_fd.o)
 .comment       0x00000000       0x27 ../helo_bsp/\libhal_bsp.a(altera_nios2_qsys_irq.o)
 .comment       0x00000000       0x27 ../helo_bsp/\libhal_bsp.a(alt_find_dev.o)
 .comment       0x00000000       0x27 ../helo_bsp/\libhal_bsp.a(alt_find_file.o)
 .comment       0x00000000       0x27 ../helo_bsp/\libhal_bsp.a(alt_get_fd.o)
 .comment       0x00000000       0x27 ../helo_bsp/\libhal_bsp.a(alt_icache_flush.o)
 .comment       0x00000000       0x27 c:/altera/13.0sp1/nios2eds/bin/gnu/h-i686-mingw32/bin/../lib/gcc/nios2-elf/4.1.2/../../../../nios2-elf/lib\libsmallc.a(lib_a-atexit.o)
 .comment       0x00000000       0x27 c:/altera/13.0sp1/nios2eds/bin/gnu/h-i686-mingw32/bin/../lib/gcc/nios2-elf/4.1.2/../../../../nios2-elf/lib\libsmallc.a(lib_a-exit.o)
 .comment       0x00000000       0x27 c:/altera/13.0sp1/nios2eds/bin/gnu/h-i686-mingw32/bin/../lib/gcc/nios2-elf/4.1.2/../../../../nios2-elf/lib\libsmallc.a(lib_a-memcmp.o)
 .comment       0x00000000       0x27 c:/altera/13.0sp1/nios2eds/bin/gnu/h-i686-mingw32/bin/../lib/gcc/nios2-elf/4.1.2/../../../../nios2-elf/lib\libsmallc.a(lib_a-__atexit.o)
 .comment       0x00000000       0x27 c:/altera/13.0sp1/nios2eds/bin/gnu/h-i686-mingw32/bin/../lib/gcc/nios2-elf/4.1.2/../../../../nios2-elf/lib\libsmallc.a(lib_a-__call_atexit.o)
 .comment       0x00000000       0x27 ../helo_bsp/\libhal_bsp.a(alt_exit.o)

.debug
 *(.debug)

.line
 *(.line)

.debug_srcinfo
 *(.debug_srcinfo)

.debug_sfnames
 *(.debug_sfnames)

.debug_aranges  0x00000000      0x468
 *(.debug_aranges)
 .debug_aranges
                0x00000000       0x28 ../helo_bsp//obj/HAL/src/crt0.o
 .debug_aranges
                0x00000028       0x20 obj/default/hello_world.o
 .debug_aranges
                0x00000048       0x20 c:/altera/13.0sp1/nios2eds/bin/gnu/h-i686-mingw32/bin/../lib/gcc/nios2-elf/4.1.2/../../../../nios2-elf/lib\libsmallc.a(lib_a-puts.o)
 .debug_aranges
                0x00000068       0x20 c:/altera/13.0sp1/nios2eds/bin/gnu/h-i686-mingw32/bin/../lib/gcc/nios2-elf/4.1.2/../../../../nios2-elf/lib\libsmallc.a(lib_a-strlen.o)
 .debug_aranges
                0x00000088       0x20 c:/altera/13.0sp1/nios2eds/bin/gnu/h-i686-mingw32/bin/../lib/gcc/nios2-elf/4.1.2/../../../../nios2-elf/lib\libsmallc.a(lib_a-fvwrite_small_dev.o)
 .debug_aranges
                0x000000a8       0x20 c:/altera/13.0sp1/nios2eds/bin/gnu/h-i686-mingw32/bin/../lib/gcc/nios2-elf/4.1.2/../../../../nios2-elf/lib\libsmallc.a(lib_a-writer.o)
 .debug_aranges
                0x000000c8       0x20 ../helo_bsp/\libhal_bsp.a(alt_load.o)
 .debug_aranges
                0x000000e8       0x20 ../helo_bsp/\libhal_bsp.a(alt_main.o)
 .debug_aranges
                0x00000108       0x20 ../helo_bsp/\libhal_bsp.a(alt_write.o)
 .debug_aranges
                0x00000128       0x20 ../helo_bsp/\libhal_bsp.a(alt_sys_init.o)
 .debug_aranges
                0x00000148       0x20 ../helo_bsp/\libhal_bsp.a(altera_avalon_jtag_uart_fd.o)
 .debug_aranges
                0x00000168       0x20 ../helo_bsp/\libhal_bsp.a(altera_avalon_jtag_uart_read.o)
 .debug_aranges
                0x00000188       0x20 ../helo_bsp/\libhal_bsp.a(altera_avalon_jtag_uart_write.o)
 .debug_aranges
                0x000001a8       0x20 ../helo_bsp/\libhal_bsp.a(altera_avalon_timer_ts.o)
 .debug_aranges
                0x000001c8       0x20 ../helo_bsp/\libhal_bsp.a(alt_close.o)
 .debug_aranges
                0x000001e8       0x20 ../helo_bsp/\libhal_bsp.a(alt_dcache_flush_all.o)
 .debug_aranges
                0x00000208       0x20 ../helo_bsp/\libhal_bsp.a(alt_dev.o)
 .debug_aranges
                0x00000228       0x20 ../helo_bsp/\libhal_bsp.a(alt_dev_llist_insert.o)
 .debug_aranges
                0x00000248       0x20 ../helo_bsp/\libhal_bsp.a(alt_do_ctors.o)
 .debug_aranges
                0x00000268       0x20 ../helo_bsp/\libhal_bsp.a(alt_do_dtors.o)
 .debug_aranges
                0x00000288       0x20 ../helo_bsp/\libhal_bsp.a(alt_icache_flush_all.o)
 .debug_aranges
                0x000002a8       0x20 ../helo_bsp/\libhal_bsp.a(alt_io_redirect.o)
 .debug_aranges
                0x000002c8       0x20 ../helo_bsp/\libhal_bsp.a(alt_open.o)
 .debug_aranges
                0x000002e8       0x20 ../helo_bsp/\libhal_bsp.a(alt_release_fd.o)
 .debug_aranges
                0x00000308       0x20 ../helo_bsp/\libhal_bsp.a(altera_nios2_qsys_irq.o)
 .debug_aranges
                0x00000328       0x20 ../helo_bsp/\libhal_bsp.a(alt_find_dev.o)
 .debug_aranges
                0x00000348       0x20 ../helo_bsp/\libhal_bsp.a(alt_find_file.o)
 .debug_aranges
                0x00000368       0x20 ../helo_bsp/\libhal_bsp.a(alt_get_fd.o)
 .debug_aranges
                0x00000388       0x20 ../helo_bsp/\libhal_bsp.a(alt_icache_flush.o)
 .debug_aranges
                0x000003a8       0x20 c:/altera/13.0sp1/nios2eds/bin/gnu/h-i686-mingw32/bin/../lib/gcc/nios2-elf/4.1.2/../../../../nios2-elf/lib\libsmallc.a(lib_a-atexit.o)
 .debug_aranges
                0x000003c8       0x20 c:/altera/13.0sp1/nios2eds/bin/gnu/h-i686-mingw32/bin/../lib/gcc/nios2-elf/4.1.2/../../../../nios2-elf/lib\libsmallc.a(lib_a-exit.o)
 .debug_aranges
                0x000003e8       0x20 c:/altera/13.0sp1/nios2eds/bin/gnu/h-i686-mingw32/bin/../lib/gcc/nios2-elf/4.1.2/../../../../nios2-elf/lib\libsmallc.a(lib_a-memcmp.o)
 .debug_aranges
                0x00000408       0x20 c:/altera/13.0sp1/nios2eds/bin/gnu/h-i686-mingw32/bin/../lib/gcc/nios2-elf/4.1.2/../../../../nios2-elf/lib\libsmallc.a(lib_a-__atexit.o)
 .debug_aranges
                0x00000428       0x20 c:/altera/13.0sp1/nios2eds/bin/gnu/h-i686-mingw32/bin/../lib/gcc/nios2-elf/4.1.2/../../../../nios2-elf/lib\libsmallc.a(lib_a-__call_atexit.o)
 .debug_aranges
                0x00000448       0x20 ../helo_bsp/\libhal_bsp.a(alt_exit.o)

.debug_pubnames
                0x00000000      0x679
 *(.debug_pubnames)
 .debug_pubnames
                0x00000000       0x25 obj/default/hello_world.o
 .debug_pubnames
                0x00000025       0x27 c:/altera/13.0sp1/nios2eds/bin/gnu/h-i686-mingw32/bin/../lib/gcc/nios2-elf/4.1.2/../../../../nios2-elf/lib\libsmallc.a(lib_a-puts.o)
 .debug_pubnames
                0x0000004c       0x1d c:/altera/13.0sp1/nios2eds/bin/gnu/h-i686-mingw32/bin/../lib/gcc/nios2-elf/4.1.2/../../../../nios2-elf/lib\libsmallc.a(lib_a-strlen.o)
 .debug_pubnames
                0x00000069       0x2b c:/altera/13.0sp1/nios2eds/bin/gnu/h-i686-mingw32/bin/../lib/gcc/nios2-elf/4.1.2/../../../../nios2-elf/lib\libsmallc.a(lib_a-fvwrite_small_dev.o)
 .debug_pubnames
                0x00000094       0x39 c:/altera/13.0sp1/nios2eds/bin/gnu/h-i686-mingw32/bin/../lib/gcc/nios2-elf/4.1.2/../../../../nios2-elf/lib\libsmallc.a(lib_a-impure.o)
 .debug_pubnames
                0x000000cd       0x1f c:/altera/13.0sp1/nios2eds/bin/gnu/h-i686-mingw32/bin/../lib/gcc/nios2-elf/4.1.2/../../../../nios2-elf/lib\libsmallc.a(lib_a-writer.o)
 .debug_pubnames
                0x000000ec       0x1c c:/altera/13.0sp1/nios2eds/bin/gnu/h-i686-mingw32/bin/../lib/gcc/nios2-elf/4.1.2/../../../../nios2-elf/lib\libsmallc.a(lib_a-int_errno.o)
 .debug_pubnames
                0x00000108       0x1f ../helo_bsp/\libhal_bsp.a(alt_load.o)
 .debug_pubnames
                0x00000127       0x46 ../helo_bsp/\libhal_bsp.a(alt_main.o)
 .debug_pubnames
                0x0000016d       0x1c ../helo_bsp/\libhal_bsp.a(alt_write.o)
 .debug_pubnames
                0x00000189       0x34 ../helo_bsp/\libhal_bsp.a(alt_sys_init.o)
 .debug_pubnames
                0x000001bd       0x5b ../helo_bsp/\libhal_bsp.a(altera_avalon_jtag_uart_fd.o)
 .debug_pubnames
                0x00000218       0x33 ../helo_bsp/\libhal_bsp.a(altera_avalon_jtag_uart_read.o)
 .debug_pubnames
                0x0000024b       0x34 ../helo_bsp/\libhal_bsp.a(altera_avalon_jtag_uart_write.o)
 .debug_pubnames
                0x0000027f       0x53 ../helo_bsp/\libhal_bsp.a(altera_avalon_timer_ts.o)
 .debug_pubnames
                0x000002d2       0x52 ../helo_bsp/\libhal_bsp.a(altera_avalon_timer_vars.o)
 .debug_pubnames
                0x00000324       0x1c ../helo_bsp/\libhal_bsp.a(alt_close.o)
 .debug_pubnames
                0x00000340       0x2b ../helo_bsp/\libhal_bsp.a(alt_dcache_flush_all.o)
 .debug_pubnames
                0x0000036b       0x63 ../helo_bsp/\libhal_bsp.a(alt_dev.o)
 .debug_pubnames
                0x000003ce       0x2b ../helo_bsp/\libhal_bsp.a(alt_dev_llist_insert.o)
 .debug_pubnames
                0x000003f9       0x20 ../helo_bsp/\libhal_bsp.a(alt_do_ctors.o)
 .debug_pubnames
                0x00000419       0x20 ../helo_bsp/\libhal_bsp.a(alt_do_dtors.o)
 .debug_pubnames
                0x00000439       0x20 ../helo_bsp/\libhal_bsp.a(alt_errno.o)
 .debug_pubnames
                0x00000459       0x2b ../helo_bsp/\libhal_bsp.a(alt_icache_flush_all.o)
 .debug_pubnames
                0x00000484       0x26 ../helo_bsp/\libhal_bsp.a(alt_io_redirect.o)
 .debug_pubnames
                0x000004aa       0x1b ../helo_bsp/\libhal_bsp.a(alt_open.o)
 .debug_pubnames
                0x000004c5       0x25 ../helo_bsp/\libhal_bsp.a(alt_release_fd.o)
 .debug_pubnames
                0x000004ea       0x31 ../helo_bsp/\libhal_bsp.a(altera_nios2_qsys_irq.o)
 .debug_pubnames
                0x0000051b       0x23 ../helo_bsp/\libhal_bsp.a(alt_find_dev.o)
 .debug_pubnames
                0x0000053e       0x24 ../helo_bsp/\libhal_bsp.a(alt_find_file.o)
 .debug_pubnames
                0x00000562       0x21 ../helo_bsp/\libhal_bsp.a(alt_get_fd.o)
 .debug_pubnames
                0x00000583       0x27 ../helo_bsp/\libhal_bsp.a(alt_icache_flush.o)
 .debug_pubnames
                0x000005aa       0x2a c:/altera/13.0sp1/nios2eds/bin/gnu/h-i686-mingw32/bin/../lib/gcc/nios2-elf/4.1.2/../../../../nios2-elf/lib\libsmallc.a(lib_a-atexit.o)
 .debug_pubnames
                0x000005d4       0x1b c:/altera/13.0sp1/nios2eds/bin/gnu/h-i686-mingw32/bin/../lib/gcc/nios2-elf/4.1.2/../../../../nios2-elf/lib\libsmallc.a(lib_a-exit.o)
 .debug_pubnames
                0x000005ef       0x1d c:/altera/13.0sp1/nios2eds/bin/gnu/h-i686-mingw32/bin/../lib/gcc/nios2-elf/4.1.2/../../../../nios2-elf/lib\libsmallc.a(lib_a-memcmp.o)
 .debug_pubnames
                0x0000060c       0x2a c:/altera/13.0sp1/nios2eds/bin/gnu/h-i686-mingw32/bin/../lib/gcc/nios2-elf/4.1.2/../../../../nios2-elf/lib\libsmallc.a(lib_a-__atexit.o)
 .debug_pubnames
                0x00000636       0x27 c:/altera/13.0sp1/nios2eds/bin/gnu/h-i686-mingw32/bin/../lib/gcc/nios2-elf/4.1.2/../../../../nios2-elf/lib\libsmallc.a(lib_a-__call_atexit.o)
 .debug_pubnames
                0x0000065d       0x1c ../helo_bsp/\libhal_bsp.a(alt_exit.o)

.debug_info     0x00000000     0x8324
 *(.debug_info .gnu.linkonce.wi.*)
 .debug_info    0x00000000       0x73 ../helo_bsp//obj/HAL/src/crt0.o
 .debug_info    0x00000073      0x1b0 obj/default/hello_world.o
 .debug_info    0x00000223      0x685 c:/altera/13.0sp1/nios2eds/bin/gnu/h-i686-mingw32/bin/../lib/gcc/nios2-elf/4.1.2/../../../../nios2-elf/lib\libsmallc.a(lib_a-puts.o)
 .debug_info    0x000008a8       0xc2 c:/altera/13.0sp1/nios2eds/bin/gnu/h-i686-mingw32/bin/../lib/gcc/nios2-elf/4.1.2/../../../../nios2-elf/lib\libsmallc.a(lib_a-strlen.o)
 .debug_info    0x0000096a      0x68e c:/altera/13.0sp1/nios2eds/bin/gnu/h-i686-mingw32/bin/../lib/gcc/nios2-elf/4.1.2/../../../../nios2-elf/lib\libsmallc.a(lib_a-fvwrite_small_dev.o)
 .debug_info    0x00000ff8      0x636 c:/altera/13.0sp1/nios2eds/bin/gnu/h-i686-mingw32/bin/../lib/gcc/nios2-elf/4.1.2/../../../../nios2-elf/lib\libsmallc.a(lib_a-impure.o)
 .debug_info    0x0000162e      0x68c c:/altera/13.0sp1/nios2eds/bin/gnu/h-i686-mingw32/bin/../lib/gcc/nios2-elf/4.1.2/../../../../nios2-elf/lib\libsmallc.a(lib_a-writer.o)
 .debug_info    0x00001cba       0x8c c:/altera/13.0sp1/nios2eds/bin/gnu/h-i686-mingw32/bin/../lib/gcc/nios2-elf/4.1.2/../../../../nios2-elf/lib\libsmallc.a(lib_a-int_errno.o)
 .debug_info    0x00001d46      0x285 ../helo_bsp/\libhal_bsp.a(alt_load.o)
 .debug_info    0x00001fcb      0x21d ../helo_bsp/\libhal_bsp.a(alt_main.o)
 .debug_info    0x000021e8      0x68b ../helo_bsp/\libhal_bsp.a(alt_write.o)
 .debug_info    0x00002873      0x5b9 ../helo_bsp/\libhal_bsp.a(alt_sys_init.o)
 .debug_info    0x00002e2c      0x5b1 ../helo_bsp/\libhal_bsp.a(altera_avalon_jtag_uart_fd.o)
 .debug_info    0x000033dd      0x301 ../helo_bsp/\libhal_bsp.a(altera_avalon_jtag_uart_read.o)
 .debug_info    0x000036de      0x2de ../helo_bsp/\libhal_bsp.a(altera_avalon_jtag_uart_write.o)
 .debug_info    0x000039bc      0x2b9 ../helo_bsp/\libhal_bsp.a(altera_avalon_timer_ts.o)
 .debug_info    0x00003c75      0x1ff ../helo_bsp/\libhal_bsp.a(altera_avalon_timer_vars.o)
 .debug_info    0x00003e74      0x45f ../helo_bsp/\libhal_bsp.a(alt_close.o)
 .debug_info    0x000042d3      0x167 ../helo_bsp/\libhal_bsp.a(alt_dcache_flush_all.o)
 .debug_info    0x0000443a      0x677 ../helo_bsp/\libhal_bsp.a(alt_dev.o)
 .debug_info    0x00004ab1      0x2af ../helo_bsp/\libhal_bsp.a(alt_dev_llist_insert.o)
 .debug_info    0x00004d60      0x107 ../helo_bsp/\libhal_bsp.a(alt_do_ctors.o)
 .debug_info    0x00004e67      0x106 ../helo_bsp/\libhal_bsp.a(alt_do_dtors.o)
 .debug_info    0x00004f6d      0x15c ../helo_bsp/\libhal_bsp.a(alt_errno.o)
 .debug_info    0x000050c9      0x154 ../helo_bsp/\libhal_bsp.a(alt_icache_flush_all.o)
 .debug_info    0x0000521d      0x68d ../helo_bsp/\libhal_bsp.a(alt_io_redirect.o)
 .debug_info    0x000058aa      0x51d ../helo_bsp/\libhal_bsp.a(alt_open.o)
 .debug_info    0x00005dc7      0x3ea ../helo_bsp/\libhal_bsp.a(alt_release_fd.o)
 .debug_info    0x000061b1      0x15b ../helo_bsp/\libhal_bsp.a(altera_nios2_qsys_irq.o)
 .debug_info    0x0000630c      0x410 ../helo_bsp/\libhal_bsp.a(alt_find_dev.o)
 .debug_info    0x0000671c      0x417 ../helo_bsp/\libhal_bsp.a(alt_find_file.o)
 .debug_info    0x00006b33      0x458 ../helo_bsp/\libhal_bsp.a(alt_get_fd.o)
 .debug_info    0x00006f8b      0x19c ../helo_bsp/\libhal_bsp.a(alt_icache_flush.o)
 .debug_info    0x00007127      0x186 c:/altera/13.0sp1/nios2eds/bin/gnu/h-i686-mingw32/bin/../lib/gcc/nios2-elf/4.1.2/../../../../nios2-elf/lib\libsmallc.a(lib_a-atexit.o)
 .debug_info    0x000072ad       0x9f c:/altera/13.0sp1/nios2eds/bin/gnu/h-i686-mingw32/bin/../lib/gcc/nios2-elf/4.1.2/../../../../nios2-elf/lib\libsmallc.a(lib_a-exit.o)
 .debug_info    0x0000734c       0xef c:/altera/13.0sp1/nios2eds/bin/gnu/h-i686-mingw32/bin/../lib/gcc/nios2-elf/4.1.2/../../../../nios2-elf/lib\libsmallc.a(lib_a-memcmp.o)
 .debug_info    0x0000743b      0x68f c:/altera/13.0sp1/nios2eds/bin/gnu/h-i686-mingw32/bin/../lib/gcc/nios2-elf/4.1.2/../../../../nios2-elf/lib\libsmallc.a(lib_a-__atexit.o)
 .debug_info    0x00007aca      0x6d5 c:/altera/13.0sp1/nios2eds/bin/gnu/h-i686-mingw32/bin/../lib/gcc/nios2-elf/4.1.2/../../../../nios2-elf/lib\libsmallc.a(lib_a-__call_atexit.o)
 .debug_info    0x0000819f      0x185 ../helo_bsp/\libhal_bsp.a(alt_exit.o)

.debug_abbrev   0x00000000     0x1de5
 *(.debug_abbrev)
 .debug_abbrev  0x00000000       0x12 ../helo_bsp//obj/HAL/src/crt0.o
 .debug_abbrev  0x00000012       0x95 obj/default/hello_world.o
 .debug_abbrev  0x000000a7      0x180 c:/altera/13.0sp1/nios2eds/bin/gnu/h-i686-mingw32/bin/../lib/gcc/nios2-elf/4.1.2/../../../../nios2-elf/lib\libsmallc.a(lib_a-puts.o)
 .debug_abbrev  0x00000227       0x7a c:/altera/13.0sp1/nios2eds/bin/gnu/h-i686-mingw32/bin/../lib/gcc/nios2-elf/4.1.2/../../../../nios2-elf/lib\libsmallc.a(lib_a-strlen.o)
 .debug_abbrev  0x000002a1      0x179 c:/altera/13.0sp1/nios2eds/bin/gnu/h-i686-mingw32/bin/../lib/gcc/nios2-elf/4.1.2/../../../../nios2-elf/lib\libsmallc.a(lib_a-fvwrite_small_dev.o)
 .debug_abbrev  0x0000041a      0x13f c:/altera/13.0sp1/nios2eds/bin/gnu/h-i686-mingw32/bin/../lib/gcc/nios2-elf/4.1.2/../../../../nios2-elf/lib\libsmallc.a(lib_a-impure.o)
 .debug_abbrev  0x00000559      0x16c c:/altera/13.0sp1/nios2eds/bin/gnu/h-i686-mingw32/bin/../lib/gcc/nios2-elf/4.1.2/../../../../nios2-elf/lib\libsmallc.a(lib_a-writer.o)
 .debug_abbrev  0x000006c5       0x3b c:/altera/13.0sp1/nios2eds/bin/gnu/h-i686-mingw32/bin/../lib/gcc/nios2-elf/4.1.2/../../../../nios2-elf/lib\libsmallc.a(lib_a-int_errno.o)
 .debug_abbrev  0x00000700       0x88 ../helo_bsp/\libhal_bsp.a(alt_load.o)
 .debug_abbrev  0x00000788       0xb7 ../helo_bsp/\libhal_bsp.a(alt_main.o)
 .debug_abbrev  0x0000083f      0x100 ../helo_bsp/\libhal_bsp.a(alt_write.o)
 .debug_abbrev  0x0000093f      0x121 ../helo_bsp/\libhal_bsp.a(alt_sys_init.o)
 .debug_abbrev  0x00000a60       0xcb ../helo_bsp/\libhal_bsp.a(altera_avalon_jtag_uart_fd.o)
 .debug_abbrev  0x00000b2b       0xb6 ../helo_bsp/\libhal_bsp.a(altera_avalon_jtag_uart_read.o)
 .debug_abbrev  0x00000be1       0xb4 ../helo_bsp/\libhal_bsp.a(altera_avalon_jtag_uart_write.o)
 .debug_abbrev  0x00000c95       0xbe ../helo_bsp/\libhal_bsp.a(altera_avalon_timer_ts.o)
 .debug_abbrev  0x00000d53       0x87 ../helo_bsp/\libhal_bsp.a(altera_avalon_timer_vars.o)
 .debug_abbrev  0x00000dda       0xfb ../helo_bsp/\libhal_bsp.a(alt_close.o)
 .debug_abbrev  0x00000ed5       0x57 ../helo_bsp/\libhal_bsp.a(alt_dcache_flush_all.o)
 .debug_abbrev  0x00000f2c       0xc7 ../helo_bsp/\libhal_bsp.a(alt_dev.o)
 .debug_abbrev  0x00000ff3       0xf6 ../helo_bsp/\libhal_bsp.a(alt_dev_llist_insert.o)
 .debug_abbrev  0x000010e9       0x76 ../helo_bsp/\libhal_bsp.a(alt_do_ctors.o)
 .debug_abbrev  0x0000115f       0x76 ../helo_bsp/\libhal_bsp.a(alt_do_dtors.o)
 .debug_abbrev  0x000011d5       0x5e ../helo_bsp/\libhal_bsp.a(alt_errno.o)
 .debug_abbrev  0x00001233       0x3f ../helo_bsp/\libhal_bsp.a(alt_icache_flush_all.o)
 .debug_abbrev  0x00001272       0xf0 ../helo_bsp/\libhal_bsp.a(alt_io_redirect.o)
 .debug_abbrev  0x00001362      0x112 ../helo_bsp/\libhal_bsp.a(alt_open.o)
 .debug_abbrev  0x00001474       0xc1 ../helo_bsp/\libhal_bsp.a(alt_release_fd.o)
 .debug_abbrev  0x00001535       0x3f ../helo_bsp/\libhal_bsp.a(altera_nios2_qsys_irq.o)
 .debug_abbrev  0x00001574       0xcf ../helo_bsp/\libhal_bsp.a(alt_find_dev.o)
 .debug_abbrev  0x00001643       0xcf ../helo_bsp/\libhal_bsp.a(alt_find_file.o)
 .debug_abbrev  0x00001712       0xfb ../helo_bsp/\libhal_bsp.a(alt_get_fd.o)
 .debug_abbrev  0x0000180d       0x7a ../helo_bsp/\libhal_bsp.a(alt_icache_flush.o)
 .debug_abbrev  0x00001887       0xc6 c:/altera/13.0sp1/nios2eds/bin/gnu/h-i686-mingw32/bin/../lib/gcc/nios2-elf/4.1.2/../../../../nios2-elf/lib\libsmallc.a(lib_a-atexit.o)
 .debug_abbrev  0x0000194d       0x4e c:/altera/13.0sp1/nios2eds/bin/gnu/h-i686-mingw32/bin/../lib/gcc/nios2-elf/4.1.2/../../../../nios2-elf/lib\libsmallc.a(lib_a-exit.o)
 .debug_abbrev  0x0000199b       0x7c c:/altera/13.0sp1/nios2eds/bin/gnu/h-i686-mingw32/bin/../lib/gcc/nios2-elf/4.1.2/../../../../nios2-elf/lib\libsmallc.a(lib_a-memcmp.o)
 .debug_abbrev  0x00001a17      0x196 c:/altera/13.0sp1/nios2eds/bin/gnu/h-i686-mingw32/bin/../lib/gcc/nios2-elf/4.1.2/../../../../nios2-elf/lib\libsmallc.a(lib_a-__atexit.o)
 .debug_abbrev  0x00001bad      0x1c6 c:/altera/13.0sp1/nios2eds/bin/gnu/h-i686-mingw32/bin/../lib/gcc/nios2-elf/4.1.2/../../../../nios2-elf/lib\libsmallc.a(lib_a-__call_atexit.o)
 .debug_abbrev  0x00001d73       0x72 ../helo_bsp/\libhal_bsp.a(alt_exit.o)

.debug_line     0x00000000     0x577f
 *(.debug_line)
 .debug_line    0x00000000       0x72 ../helo_bsp//obj/HAL/src/crt0.o
 .debug_line    0x00000072      0x23a obj/default/hello_world.o
 .debug_line    0x000002ac      0x2af c:/altera/13.0sp1/nios2eds/bin/gnu/h-i686-mingw32/bin/../lib/gcc/nios2-elf/4.1.2/../../../../nios2-elf/lib\libsmallc.a(lib_a-puts.o)
 .debug_line    0x0000055b      0x24d c:/altera/13.0sp1/nios2eds/bin/gnu/h-i686-mingw32/bin/../lib/gcc/nios2-elf/4.1.2/../../../../nios2-elf/lib\libsmallc.a(lib_a-strlen.o)
 .debug_line    0x000007a8      0x2a6 c:/altera/13.0sp1/nios2eds/bin/gnu/h-i686-mingw32/bin/../lib/gcc/nios2-elf/4.1.2/../../../../nios2-elf/lib\libsmallc.a(lib_a-fvwrite_small_dev.o)
 .debug_line    0x00000a4e      0x22d c:/altera/13.0sp1/nios2eds/bin/gnu/h-i686-mingw32/bin/../lib/gcc/nios2-elf/4.1.2/../../../../nios2-elf/lib\libsmallc.a(lib_a-impure.o)
 .debug_line    0x00000c7b      0x29a c:/altera/13.0sp1/nios2eds/bin/gnu/h-i686-mingw32/bin/../lib/gcc/nios2-elf/4.1.2/../../../../nios2-elf/lib\libsmallc.a(lib_a-writer.o)
 .debug_line    0x00000f15      0x1df c:/altera/13.0sp1/nios2eds/bin/gnu/h-i686-mingw32/bin/../lib/gcc/nios2-elf/4.1.2/../../../../nios2-elf/lib\libsmallc.a(lib_a-int_errno.o)
 .debug_line    0x000010f4      0x217 ../helo_bsp/\libhal_bsp.a(alt_load.o)
 .debug_line    0x0000130b      0x2ca ../helo_bsp/\libhal_bsp.a(alt_main.o)
 .debug_line    0x000015d5      0x2c9 ../helo_bsp/\libhal_bsp.a(alt_write.o)
 .debug_line    0x0000189e      0x2c7 ../helo_bsp/\libhal_bsp.a(alt_sys_init.o)
 .debug_line    0x00001b65      0x1d7 ../helo_bsp/\libhal_bsp.a(altera_avalon_jtag_uart_fd.o)
 .debug_line    0x00001d3c      0x343 ../helo_bsp/\libhal_bsp.a(altera_avalon_jtag_uart_read.o)
 .debug_line    0x0000207f      0x304 ../helo_bsp/\libhal_bsp.a(altera_avalon_jtag_uart_write.o)
 .debug_line    0x00002383      0x317 ../helo_bsp/\libhal_bsp.a(altera_avalon_timer_ts.o)
 .debug_line    0x0000269a      0x242 ../helo_bsp/\libhal_bsp.a(altera_avalon_timer_vars.o)
 .debug_line    0x000028dc      0x299 ../helo_bsp/\libhal_bsp.a(alt_close.o)
 .debug_line    0x00002b75      0x1cd ../helo_bsp/\libhal_bsp.a(alt_dcache_flush_all.o)
 .debug_line    0x00002d42      0x254 ../helo_bsp/\libhal_bsp.a(alt_dev.o)
 .debug_line    0x00002f96      0x25a ../helo_bsp/\libhal_bsp.a(alt_dev_llist_insert.o)
 .debug_line    0x000031f0       0x83 ../helo_bsp/\libhal_bsp.a(alt_do_ctors.o)
 .debug_line    0x00003273       0x83 ../helo_bsp/\libhal_bsp.a(alt_do_dtors.o)
 .debug_line    0x000032f6      0x1aa ../helo_bsp/\libhal_bsp.a(alt_errno.o)
 .debug_line    0x000034a0      0x1bd ../helo_bsp/\libhal_bsp.a(alt_icache_flush_all.o)
 .debug_line    0x0000365d      0x2b4 ../helo_bsp/\libhal_bsp.a(alt_io_redirect.o)
 .debug_line    0x00003911      0x2ff ../helo_bsp/\libhal_bsp.a(alt_open.o)
 .debug_line    0x00003c10       0xed ../helo_bsp/\libhal_bsp.a(alt_release_fd.o)
 .debug_line    0x00003cfd      0x1ce ../helo_bsp/\libhal_bsp.a(altera_nios2_qsys_irq.o)
 .debug_line    0x00003ecb      0x26b ../helo_bsp/\libhal_bsp.a(alt_find_dev.o)
 .debug_line    0x00004136      0x27c ../helo_bsp/\libhal_bsp.a(alt_find_file.o)
 .debug_line    0x000043b2      0x297 ../helo_bsp/\libhal_bsp.a(alt_get_fd.o)
 .debug_line    0x00004649      0x1f9 ../helo_bsp/\libhal_bsp.a(alt_icache_flush.o)
 .debug_line    0x00004842      0x200 c:/altera/13.0sp1/nios2eds/bin/gnu/h-i686-mingw32/bin/../lib/gcc/nios2-elf/4.1.2/../../../../nios2-elf/lib\libsmallc.a(lib_a-atexit.o)
 .debug_line    0x00004a42      0x220 c:/altera/13.0sp1/nios2eds/bin/gnu/h-i686-mingw32/bin/../lib/gcc/nios2-elf/4.1.2/../../../../nios2-elf/lib\libsmallc.a(lib_a-exit.o)
 .debug_line    0x00004c62      0x26d c:/altera/13.0sp1/nios2eds/bin/gnu/h-i686-mingw32/bin/../lib/gcc/nios2-elf/4.1.2/../../../../nios2-elf/lib\libsmallc.a(lib_a-memcmp.o)
 .debug_line    0x00004ecf      0x34d c:/altera/13.0sp1/nios2eds/bin/gnu/h-i686-mingw32/bin/../lib/gcc/nios2-elf/4.1.2/../../../../nios2-elf/lib\libsmallc.a(lib_a-__atexit.o)
 .debug_line    0x0000521c      0x35d c:/altera/13.0sp1/nios2eds/bin/gnu/h-i686-mingw32/bin/../lib/gcc/nios2-elf/4.1.2/../../../../nios2-elf/lib\libsmallc.a(lib_a-__call_atexit.o)
 .debug_line    0x00005579      0x206 ../helo_bsp/\libhal_bsp.a(alt_exit.o)

.debug_frame    0x00000000      0x75c
 *(.debug_frame)
 .debug_frame   0x00000000       0x2c obj/default/hello_world.o
 .debug_frame   0x0000002c       0x3c c:/altera/13.0sp1/nios2eds/bin/gnu/h-i686-mingw32/bin/../lib/gcc/nios2-elf/4.1.2/../../../../nios2-elf/lib\libsmallc.a(lib_a-puts.o)
 .debug_frame   0x00000068       0x20 c:/altera/13.0sp1/nios2eds/bin/gnu/h-i686-mingw32/bin/../lib/gcc/nios2-elf/4.1.2/../../../../nios2-elf/lib\libsmallc.a(lib_a-strlen.o)
 .debug_frame   0x00000088       0x30 c:/altera/13.0sp1/nios2eds/bin/gnu/h-i686-mingw32/bin/../lib/gcc/nios2-elf/4.1.2/../../../../nios2-elf/lib\libsmallc.a(lib_a-fvwrite_small_dev.o)
 .debug_frame   0x000000b8       0x2c c:/altera/13.0sp1/nios2eds/bin/gnu/h-i686-mingw32/bin/../lib/gcc/nios2-elf/4.1.2/../../../../nios2-elf/lib\libsmallc.a(lib_a-writer.o)
 .debug_frame   0x000000e4       0x48 ../helo_bsp/\libhal_bsp.a(alt_load.o)
 .debug_frame   0x0000012c       0x2c ../helo_bsp/\libhal_bsp.a(alt_main.o)
 .debug_frame   0x00000158       0x48 ../helo_bsp/\libhal_bsp.a(alt_write.o)
 .debug_frame   0x000001a0       0x64 ../helo_bsp/\libhal_bsp.a(alt_sys_init.o)
 .debug_frame   0x00000204       0x48 ../helo_bsp/\libhal_bsp.a(altera_avalon_jtag_uart_fd.o)
 .debug_frame   0x0000024c       0x2c ../helo_bsp/\libhal_bsp.a(altera_avalon_jtag_uart_read.o)
 .debug_frame   0x00000278       0x2c ../helo_bsp/\libhal_bsp.a(altera_avalon_jtag_uart_write.o)
 .debug_frame   0x000002a4       0x64 ../helo_bsp/\libhal_bsp.a(altera_avalon_timer_ts.o)
 .debug_frame   0x00000308       0x48 ../helo_bsp/\libhal_bsp.a(alt_close.o)
 .debug_frame   0x00000350       0x2c ../helo_bsp/\libhal_bsp.a(alt_dcache_flush_all.o)
 .debug_frame   0x0000037c       0x2c ../helo_bsp/\libhal_bsp.a(alt_dev.o)
 .debug_frame   0x000003a8       0x48 ../helo_bsp/\libhal_bsp.a(alt_dev_llist_insert.o)
 .debug_frame   0x000003f0       0x2c ../helo_bsp/\libhal_bsp.a(alt_do_ctors.o)
 .debug_frame   0x0000041c       0x2c ../helo_bsp/\libhal_bsp.a(alt_do_dtors.o)
 .debug_frame   0x00000448       0x2c ../helo_bsp/\libhal_bsp.a(alt_icache_flush_all.o)
 .debug_frame   0x00000474       0x48 ../helo_bsp/\libhal_bsp.a(alt_io_redirect.o)
 .debug_frame   0x000004bc       0x64 ../helo_bsp/\libhal_bsp.a(alt_open.o)
 .debug_frame   0x00000520       0x2c ../helo_bsp/\libhal_bsp.a(alt_release_fd.o)
 .debug_frame   0x0000054c       0x2c ../helo_bsp/\libhal_bsp.a(altera_nios2_qsys_irq.o)
 .debug_frame   0x00000578       0x2c ../helo_bsp/\libhal_bsp.a(alt_find_dev.o)
 .debug_frame   0x000005a4       0x2c ../helo_bsp/\libhal_bsp.a(alt_find_file.o)
 .debug_frame   0x000005d0       0x2c ../helo_bsp/\libhal_bsp.a(alt_get_fd.o)
 .debug_frame   0x000005fc       0x2c ../helo_bsp/\libhal_bsp.a(alt_icache_flush.o)
 .debug_frame   0x00000628       0x20 c:/altera/13.0sp1/nios2eds/bin/gnu/h-i686-mingw32/bin/../lib/gcc/nios2-elf/4.1.2/../../../../nios2-elf/lib\libsmallc.a(lib_a-atexit.o)
 .debug_frame   0x00000648       0x2c c:/altera/13.0sp1/nios2eds/bin/gnu/h-i686-mingw32/bin/../lib/gcc/nios2-elf/4.1.2/../../../../nios2-elf/lib\libsmallc.a(lib_a-exit.o)
 .debug_frame   0x00000674       0x20 c:/altera/13.0sp1/nios2eds/bin/gnu/h-i686-mingw32/bin/../lib/gcc/nios2-elf/4.1.2/../../../../nios2-elf/lib\libsmallc.a(lib_a-memcmp.o)
 .debug_frame   0x00000694       0x34 c:/altera/13.0sp1/nios2eds/bin/gnu/h-i686-mingw32/bin/../lib/gcc/nios2-elf/4.1.2/../../../../nios2-elf/lib\libsmallc.a(lib_a-__atexit.o)
 .debug_frame   0x000006c8       0x4c c:/altera/13.0sp1/nios2eds/bin/gnu/h-i686-mingw32/bin/../lib/gcc/nios2-elf/4.1.2/../../../../nios2-elf/lib\libsmallc.a(lib_a-__call_atexit.o)
 .debug_frame   0x00000714       0x48 ../helo_bsp/\libhal_bsp.a(alt_exit.o)

.debug_str      0x00000000      0xa5d
 *(.debug_str)
 .debug_str     0x00000000       0x12 obj/default/hello_world.o
 .debug_str     0x00000012      0x3e3 c:/altera/13.0sp1/nios2eds/bin/gnu/h-i686-mingw32/bin/../lib/gcc/nios2-elf/4.1.2/../../../../nios2-elf/lib\libsmallc.a(lib_a-puts.o)
                                0x442 (size before relaxing)
 .debug_str     0x000003f5       0xd4 c:/altera/13.0sp1/nios2eds/bin/gnu/h-i686-mingw32/bin/../lib/gcc/nios2-elf/4.1.2/../../../../nios2-elf/lib\libsmallc.a(lib_a-strlen.o)
                                0x176 (size before relaxing)
 .debug_str     0x000004c9       0x6d c:/altera/13.0sp1/nios2eds/bin/gnu/h-i686-mingw32/bin/../lib/gcc/nios2-elf/4.1.2/../../../../nios2-elf/lib\libsmallc.a(lib_a-fvwrite_small_dev.o)
                                0x45c (size before relaxing)
 .debug_str     0x00000536       0xea c:/altera/13.0sp1/nios2eds/bin/gnu/h-i686-mingw32/bin/../lib/gcc/nios2-elf/4.1.2/../../../../nios2-elf/lib\libsmallc.a(lib_a-impure.o)
                                0x44f (size before relaxing)
 .debug_str     0x00000620       0x4c c:/altera/13.0sp1/nios2eds/bin/gnu/h-i686-mingw32/bin/../lib/gcc/nios2-elf/4.1.2/../../../../nios2-elf/lib\libsmallc.a(lib_a-writer.o)
                                0x443 (size before relaxing)
 .debug_str     0x0000066c       0x3d c:/altera/13.0sp1/nios2eds/bin/gnu/h-i686-mingw32/bin/../lib/gcc/nios2-elf/4.1.2/../../../../nios2-elf/lib\libsmallc.a(lib_a-int_errno.o)
                                0x169 (size before relaxing)
 .debug_str     0x000006a9       0x12 ../helo_bsp/\libhal_bsp.a(alt_load.o)
 .debug_str     0x000006bb       0x12 ../helo_bsp/\libhal_bsp.a(alt_main.o)
 .debug_str     0x000006cd       0x12 ../helo_bsp/\libhal_bsp.a(alt_write.o)
 .debug_str     0x000006df       0x12 ../helo_bsp/\libhal_bsp.a(alt_sys_init.o)
 .debug_str     0x000006f1       0x12 ../helo_bsp/\libhal_bsp.a(altera_avalon_jtag_uart_read.o)
 .debug_str     0x00000703       0x12 ../helo_bsp/\libhal_bsp.a(altera_avalon_jtag_uart_write.o)
 .debug_str     0x00000715       0x12 ../helo_bsp/\libhal_bsp.a(altera_avalon_timer_ts.o)
 .debug_str     0x00000727       0x12 ../helo_bsp/\libhal_bsp.a(altera_avalon_timer_vars.o)
 .debug_str     0x00000739       0x12 ../helo_bsp/\libhal_bsp.a(alt_close.o)
 .debug_str     0x0000074b       0x12 ../helo_bsp/\libhal_bsp.a(alt_dcache_flush_all.o)
 .debug_str     0x0000075d       0x12 ../helo_bsp/\libhal_bsp.a(alt_dev.o)
 .debug_str     0x0000076f       0x12 ../helo_bsp/\libhal_bsp.a(alt_dev_llist_insert.o)
 .debug_str     0x00000781       0x12 ../helo_bsp/\libhal_bsp.a(alt_errno.o)
 .debug_str     0x00000793       0x12 ../helo_bsp/\libhal_bsp.a(alt_icache_flush_all.o)
 .debug_str     0x000007a5       0x12 ../helo_bsp/\libhal_bsp.a(alt_io_redirect.o)
 .debug_str     0x000007b7       0x12 ../helo_bsp/\libhal_bsp.a(alt_open.o)
 .debug_str     0x000007c9       0x12 ../helo_bsp/\libhal_bsp.a(altera_nios2_qsys_irq.o)
 .debug_str     0x000007db       0x12 ../helo_bsp/\libhal_bsp.a(alt_find_dev.o)
 .debug_str     0x000007ed       0x12 ../helo_bsp/\libhal_bsp.a(alt_find_file.o)
 .debug_str     0x000007ff       0x12 ../helo_bsp/\libhal_bsp.a(alt_get_fd.o)
 .debug_str     0x00000811       0x12 ../helo_bsp/\libhal_bsp.a(alt_icache_flush.o)
 .debug_str     0x00000823       0xcd c:/altera/13.0sp1/nios2eds/bin/gnu/h-i686-mingw32/bin/../lib/gcc/nios2-elf/4.1.2/../../../../nios2-elf/lib\libsmallc.a(lib_a-atexit.o)
                                0x1d7 (size before relaxing)
 .debug_str     0x000008f0       0x3e c:/altera/13.0sp1/nios2eds/bin/gnu/h-i686-mingw32/bin/../lib/gcc/nios2-elf/4.1.2/../../../../nios2-elf/lib\libsmallc.a(lib_a-exit.o)
                                0x16a (size before relaxing)
 .debug_str     0x0000092e       0x42 c:/altera/13.0sp1/nios2eds/bin/gnu/h-i686-mingw32/bin/../lib/gcc/nios2-elf/4.1.2/../../../../nios2-elf/lib\libsmallc.a(lib_a-memcmp.o)
                                0x170 (size before relaxing)
 .debug_str     0x00000970       0x56 c:/altera/13.0sp1/nios2eds/bin/gnu/h-i686-mingw32/bin/../lib/gcc/nios2-elf/4.1.2/../../../../nios2-elf/lib\libsmallc.a(lib_a-__atexit.o)
                                0x459 (size before relaxing)
 .debug_str     0x000009c6       0x7b c:/altera/13.0sp1/nios2eds/bin/gnu/h-i686-mingw32/bin/../lib/gcc/nios2-elf/4.1.2/../../../../nios2-elf/lib\libsmallc.a(lib_a-__call_atexit.o)
                                0x483 (size before relaxing)
 .debug_str     0x00000a41       0x1c ../helo_bsp/\libhal_bsp.a(alt_exit.o)

.debug_loc      0x00000000      0xce8
 *(.debug_loc)
 .debug_loc     0x00000000       0x2b obj/default/hello_world.o
 .debug_loc     0x0000002b       0xa2 c:/altera/13.0sp1/nios2eds/bin/gnu/h-i686-mingw32/bin/../lib/gcc/nios2-elf/4.1.2/../../../../nios2-elf/lib\libsmallc.a(lib_a-puts.o)
 .debug_loc     0x000000cd       0x1e c:/altera/13.0sp1/nios2eds/bin/gnu/h-i686-mingw32/bin/../lib/gcc/nios2-elf/4.1.2/../../../../nios2-elf/lib\libsmallc.a(lib_a-strlen.o)
 .debug_loc     0x000000eb      0x162 c:/altera/13.0sp1/nios2eds/bin/gnu/h-i686-mingw32/bin/../lib/gcc/nios2-elf/4.1.2/../../../../nios2-elf/lib\libsmallc.a(lib_a-fvwrite_small_dev.o)
 .debug_loc     0x0000024d       0x97 c:/altera/13.0sp1/nios2eds/bin/gnu/h-i686-mingw32/bin/../lib/gcc/nios2-elf/4.1.2/../../../../nios2-elf/lib\libsmallc.a(lib_a-writer.o)
 .debug_loc     0x000002e4       0x56 ../helo_bsp/\libhal_bsp.a(alt_load.o)
 .debug_loc     0x0000033a       0x2b ../helo_bsp/\libhal_bsp.a(alt_main.o)
 .debug_loc     0x00000365       0x56 ../helo_bsp/\libhal_bsp.a(alt_write.o)
 .debug_loc     0x000003bb       0x81 ../helo_bsp/\libhal_bsp.a(alt_sys_init.o)
 .debug_loc     0x0000043c       0x56 ../helo_bsp/\libhal_bsp.a(altera_avalon_jtag_uart_fd.o)
 .debug_loc     0x00000492       0x2b ../helo_bsp/\libhal_bsp.a(altera_avalon_jtag_uart_read.o)
 .debug_loc     0x000004bd       0x2b ../helo_bsp/\libhal_bsp.a(altera_avalon_jtag_uart_write.o)
 .debug_loc     0x000004e8       0x81 ../helo_bsp/\libhal_bsp.a(altera_avalon_timer_ts.o)
 .debug_loc     0x00000569       0x56 ../helo_bsp/\libhal_bsp.a(alt_close.o)
 .debug_loc     0x000005bf       0x2b ../helo_bsp/\libhal_bsp.a(alt_dcache_flush_all.o)
 .debug_loc     0x000005ea       0x2b ../helo_bsp/\libhal_bsp.a(alt_dev.o)
 .debug_loc     0x00000615       0x56 ../helo_bsp/\libhal_bsp.a(alt_dev_llist_insert.o)
 .debug_loc     0x0000066b       0x2b ../helo_bsp/\libhal_bsp.a(alt_do_ctors.o)
 .debug_loc     0x00000696       0x2b ../helo_bsp/\libhal_bsp.a(alt_do_dtors.o)
 .debug_loc     0x000006c1       0x2b ../helo_bsp/\libhal_bsp.a(alt_icache_flush_all.o)
 .debug_loc     0x000006ec       0x56 ../helo_bsp/\libhal_bsp.a(alt_io_redirect.o)
 .debug_loc     0x00000742       0x81 ../helo_bsp/\libhal_bsp.a(alt_open.o)
 .debug_loc     0x000007c3       0x2b ../helo_bsp/\libhal_bsp.a(alt_release_fd.o)
 .debug_loc     0x000007ee       0x2b ../helo_bsp/\libhal_bsp.a(altera_nios2_qsys_irq.o)
 .debug_loc     0x00000819       0x2b ../helo_bsp/\libhal_bsp.a(alt_find_dev.o)
 .debug_loc     0x00000844       0x2b ../helo_bsp/\libhal_bsp.a(alt_find_file.o)
 .debug_loc     0x0000086f       0x2b ../helo_bsp/\libhal_bsp.a(alt_get_fd.o)
 .debug_loc     0x0000089a       0x2b ../helo_bsp/\libhal_bsp.a(alt_icache_flush.o)
 .debug_loc     0x000008c5       0x1e c:/altera/13.0sp1/nios2eds/bin/gnu/h-i686-mingw32/bin/../lib/gcc/nios2-elf/4.1.2/../../../../nios2-elf/lib\libsmallc.a(lib_a-atexit.o)
 .debug_loc     0x000008e3       0x3d c:/altera/13.0sp1/nios2eds/bin/gnu/h-i686-mingw32/bin/../lib/gcc/nios2-elf/4.1.2/../../../../nios2-elf/lib\libsmallc.a(lib_a-exit.o)
 .debug_loc     0x00000920       0x70 c:/altera/13.0sp1/nios2eds/bin/gnu/h-i686-mingw32/bin/../lib/gcc/nios2-elf/4.1.2/../../../../nios2-elf/lib\libsmallc.a(lib_a-memcmp.o)
 .debug_loc     0x00000990      0x141 c:/altera/13.0sp1/nios2eds/bin/gnu/h-i686-mingw32/bin/../lib/gcc/nios2-elf/4.1.2/../../../../nios2-elf/lib\libsmallc.a(lib_a-__atexit.o)
 .debug_loc     0x00000ad1      0x1c1 c:/altera/13.0sp1/nios2eds/bin/gnu/h-i686-mingw32/bin/../lib/gcc/nios2-elf/4.1.2/../../../../nios2-elf/lib\libsmallc.a(lib_a-__call_atexit.o)
 .debug_loc     0x00000c92       0x56 ../helo_bsp/\libhal_bsp.a(alt_exit.o)

.debug_macinfo
 *(.debug_macinfo)

.debug_weaknames
 *(.debug_weaknames)

.debug_funcnames
 *(.debug_funcnames)

.debug_typenames
 *(.debug_typenames)

.debug_varnames
 *(.debug_varnames)

.debug_alt_sim_info
                0x00000000       0x30
 *(.debug_alt_sim_info)
 .debug_alt_sim_info
                0x00000000       0x30 ../helo_bsp//obj/HAL/src/crt0.o
                0x04800000                __alt_data_end = 0x4800000
                0x04800000                PROVIDE (__alt_stack_pointer, __alt_data_end)
                0x04001fd8                PROVIDE (__alt_stack_limit, __alt_stack_base)
                0x04001fd8                PROVIDE (__alt_heap_start, end)
                0x04800000                PROVIDE (__alt_heap_limit, 0x4800000)
OUTPUT(helo.elf elf32-littlenios2)

.debug_ranges   0x00000000       0x38
 .debug_ranges  0x00000000       0x20 ../helo_bsp//obj/HAL/src/crt0.o
 .debug_ranges  0x00000020       0x18 c:/altera/13.0sp1/nios2eds/bin/gnu/h-i686-mingw32/bin/../lib/gcc/nios2-elf/4.1.2/../../../../nios2-elf/lib\libsmallc.a(lib_a-__call_atexit.o)
