Archive member included because of file (symbol)

c:/altera/13.0sp1/nios2eds/bin/gnu/h-i686-mingw32/bin/../lib/gcc/nios2-elf/4.1.2/mno-hw-mul\libgcc.a(lib2-mul.o)
                              obj/default/hello_world.o (__mulsi3)
c:/altera/13.0sp1/nios2eds/bin/gnu/h-i686-mingw32/bin/../lib/gcc/nios2-elf/4.1.2/../../../../nios2-elf/lib/mno-hw-mul\libsmallc.a(lib_a-printf.o)
                              obj/default/hello_world.o (printf)
c:/altera/13.0sp1/nios2eds/bin/gnu/h-i686-mingw32/bin/../lib/gcc/nios2-elf/4.1.2/../../../../nios2-elf/lib/mno-hw-mul\libsmallc.a(lib_a-puts.o)
                              obj/default/hello_world.o (puts)
c:/altera/13.0sp1/nios2eds/bin/gnu/h-i686-mingw32/bin/../lib/gcc/nios2-elf/4.1.2/../../../../nios2-elf/lib/mno-hw-mul\libsmallc.a(lib_a-strlen.o)
                              c:/altera/13.0sp1/nios2eds/bin/gnu/h-i686-mingw32/bin/../lib/gcc/nios2-elf/4.1.2/../../../../nios2-elf/lib/mno-hw-mul\libsmallc.a(lib_a-puts.o) (strlen)
c:/altera/13.0sp1/nios2eds/bin/gnu/h-i686-mingw32/bin/../lib/gcc/nios2-elf/4.1.2/../../../../nios2-elf/lib/mno-hw-mul\libsmallc.a(lib_a-vfprintf.o)
                              c:/altera/13.0sp1/nios2eds/bin/gnu/h-i686-mingw32/bin/../lib/gcc/nios2-elf/4.1.2/../../../../nios2-elf/lib/mno-hw-mul\libsmallc.a(lib_a-printf.o) (___vfprintf_internal_r)
c:/altera/13.0sp1/nios2eds/bin/gnu/h-i686-mingw32/bin/../lib/gcc/nios2-elf/4.1.2/../../../../nios2-elf/lib/mno-hw-mul\libsmallc.a(lib_a-fvwrite_small_dev.o)
                              c:/altera/13.0sp1/nios2eds/bin/gnu/h-i686-mingw32/bin/../lib/gcc/nios2-elf/4.1.2/../../../../nios2-elf/lib/mno-hw-mul\libsmallc.a(lib_a-printf.o) (__sfvwrite_small_dev)
c:/altera/13.0sp1/nios2eds/bin/gnu/h-i686-mingw32/bin/../lib/gcc/nios2-elf/4.1.2/../../../../nios2-elf/lib/mno-hw-mul\libsmallc.a(lib_a-impure.o)
                              c:/altera/13.0sp1/nios2eds/bin/gnu/h-i686-mingw32/bin/../lib/gcc/nios2-elf/4.1.2/../../../../nios2-elf/lib/mno-hw-mul\libsmallc.a(lib_a-printf.o) (_impure_ptr)
c:/altera/13.0sp1/nios2eds/bin/gnu/h-i686-mingw32/bin/../lib/gcc/nios2-elf/4.1.2/../../../../nios2-elf/lib/mno-hw-mul\libsmallc.a(lib_a-writer.o)
                              c:/altera/13.0sp1/nios2eds/bin/gnu/h-i686-mingw32/bin/../lib/gcc/nios2-elf/4.1.2/../../../../nios2-elf/lib/mno-hw-mul\libsmallc.a(lib_a-fvwrite_small_dev.o) (_write_r)
c:/altera/13.0sp1/nios2eds/bin/gnu/h-i686-mingw32/bin/../lib/gcc/nios2-elf/4.1.2/../../../../nios2-elf/lib/mno-hw-mul\libsmallc.a(lib_a-int_errno.o)
                              c:/altera/13.0sp1/nios2eds/bin/gnu/h-i686-mingw32/bin/../lib/gcc/nios2-elf/4.1.2/../../../../nios2-elf/lib/mno-hw-mul\libsmallc.a(lib_a-writer.o) (errno)
c:/altera/13.0sp1/nios2eds/bin/gnu/h-i686-mingw32/bin/../lib/gcc/nios2-elf/4.1.2/mno-hw-mul\libgcc.a(lib2-divmod.o)
                              c:/altera/13.0sp1/nios2eds/bin/gnu/h-i686-mingw32/bin/../lib/gcc/nios2-elf/4.1.2/../../../../nios2-elf/lib/mno-hw-mul\libsmallc.a(lib_a-vfprintf.o) (__udivsi3)
../helo_bsp/\libhal_bsp.a(alt_load.o)
                              ../helo_bsp//obj/HAL/src/crt0.o (alt_load)
../helo_bsp/\libhal_bsp.a(alt_main.o)
                              ../helo_bsp//obj/HAL/src/crt0.o (alt_main)
../helo_bsp/\libhal_bsp.a(alt_write.o)
                              c:/altera/13.0sp1/nios2eds/bin/gnu/h-i686-mingw32/bin/../lib/gcc/nios2-elf/4.1.2/../../../../nios2-elf/lib/mno-hw-mul\libsmallc.a(lib_a-writer.o) (write)
../helo_bsp/\libhal_bsp.a(alt_sys_init.o)
                              ../helo_bsp/\libhal_bsp.a(alt_main.o) (alt_irq_init)
../helo_bsp/\libhal_bsp.a(altera_avalon_jtag_uart_fd.o)
                              ../helo_bsp/\libhal_bsp.a(alt_sys_init.o) (altera_avalon_jtag_uart_read_fd)
../helo_bsp/\libhal_bsp.a(altera_avalon_jtag_uart_read.o)
                              ../helo_bsp/\libhal_bsp.a(altera_avalon_jtag_uart_fd.o) (altera_avalon_jtag_uart_read)
../helo_bsp/\libhal_bsp.a(altera_avalon_jtag_uart_write.o)
                              ../helo_bsp/\libhal_bsp.a(altera_avalon_jtag_uart_fd.o) (altera_avalon_jtag_uart_write)
../helo_bsp/\libhal_bsp.a(alt_close.o)
                              ../helo_bsp/\libhal_bsp.a(alt_main.o) (close)
../helo_bsp/\libhal_bsp.a(alt_dcache_flush_all.o)
                              ../helo_bsp/\libhal_bsp.a(alt_load.o) (alt_dcache_flush_all)
../helo_bsp/\libhal_bsp.a(alt_dev.o)
                              ../helo_bsp/\libhal_bsp.a(alt_sys_init.o) (alt_dev_list)
../helo_bsp/\libhal_bsp.a(alt_dev_llist_insert.o)
                              ../helo_bsp/\libhal_bsp.a(alt_sys_init.o) (alt_dev_llist_insert)
../helo_bsp/\libhal_bsp.a(alt_do_ctors.o)
                              ../helo_bsp/\libhal_bsp.a(alt_main.o) (_do_ctors)
../helo_bsp/\libhal_bsp.a(alt_do_dtors.o)
                              ../helo_bsp/\libhal_bsp.a(alt_main.o) (_do_dtors)
../helo_bsp/\libhal_bsp.a(alt_errno.o)
                              ../helo_bsp/\libhal_bsp.a(alt_write.o) (alt_errno)
../helo_bsp/\libhal_bsp.a(alt_icache_flush_all.o)
                              ../helo_bsp/\libhal_bsp.a(alt_load.o) (alt_icache_flush_all)
../helo_bsp/\libhal_bsp.a(alt_io_redirect.o)
                              ../helo_bsp/\libhal_bsp.a(alt_main.o) (alt_io_redirect)
../helo_bsp/\libhal_bsp.a(alt_open.o)
                              ../helo_bsp/\libhal_bsp.a(alt_io_redirect.o) (open)
../helo_bsp/\libhal_bsp.a(alt_release_fd.o)
                              ../helo_bsp/\libhal_bsp.a(alt_close.o) (alt_release_fd)
../helo_bsp/\libhal_bsp.a(altera_nios2_qsys_irq.o)
                              ../helo_bsp/\libhal_bsp.a(alt_sys_init.o) (altera_nios2_qsys_irq_init)
../helo_bsp/\libhal_bsp.a(alt_find_dev.o)
                              ../helo_bsp/\libhal_bsp.a(alt_open.o) (alt_find_dev)
../helo_bsp/\libhal_bsp.a(alt_find_file.o)
                              ../helo_bsp/\libhal_bsp.a(alt_open.o) (alt_find_file)
../helo_bsp/\libhal_bsp.a(alt_get_fd.o)
                              ../helo_bsp/\libhal_bsp.a(alt_open.o) (alt_get_fd)
c:/altera/13.0sp1/nios2eds/bin/gnu/h-i686-mingw32/bin/../lib/gcc/nios2-elf/4.1.2/../../../../nios2-elf/lib/mno-hw-mul\libsmallc.a(lib_a-atexit.o)
                              ../helo_bsp/\libhal_bsp.a(alt_main.o) (atexit)
c:/altera/13.0sp1/nios2eds/bin/gnu/h-i686-mingw32/bin/../lib/gcc/nios2-elf/4.1.2/../../../../nios2-elf/lib/mno-hw-mul\libsmallc.a(lib_a-exit.o)
                              ../helo_bsp/\libhal_bsp.a(alt_main.o) (exit)
c:/altera/13.0sp1/nios2eds/bin/gnu/h-i686-mingw32/bin/../lib/gcc/nios2-elf/4.1.2/../../../../nios2-elf/lib/mno-hw-mul\libsmallc.a(lib_a-memcmp.o)
                              ../helo_bsp/\libhal_bsp.a(alt_find_dev.o) (memcmp)
c:/altera/13.0sp1/nios2eds/bin/gnu/h-i686-mingw32/bin/../lib/gcc/nios2-elf/4.1.2/../../../../nios2-elf/lib/mno-hw-mul\libsmallc.a(lib_a-__atexit.o)
                              c:/altera/13.0sp1/nios2eds/bin/gnu/h-i686-mingw32/bin/../lib/gcc/nios2-elf/4.1.2/../../../../nios2-elf/lib/mno-hw-mul\libsmallc.a(lib_a-atexit.o) (__register_exitproc)
c:/altera/13.0sp1/nios2eds/bin/gnu/h-i686-mingw32/bin/../lib/gcc/nios2-elf/4.1.2/../../../../nios2-elf/lib/mno-hw-mul\libsmallc.a(lib_a-__call_atexit.o)
                              c:/altera/13.0sp1/nios2eds/bin/gnu/h-i686-mingw32/bin/../lib/gcc/nios2-elf/4.1.2/../../../../nios2-elf/lib/mno-hw-mul\libsmallc.a(lib_a-exit.o) (__call_exitprocs)
../helo_bsp/\libhal_bsp.a(alt_exit.o)
                              c:/altera/13.0sp1/nios2eds/bin/gnu/h-i686-mingw32/bin/../lib/gcc/nios2-elf/4.1.2/../../../../nios2-elf/lib/mno-hw-mul\libsmallc.a(lib_a-exit.o) (_exit)

Allocating common symbols
Common symbol       size              file

errno               0x4               c:/altera/13.0sp1/nios2eds/bin/gnu/h-i686-mingw32/bin/../lib/gcc/nios2-elf/4.1.2/../../../../nios2-elf/lib/mno-hw-mul\libsmallc.a(lib_a-int_errno.o)
_atexit0            0x8c              c:/altera/13.0sp1/nios2eds/bin/gnu/h-i686-mingw32/bin/../lib/gcc/nios2-elf/4.1.2/../../../../nios2-elf/lib/mno-hw-mul\libsmallc.a(lib_a-atexit.o)

Memory Configuration

Name             Origin             Length             Attributes
SDRAM_CONTROLLER 0x04000000         0x00800000
SSRAM_CONTROLLER 0x08080000         0x00080000
reset            0x08104000         0x00000020
ONCHIP           0x08104020         0x00003fe0
*default*        0x00000000         0xffffffff

Linker script and memory map

LOAD ../helo_bsp//obj/HAL/src/crt0.o
LOAD obj/default/hello_world.o
LOAD c:/altera/13.0sp1/nios2eds/bin/gnu/h-i686-mingw32/bin/../lib/gcc/nios2-elf/4.1.2/../../../../nios2-elf/lib/mno-hw-mul\libstdc++.a
LOAD c:/altera/13.0sp1/nios2eds/bin/gnu/h-i686-mingw32/bin/../lib/gcc/nios2-elf/4.1.2/../../../../nios2-elf/lib/mno-hw-mul\libm.a
LOAD c:/altera/13.0sp1/nios2eds/bin/gnu/h-i686-mingw32/bin/../lib/gcc/nios2-elf/4.1.2/mno-hw-mul\libgcc.a
START GROUP
LOAD c:/altera/13.0sp1/nios2eds/bin/gnu/h-i686-mingw32/bin/../lib/gcc/nios2-elf/4.1.2/../../../../nios2-elf/lib/mno-hw-mul\libsmallc.a
LOAD c:/altera/13.0sp1/nios2eds/bin/gnu/h-i686-mingw32/bin/../lib/gcc/nios2-elf/4.1.2/mno-hw-mul\libgcc.a
LOAD ../helo_bsp/\libhal_bsp.a
END GROUP
LOAD c:/altera/13.0sp1/nios2eds/bin/gnu/h-i686-mingw32/bin/../lib/gcc/nios2-elf/4.1.2/mno-hw-mul\libgcc.a
                0x04000000                __alt_mem_SDRAM_CONTROLLER = 0x4000000
                0x08080000                __alt_mem_SSRAM_CONTROLLER = 0x8080000
                0x08104000                __alt_mem_ONCHIP = 0x8104000

.entry          0x08104000       0x20
 *(.entry)
 .entry         0x08104000       0x20 ../helo_bsp//obj/HAL/src/crt0.o
                0x08104000                __reset

.exceptions     0x08104020        0x0
                0x08104020                PROVIDE (__ram_exceptions_start, ABSOLUTE (.))
                0x08104020                . = ALIGN (0x20)
 *(.irq)
 *(.exceptions.entry.label)
 *(.exceptions.entry.user)
 *(.exceptions.entry)
 *(.exceptions.irqtest.user)
 *(.exceptions.irqtest)
 *(.exceptions.irqhandler.user)
 *(.exceptions.irqhandler)
 *(.exceptions.irqreturn.user)
 *(.exceptions.irqreturn)
 *(.exceptions.notirq.label)
 *(.exceptions.notirq.user)
 *(.exceptions.notirq)
 *(.exceptions.soft.user)
 *(.exceptions.soft)
 *(.exceptions.unknown.user)
 *(.exceptions.unknown)
 *(.exceptions.exit.label)
 *(.exceptions.exit.user)
 *(.exceptions.exit)
 *(.exceptions)
                0x08104020                PROVIDE (__ram_exceptions_end, ABSOLUTE (.))
                0x08104020                PROVIDE (__flash_exceptions_start, LOADADDR (.exceptions))

.text           0x08104020     0x2508
                0x08104020                PROVIDE (stext, ABSOLUTE (.))
 *(.interp)
 *(.hash)
 *(.dynsym)
 *(.dynstr)
 *(.gnu.version)
 *(.gnu.version_d)
 *(.gnu.version_r)
 *(.rel.init)
 *(.rela.init)
 *(.rel.text .rel.text.* .rel.gnu.linkonce.t.*)
 *(.rela.text .rela.text.* .rela.gnu.linkonce.t.*)
 *(.rel.fini)
 *(.rela.fini)
 *(.rel.rodata .rel.rodata.* .rel.gnu.linkonce.r.*)
 *(.rela.rodata .rela.rodata.* .rela.gnu.linkonce.r.*)
 *(.rel.data .rel.data.* .rel.gnu.linkonce.d.*)
 *(.rela.data .rela.data.* .rela.gnu.linkonce.d.*)
 *(.rel.tdata .rel.tdata.* .rel.gnu.linkonce.td.*)
 *(.rela.tdata .rela.tdata.* .rela.gnu.linkonce.td.*)
 *(.rel.tbss .rel.tbss.* .rel.gnu.linkonce.tb.*)
 *(.rela.tbss .rela.tbss.* .rela.gnu.linkonce.tb.*)
 *(.rel.ctors)
 *(.rela.ctors)
 *(.rel.dtors)
 *(.rela.dtors)
 *(.rel.got)
 *(.rela.got)
 *(.rel.sdata .rel.sdata.* .rel.gnu.linkonce.s.*)
 *(.rela.sdata .rela.sdata.* .rela.gnu.linkonce.s.*)
 *(.rel.sbss .rel.sbss.* .rel.gnu.linkonce.sb.*)
 *(.rela.sbss .rela.sbss.* .rela.gnu.linkonce.sb.*)
 *(.rel.sdata2 .rel.sdata2.* .rel.gnu.linkonce.s2.*)
 *(.rela.sdata2 .rela.sdata2.* .rela.gnu.linkonce.s2.*)
 *(.rel.sbss2 .rel.sbss2.* .rel.gnu.linkonce.sb2.*)
 *(.rela.sbss2 .rela.sbss2.* .rela.gnu.linkonce.sb2.*)
 *(.rel.bss .rel.bss.* .rel.gnu.linkonce.b.*)
 *(.rela.bss .rela.bss.* .rela.gnu.linkonce.b.*)
 *(.rel.plt)
 *(.rela.plt)
 *(.rel.dyn)
 *(.init)
 *(.plt)
 *(.text .stub .text.* .gnu.linkonce.t.*)
 .text          0x08104020       0x3c ../helo_bsp//obj/HAL/src/crt0.o
                0x08104020                _start
 .text          0x0810405c      0x4b8 obj/default/hello_world.o
                0x0810405c                sqrt_sw
                0x08104118                snap_start
                0x0810417c                snap_stop
                0x081041a4                snap_timer
                0x081041ec                main
 .text          0x08104514       0x38 c:/altera/13.0sp1/nios2eds/bin/gnu/h-i686-mingw32/bin/../lib/gcc/nios2-elf/4.1.2/mno-hw-mul\libgcc.a(lib2-mul.o)
                0x08104514                __mulsi3
 .text          0x0810454c       0x98 c:/altera/13.0sp1/nios2eds/bin/gnu/h-i686-mingw32/bin/../lib/gcc/nios2-elf/4.1.2/../../../../nios2-elf/lib/mno-hw-mul\libsmallc.a(lib_a-printf.o)
                0x0810454c                printf
                0x081045a0                _printf_r
 .text          0x081045e4       0xa4 c:/altera/13.0sp1/nios2eds/bin/gnu/h-i686-mingw32/bin/../lib/gcc/nios2-elf/4.1.2/../../../../nios2-elf/lib/mno-hw-mul\libsmallc.a(lib_a-puts.o)
                0x081045e4                _puts_r
                0x08104674                puts
 .text          0x08104688       0x20 c:/altera/13.0sp1/nios2eds/bin/gnu/h-i686-mingw32/bin/../lib/gcc/nios2-elf/4.1.2/../../../../nios2-elf/lib/mno-hw-mul\libsmallc.a(lib_a-strlen.o)
                0x08104688                strlen
 .text          0x081046a8      0x740 c:/altera/13.0sp1/nios2eds/bin/gnu/h-i686-mingw32/bin/../lib/gcc/nios2-elf/4.1.2/../../../../nios2-elf/lib/mno-hw-mul\libsmallc.a(lib_a-vfprintf.o)
                0x08104728                ___vfprintf_internal_r
                0x08104dc4                __vfprintf_internal
 .text          0x08104de8       0xbc c:/altera/13.0sp1/nios2eds/bin/gnu/h-i686-mingw32/bin/../lib/gcc/nios2-elf/4.1.2/../../../../nios2-elf/lib/mno-hw-mul\libsmallc.a(lib_a-fvwrite_small_dev.o)
                0x08104de8                __sfvwrite_small_dev
 .text          0x08104ea4        0x0 c:/altera/13.0sp1/nios2eds/bin/gnu/h-i686-mingw32/bin/../lib/gcc/nios2-elf/4.1.2/../../../../nios2-elf/lib/mno-hw-mul\libsmallc.a(lib_a-impure.o)
 .text          0x08104ea4       0x78 c:/altera/13.0sp1/nios2eds/bin/gnu/h-i686-mingw32/bin/../lib/gcc/nios2-elf/4.1.2/../../../../nios2-elf/lib/mno-hw-mul\libsmallc.a(lib_a-writer.o)
                0x08104ea4                _write_r
 .text          0x08104f1c        0x0 c:/altera/13.0sp1/nios2eds/bin/gnu/h-i686-mingw32/bin/../lib/gcc/nios2-elf/4.1.2/../../../../nios2-elf/lib/mno-hw-mul\libsmallc.a(lib_a-int_errno.o)
 .text          0x08104f1c      0x14c c:/altera/13.0sp1/nios2eds/bin/gnu/h-i686-mingw32/bin/../lib/gcc/nios2-elf/4.1.2/mno-hw-mul\libgcc.a(lib2-divmod.o)
                0x08104f98                __divsi3
                0x08104ff8                __modsi3
                0x08105058                __udivsi3
                0x08105060                __umodsi3
 .text          0x08105068       0xec ../helo_bsp/\libhal_bsp.a(alt_load.o)
                0x08105068                alt_load
 .text          0x08105154       0x6c ../helo_bsp/\libhal_bsp.a(alt_main.o)
                0x08105154                alt_main
 .text          0x081051c0      0x184 ../helo_bsp/\libhal_bsp.a(alt_write.o)
                0x081051c0                write
 .text          0x08105344       0x9c ../helo_bsp/\libhal_bsp.a(alt_sys_init.o)
                0x08105344                alt_irq_init
                0x08105378                alt_sys_init
 .text          0x081053e0       0xb0 ../helo_bsp/\libhal_bsp.a(altera_avalon_jtag_uart_fd.o)
                0x081053e0                altera_avalon_jtag_uart_read_fd
                0x08105438                altera_avalon_jtag_uart_write_fd
 .text          0x08105490      0x104 ../helo_bsp/\libhal_bsp.a(altera_avalon_jtag_uart_read.o)
                0x08105490                altera_avalon_jtag_uart_read
 .text          0x08105594       0xa4 ../helo_bsp/\libhal_bsp.a(altera_avalon_jtag_uart_write.o)
                0x08105594                altera_avalon_jtag_uart_write
 .text          0x08105638      0x160 ../helo_bsp/\libhal_bsp.a(alt_close.o)
                0x08105638                close
 .text          0x08105798       0x1c ../helo_bsp/\libhal_bsp.a(alt_dcache_flush_all.o)
                0x08105798                alt_dcache_flush_all
 .text          0x081057b4       0x2c ../helo_bsp/\libhal_bsp.a(alt_dev.o)
 .text          0x081057e0      0x114 ../helo_bsp/\libhal_bsp.a(alt_dev_llist_insert.o)
                0x081057e0                alt_dev_llist_insert
 .text          0x081058f4       0x64 ../helo_bsp/\libhal_bsp.a(alt_do_ctors.o)
                0x081058f4                _do_ctors
 .text          0x08105958       0x64 ../helo_bsp/\libhal_bsp.a(alt_do_dtors.o)
                0x08105958                _do_dtors
 .text          0x081059bc        0x0 ../helo_bsp/\libhal_bsp.a(alt_errno.o)
 .text          0x081059bc       0x1c ../helo_bsp/\libhal_bsp.a(alt_icache_flush_all.o)
                0x081059bc                alt_icache_flush_all
 .text          0x081059d8      0x150 ../helo_bsp/\libhal_bsp.a(alt_io_redirect.o)
                0x08105ab0                alt_io_redirect
 .text          0x08105b28      0x2e4 ../helo_bsp/\libhal_bsp.a(alt_open.o)
                0x08105c20                open
 .text          0x08105e0c       0x78 ../helo_bsp/\libhal_bsp.a(alt_release_fd.o)
                0x08105e0c                alt_release_fd
 .text          0x08105e84       0x20 ../helo_bsp/\libhal_bsp.a(altera_nios2_qsys_irq.o)
                0x08105e84                altera_nios2_qsys_irq_init
 .text          0x08105ea4       0x94 ../helo_bsp/\libhal_bsp.a(alt_find_dev.o)
                0x08105ea4                alt_find_dev
 .text          0x08105f38      0x120 ../helo_bsp/\libhal_bsp.a(alt_find_file.o)
                0x08105f38                alt_find_file
 .text          0x08106058       0xd0 ../helo_bsp/\libhal_bsp.a(alt_get_fd.o)
                0x08106058                alt_get_fd
 .text          0x08106128       0x14 c:/altera/13.0sp1/nios2eds/bin/gnu/h-i686-mingw32/bin/../lib/gcc/nios2-elf/4.1.2/../../../../nios2-elf/lib/mno-hw-mul\libsmallc.a(lib_a-atexit.o)
                0x08106128                atexit
 .text          0x0810613c       0x20 c:/altera/13.0sp1/nios2eds/bin/gnu/h-i686-mingw32/bin/../lib/gcc/nios2-elf/4.1.2/../../../../nios2-elf/lib/mno-hw-mul\libsmallc.a(lib_a-exit.o)
                0x0810613c                exit
 .text          0x0810615c       0x3c c:/altera/13.0sp1/nios2eds/bin/gnu/h-i686-mingw32/bin/../lib/gcc/nios2-elf/4.1.2/../../../../nios2-elf/lib/mno-hw-mul\libsmallc.a(lib_a-memcmp.o)
                0x0810615c                memcmp
 .text          0x08106198      0x16c c:/altera/13.0sp1/nios2eds/bin/gnu/h-i686-mingw32/bin/../lib/gcc/nios2-elf/4.1.2/../../../../nios2-elf/lib/mno-hw-mul\libsmallc.a(lib_a-__atexit.o)
                0x08106198                __register_exitproc
 .text          0x08106304      0x1c0 c:/altera/13.0sp1/nios2eds/bin/gnu/h-i686-mingw32/bin/../lib/gcc/nios2-elf/4.1.2/../../../../nios2-elf/lib/mno-hw-mul\libsmallc.a(lib_a-__call_atexit.o)
                0x08106308                __call_exitprocs
 .text          0x081064c4       0x60 ../helo_bsp/\libhal_bsp.a(alt_exit.o)
                0x08106504                _exit
 *(.gnu.warning.*)
 *(.fini)
                0x08106524                PROVIDE (__etext, ABSOLUTE (.))
                0x08106524                PROVIDE (_etext, ABSOLUTE (.))
                0x08106524                PROVIDE (etext, ABSOLUTE (.))
 *(.eh_frame_hdr)
                0x08106524                . = ALIGN (0x4)
                0x08106524                PROVIDE (__preinit_array_start, ABSOLUTE (.))
 *(.preinit_array)
                0x08106524                PROVIDE (__preinit_array_end, ABSOLUTE (.))
                0x08106524                PROVIDE (__init_array_start, ABSOLUTE (.))
 *(.init_array)
                0x08106524                PROVIDE (__init_array_end, ABSOLUTE (.))
                0x08106524                PROVIDE (__fini_array_start, ABSOLUTE (.))
 *(.fini_array)
                0x08106524                PROVIDE (__fini_array_end, ABSOLUTE (.))
 *(.eh_frame)
 *(.gcc_except_table)
 *(.dynamic)
                0x08106524                PROVIDE (__CTOR_LIST__, ABSOLUTE (.))
 *(.ctors)
 *(SORT(.ctors.*))
 .ctors.65535   0x08106524        0x4 c:/altera/13.0sp1/nios2eds/bin/gnu/h-i686-mingw32/bin/../lib/gcc/nios2-elf/4.1.2/../../../../nios2-elf/lib/mno-hw-mul\libsmallc.a(lib_a-__call_atexit.o)
                0x08106528                PROVIDE (__CTOR_END__, ABSOLUTE (.))
                0x08106528                PROVIDE (__DTOR_LIST__, ABSOLUTE (.))
 *(.dtors)
 *(SORT(.dtors.*))
                0x08106528                PROVIDE (__DTOR_END__, ABSOLUTE (.))
 *(.jcr)
                0x08106528                . = ALIGN (0x4)

.rodata         0x08106528       0xa0
                0x08106528                PROVIDE (__ram_rodata_start, ABSOLUTE (.))
                0x08106528                . = ALIGN (0x4)
 *(.rodata .rodata.* .gnu.linkonce.r.*)
 .rodata        0x08106528       0x70 obj/default/hello_world.o
 .rodata.str1.4
                0x08106598        0x4 c:/altera/13.0sp1/nios2eds/bin/gnu/h-i686-mingw32/bin/../lib/gcc/nios2-elf/4.1.2/../../../../nios2-elf/lib/mno-hw-mul\libsmallc.a(lib_a-puts.o)
 .rodata        0x0810659c       0x10 ../helo_bsp/\libhal_bsp.a(alt_main.o)
 .rodata        0x081065ac       0x10 ../helo_bsp/\libhal_bsp.a(alt_sys_init.o)
 .rodata        0x081065bc        0xc ../helo_bsp/\libhal_bsp.a(alt_dev.o)
 *(.rodata1)
                0x081065c8                . = ALIGN (0x4)
                0x081065c8                PROVIDE (__ram_rodata_end, ABSOLUTE (.))
                0x08106528                PROVIDE (__flash_rodata_start, LOADADDR (.rodata))

.rwdata         0x081065c8      0x2e0 load address 0x081068a8
                0x081065c8                PROVIDE (__ram_rwdata_start, ABSOLUTE (.))
                0x081065c8                . = ALIGN (0x4)
 *(.got.plt)
 *(.got)
 *(.data1)
 *(.data .data.* .gnu.linkonce.d.*)
 .data          0x081065c8        0x0 ../helo_bsp//obj/HAL/src/crt0.o
 .data          0x081065c8        0x0 obj/default/hello_world.o
 .data          0x081065c8        0x0 c:/altera/13.0sp1/nios2eds/bin/gnu/h-i686-mingw32/bin/../lib/gcc/nios2-elf/4.1.2/mno-hw-mul\libgcc.a(lib2-mul.o)
 .data          0x081065c8        0x0 c:/altera/13.0sp1/nios2eds/bin/gnu/h-i686-mingw32/bin/../lib/gcc/nios2-elf/4.1.2/../../../../nios2-elf/lib/mno-hw-mul\libsmallc.a(lib_a-printf.o)
 .data          0x081065c8        0x0 c:/altera/13.0sp1/nios2eds/bin/gnu/h-i686-mingw32/bin/../lib/gcc/nios2-elf/4.1.2/../../../../nios2-elf/lib/mno-hw-mul\libsmallc.a(lib_a-puts.o)
 .data          0x081065c8        0x0 c:/altera/13.0sp1/nios2eds/bin/gnu/h-i686-mingw32/bin/../lib/gcc/nios2-elf/4.1.2/../../../../nios2-elf/lib/mno-hw-mul\libsmallc.a(lib_a-strlen.o)
 .data          0x081065c8        0x0 c:/altera/13.0sp1/nios2eds/bin/gnu/h-i686-mingw32/bin/../lib/gcc/nios2-elf/4.1.2/../../../../nios2-elf/lib/mno-hw-mul\libsmallc.a(lib_a-vfprintf.o)
 .data          0x081065c8        0x0 c:/altera/13.0sp1/nios2eds/bin/gnu/h-i686-mingw32/bin/../lib/gcc/nios2-elf/4.1.2/../../../../nios2-elf/lib/mno-hw-mul\libsmallc.a(lib_a-fvwrite_small_dev.o)
 .data          0x081065c8       0xe0 c:/altera/13.0sp1/nios2eds/bin/gnu/h-i686-mingw32/bin/../lib/gcc/nios2-elf/4.1.2/../../../../nios2-elf/lib/mno-hw-mul\libsmallc.a(lib_a-impure.o)
 .data          0x081066a8        0x0 c:/altera/13.0sp1/nios2eds/bin/gnu/h-i686-mingw32/bin/../lib/gcc/nios2-elf/4.1.2/../../../../nios2-elf/lib/mno-hw-mul\libsmallc.a(lib_a-writer.o)
 .data          0x081066a8        0x0 c:/altera/13.0sp1/nios2eds/bin/gnu/h-i686-mingw32/bin/../lib/gcc/nios2-elf/4.1.2/../../../../nios2-elf/lib/mno-hw-mul\libsmallc.a(lib_a-int_errno.o)
 .data          0x081066a8        0x0 c:/altera/13.0sp1/nios2eds/bin/gnu/h-i686-mingw32/bin/../lib/gcc/nios2-elf/4.1.2/mno-hw-mul\libgcc.a(lib2-divmod.o)
 .data          0x081066a8        0x0 ../helo_bsp/\libhal_bsp.a(alt_load.o)
 .data          0x081066a8        0x0 ../helo_bsp/\libhal_bsp.a(alt_main.o)
 .data          0x081066a8        0x0 ../helo_bsp/\libhal_bsp.a(alt_write.o)
 .data          0x081066a8       0x2c ../helo_bsp/\libhal_bsp.a(alt_sys_init.o)
 .data          0x081066d4        0x0 ../helo_bsp/\libhal_bsp.a(altera_avalon_jtag_uart_fd.o)
 .data          0x081066d4        0x0 ../helo_bsp/\libhal_bsp.a(altera_avalon_jtag_uart_read.o)
 .data          0x081066d4        0x0 ../helo_bsp/\libhal_bsp.a(altera_avalon_jtag_uart_write.o)
 .data          0x081066d4        0x0 ../helo_bsp/\libhal_bsp.a(alt_close.o)
 .data          0x081066d4        0x0 ../helo_bsp/\libhal_bsp.a(alt_dcache_flush_all.o)
 .data          0x081066d4      0x1a8 ../helo_bsp/\libhal_bsp.a(alt_dev.o)
                0x081066d4                alt_dev_null
                0x081066fc                alt_fd_list
 .data          0x0810687c        0x0 ../helo_bsp/\libhal_bsp.a(alt_dev_llist_insert.o)
 .data          0x0810687c        0x0 ../helo_bsp/\libhal_bsp.a(alt_do_ctors.o)
 .data          0x0810687c        0x0 ../helo_bsp/\libhal_bsp.a(alt_do_dtors.o)
 .data          0x0810687c        0x0 ../helo_bsp/\libhal_bsp.a(alt_errno.o)
 .data          0x0810687c        0x0 ../helo_bsp/\libhal_bsp.a(alt_icache_flush_all.o)
 .data          0x0810687c        0x0 ../helo_bsp/\libhal_bsp.a(alt_io_redirect.o)
 .data          0x0810687c        0x0 ../helo_bsp/\libhal_bsp.a(alt_open.o)
 .data          0x0810687c        0x0 ../helo_bsp/\libhal_bsp.a(alt_release_fd.o)
 .data          0x0810687c        0x0 ../helo_bsp/\libhal_bsp.a(altera_nios2_qsys_irq.o)
 .data          0x0810687c        0x0 ../helo_bsp/\libhal_bsp.a(alt_find_dev.o)
 .data          0x0810687c        0x0 ../helo_bsp/\libhal_bsp.a(alt_find_file.o)
 .data          0x0810687c        0x0 ../helo_bsp/\libhal_bsp.a(alt_get_fd.o)
 .data          0x0810687c        0x0 c:/altera/13.0sp1/nios2eds/bin/gnu/h-i686-mingw32/bin/../lib/gcc/nios2-elf/4.1.2/../../../../nios2-elf/lib/mno-hw-mul\libsmallc.a(lib_a-atexit.o)
 .data          0x0810687c        0x0 c:/altera/13.0sp1/nios2eds/bin/gnu/h-i686-mingw32/bin/../lib/gcc/nios2-elf/4.1.2/../../../../nios2-elf/lib/mno-hw-mul\libsmallc.a(lib_a-exit.o)
 .data          0x0810687c        0x0 c:/altera/13.0sp1/nios2eds/bin/gnu/h-i686-mingw32/bin/../lib/gcc/nios2-elf/4.1.2/../../../../nios2-elf/lib/mno-hw-mul\libsmallc.a(lib_a-memcmp.o)
 .data          0x0810687c        0x0 c:/altera/13.0sp1/nios2eds/bin/gnu/h-i686-mingw32/bin/../lib/gcc/nios2-elf/4.1.2/../../../../nios2-elf/lib/mno-hw-mul\libsmallc.a(lib_a-__atexit.o)
 .data          0x0810687c        0x0 c:/altera/13.0sp1/nios2eds/bin/gnu/h-i686-mingw32/bin/../lib/gcc/nios2-elf/4.1.2/../../../../nios2-elf/lib/mno-hw-mul\libsmallc.a(lib_a-__call_atexit.o)
 .data          0x0810687c        0x0 ../helo_bsp/\libhal_bsp.a(alt_exit.o)
                0x0810e87c                _gp = ABSOLUTE ((. + 0x8000))
                0x0810e87c                PROVIDE (gp, _gp)
 *(.rwdata .rwdata.*)
 *(.sdata .sdata.* .gnu.linkonce.s.*)
 .sdata         0x0810687c        0xc obj/default/hello_world.o
                0x0810687c                LED_ptr
                0x08106880                SW_ptr
                0x08106884                TIMER
 .sdata         0x08106888        0x8 c:/altera/13.0sp1/nios2eds/bin/gnu/h-i686-mingw32/bin/../lib/gcc/nios2-elf/4.1.2/../../../../nios2-elf/lib/mno-hw-mul\libsmallc.a(lib_a-impure.o)
                0x08106888                _impure_ptr
                0x0810688c                _global_impure_ptr
 .sdata         0x08106890       0x14 ../helo_bsp/\libhal_bsp.a(alt_dev.o)
                0x08106890                alt_fs_list
                0x08106898                alt_dev_list
                0x081068a0                alt_max_fd
 .sdata         0x081068a4        0x4 ../helo_bsp/\libhal_bsp.a(alt_errno.o)
                0x081068a4                alt_errno
 *(.sdata2 .sdata2.* .gnu.linkonce.s2.*)
                0x081068a8                . = ALIGN (0x4)
                0x081068a8                _edata = ABSOLUTE (.)
                0x081068a8                PROVIDE (edata, ABSOLUTE (.))
                0x081068a8                PROVIDE (__ram_rwdata_end, ABSOLUTE (.))
                0x081068a8                PROVIDE (__flash_rwdata_start, LOADADDR (.rwdata))

.bss            0x08106b88       0x9c
                0x08106b88                __bss_start = ABSOLUTE (.)
                0x08106b88                PROVIDE (__sbss_start, ABSOLUTE (.))
                0x08106b88                PROVIDE (___sbss_start, ABSOLUTE (.))
 *(.dynsbss)
 *(.sbss .sbss.* .gnu.linkonce.sb.*)
 .sbss          0x08106b88        0x4 c:/altera/13.0sp1/nios2eds/bin/gnu/h-i686-mingw32/bin/../lib/gcc/nios2-elf/4.1.2/../../../../nios2-elf/lib/mno-hw-mul\libsmallc.a(lib_a-int_errno.o)
                0x08106b88                errno
 .sbss          0x08106b8c        0xc ../helo_bsp/\libhal_bsp.a(alt_main.o)
                0x08106b8c                alt_argc
                0x08106b90                alt_argv
                0x08106b94                alt_envp
 *(.sbss2 .sbss2.* .gnu.linkonce.sb2.*)
 *(.scommon)
                0x08106b98                PROVIDE (__sbss_end, ABSOLUTE (.))
                0x08106b98                PROVIDE (___sbss_end, ABSOLUTE (.))
 *(.dynbss)
 *(.bss .bss.* .gnu.linkonce.b.*)
 .bss           0x08106b98        0x0 ../helo_bsp//obj/HAL/src/crt0.o
 .bss           0x08106b98        0x0 obj/default/hello_world.o
 .bss           0x08106b98        0x0 c:/altera/13.0sp1/nios2eds/bin/gnu/h-i686-mingw32/bin/../lib/gcc/nios2-elf/4.1.2/mno-hw-mul\libgcc.a(lib2-mul.o)
 .bss           0x08106b98        0x0 c:/altera/13.0sp1/nios2eds/bin/gnu/h-i686-mingw32/bin/../lib/gcc/nios2-elf/4.1.2/../../../../nios2-elf/lib/mno-hw-mul\libsmallc.a(lib_a-printf.o)
 .bss           0x08106b98        0x0 c:/altera/13.0sp1/nios2eds/bin/gnu/h-i686-mingw32/bin/../lib/gcc/nios2-elf/4.1.2/../../../../nios2-elf/lib/mno-hw-mul\libsmallc.a(lib_a-puts.o)
 .bss           0x08106b98        0x0 c:/altera/13.0sp1/nios2eds/bin/gnu/h-i686-mingw32/bin/../lib/gcc/nios2-elf/4.1.2/../../../../nios2-elf/lib/mno-hw-mul\libsmallc.a(lib_a-strlen.o)
 .bss           0x08106b98        0x0 c:/altera/13.0sp1/nios2eds/bin/gnu/h-i686-mingw32/bin/../lib/gcc/nios2-elf/4.1.2/../../../../nios2-elf/lib/mno-hw-mul\libsmallc.a(lib_a-vfprintf.o)
 .bss           0x08106b98        0x0 c:/altera/13.0sp1/nios2eds/bin/gnu/h-i686-mingw32/bin/../lib/gcc/nios2-elf/4.1.2/../../../../nios2-elf/lib/mno-hw-mul\libsmallc.a(lib_a-fvwrite_small_dev.o)
 .bss           0x08106b98        0x0 c:/altera/13.0sp1/nios2eds/bin/gnu/h-i686-mingw32/bin/../lib/gcc/nios2-elf/4.1.2/../../../../nios2-elf/lib/mno-hw-mul\libsmallc.a(lib_a-impure.o)
 .bss           0x08106b98        0x0 c:/altera/13.0sp1/nios2eds/bin/gnu/h-i686-mingw32/bin/../lib/gcc/nios2-elf/4.1.2/../../../../nios2-elf/lib/mno-hw-mul\libsmallc.a(lib_a-writer.o)
 .bss           0x08106b98        0x0 c:/altera/13.0sp1/nios2eds/bin/gnu/h-i686-mingw32/bin/../lib/gcc/nios2-elf/4.1.2/../../../../nios2-elf/lib/mno-hw-mul\libsmallc.a(lib_a-int_errno.o)
 .bss           0x08106b98        0x0 c:/altera/13.0sp1/nios2eds/bin/gnu/h-i686-mingw32/bin/../lib/gcc/nios2-elf/4.1.2/mno-hw-mul\libgcc.a(lib2-divmod.o)
 .bss           0x08106b98        0x0 ../helo_bsp/\libhal_bsp.a(alt_load.o)
 .bss           0x08106b98        0x0 ../helo_bsp/\libhal_bsp.a(alt_main.o)
 .bss           0x08106b98        0x0 ../helo_bsp/\libhal_bsp.a(alt_write.o)
 .bss           0x08106b98        0x0 ../helo_bsp/\libhal_bsp.a(alt_sys_init.o)
 .bss           0x08106b98        0x0 ../helo_bsp/\libhal_bsp.a(altera_avalon_jtag_uart_fd.o)
 .bss           0x08106b98        0x0 ../helo_bsp/\libhal_bsp.a(altera_avalon_jtag_uart_read.o)
 .bss           0x08106b98        0x0 ../helo_bsp/\libhal_bsp.a(altera_avalon_jtag_uart_write.o)
 .bss           0x08106b98        0x0 ../helo_bsp/\libhal_bsp.a(alt_close.o)
 .bss           0x08106b98        0x0 ../helo_bsp/\libhal_bsp.a(alt_dcache_flush_all.o)
 .bss           0x08106b98        0x0 ../helo_bsp/\libhal_bsp.a(alt_dev.o)
 .bss           0x08106b98        0x0 ../helo_bsp/\libhal_bsp.a(alt_dev_llist_insert.o)
 .bss           0x08106b98        0x0 ../helo_bsp/\libhal_bsp.a(alt_do_ctors.o)
 .bss           0x08106b98        0x0 ../helo_bsp/\libhal_bsp.a(alt_do_dtors.o)
 .bss           0x08106b98        0x0 ../helo_bsp/\libhal_bsp.a(alt_errno.o)
 .bss           0x08106b98        0x0 ../helo_bsp/\libhal_bsp.a(alt_icache_flush_all.o)
 .bss           0x08106b98        0x0 ../helo_bsp/\libhal_bsp.a(alt_io_redirect.o)
 .bss           0x08106b98        0x0 ../helo_bsp/\libhal_bsp.a(alt_open.o)
 .bss           0x08106b98        0x0 ../helo_bsp/\libhal_bsp.a(alt_release_fd.o)
 .bss           0x08106b98        0x0 ../helo_bsp/\libhal_bsp.a(altera_nios2_qsys_irq.o)
 .bss           0x08106b98        0x0 ../helo_bsp/\libhal_bsp.a(alt_find_dev.o)
 .bss           0x08106b98        0x0 ../helo_bsp/\libhal_bsp.a(alt_find_file.o)
 .bss           0x08106b98        0x0 ../helo_bsp/\libhal_bsp.a(alt_get_fd.o)
 .bss           0x08106b98        0x0 c:/altera/13.0sp1/nios2eds/bin/gnu/h-i686-mingw32/bin/../lib/gcc/nios2-elf/4.1.2/../../../../nios2-elf/lib/mno-hw-mul\libsmallc.a(lib_a-atexit.o)
 .bss           0x08106b98        0x0 c:/altera/13.0sp1/nios2eds/bin/gnu/h-i686-mingw32/bin/../lib/gcc/nios2-elf/4.1.2/../../../../nios2-elf/lib/mno-hw-mul\libsmallc.a(lib_a-exit.o)
 .bss           0x08106b98        0x0 c:/altera/13.0sp1/nios2eds/bin/gnu/h-i686-mingw32/bin/../lib/gcc/nios2-elf/4.1.2/../../../../nios2-elf/lib/mno-hw-mul\libsmallc.a(lib_a-memcmp.o)
 .bss           0x08106b98        0x0 c:/altera/13.0sp1/nios2eds/bin/gnu/h-i686-mingw32/bin/../lib/gcc/nios2-elf/4.1.2/../../../../nios2-elf/lib/mno-hw-mul\libsmallc.a(lib_a-__atexit.o)
 .bss           0x08106b98        0x0 c:/altera/13.0sp1/nios2eds/bin/gnu/h-i686-mingw32/bin/../lib/gcc/nios2-elf/4.1.2/../../../../nios2-elf/lib/mno-hw-mul\libsmallc.a(lib_a-__call_atexit.o)
 .bss           0x08106b98        0x0 ../helo_bsp/\libhal_bsp.a(alt_exit.o)
 *(COMMON)
 COMMON         0x08106b98       0x8c c:/altera/13.0sp1/nios2eds/bin/gnu/h-i686-mingw32/bin/../lib/gcc/nios2-elf/4.1.2/../../../../nios2-elf/lib/mno-hw-mul\libsmallc.a(lib_a-atexit.o)
                0x08106b98                _atexit0
                0x08106c24                . = ALIGN (0x4)
                0x08106c24                __bss_end = ABSOLUTE (.)

.SDRAM_CONTROLLER
                0x04000000        0x0 load address 0x08106c24
                0x04000000                PROVIDE (_alt_partition_SDRAM_CONTROLLER_start, ABSOLUTE (.))
 *(.SDRAM_CONTROLLER. SDRAM_CONTROLLER.*)
                0x04000000                . = ALIGN (0x4)
                0x04000000                PROVIDE (_alt_partition_SDRAM_CONTROLLER_end, ABSOLUTE (.))
                0x08106c24                PROVIDE (_alt_partition_SDRAM_CONTROLLER_load_addr, LOADADDR (.SDRAM_CONTROLLER))

.SSRAM_CONTROLLER
                0x08080000        0x0 load address 0x08106c24
                0x08080000                PROVIDE (_alt_partition_SSRAM_CONTROLLER_start, ABSOLUTE (.))
 *(.SSRAM_CONTROLLER. SSRAM_CONTROLLER.*)
                0x08080000                . = ALIGN (0x4)
                0x08080000                PROVIDE (_alt_partition_SSRAM_CONTROLLER_end, ABSOLUTE (.))
                0x08106c24                PROVIDE (_alt_partition_SSRAM_CONTROLLER_load_addr, LOADADDR (.SSRAM_CONTROLLER))

.ONCHIP         0x08106c24        0x0
                0x08106c24                PROVIDE (_alt_partition_ONCHIP_start, ABSOLUTE (.))
 *(.ONCHIP. ONCHIP.*)
                0x08106c24                . = ALIGN (0x4)
                0x08106c24                PROVIDE (_alt_partition_ONCHIP_end, ABSOLUTE (.))
                0x08106c24                _end = ABSOLUTE (.)
                0x08106c24                end = ABSOLUTE (.)
                0x08106c24                __alt_stack_base = ABSOLUTE (.)
                0x08106c24                PROVIDE (_alt_partition_ONCHIP_load_addr, LOADADDR (.ONCHIP))

.stab
 *(.stab)

.stabstr
 *(.stabstr)

.stab.excl
 *(.stab.excl)

.stab.exclstr
 *(.stab.exclstr)

.stab.index
 *(.stab.index)

.stab.indexstr
 *(.stab.indexstr)

.comment        0x00000000       0x26
 *(.comment)
 .comment       0x00000000       0x26 obj/default/hello_world.o
                                 0x27 (size before relaxing)
 .comment       0x00000000       0x27 c:/altera/13.0sp1/nios2eds/bin/gnu/h-i686-mingw32/bin/../lib/gcc/nios2-elf/4.1.2/mno-hw-mul\libgcc.a(lib2-mul.o)
 .comment       0x00000000       0x27 c:/altera/13.0sp1/nios2eds/bin/gnu/h-i686-mingw32/bin/../lib/gcc/nios2-elf/4.1.2/../../../../nios2-elf/lib/mno-hw-mul\libsmallc.a(lib_a-printf.o)
 .comment       0x00000000       0x27 c:/altera/13.0sp1/nios2eds/bin/gnu/h-i686-mingw32/bin/../lib/gcc/nios2-elf/4.1.2/../../../../nios2-elf/lib/mno-hw-mul\libsmallc.a(lib_a-puts.o)
 .comment       0x00000000       0x27 c:/altera/13.0sp1/nios2eds/bin/gnu/h-i686-mingw32/bin/../lib/gcc/nios2-elf/4.1.2/../../../../nios2-elf/lib/mno-hw-mul\libsmallc.a(lib_a-strlen.o)
 .comment       0x00000000       0x27 c:/altera/13.0sp1/nios2eds/bin/gnu/h-i686-mingw32/bin/../lib/gcc/nios2-elf/4.1.2/../../../../nios2-elf/lib/mno-hw-mul\libsmallc.a(lib_a-vfprintf.o)
 .comment       0x00000000       0x27 c:/altera/13.0sp1/nios2eds/bin/gnu/h-i686-mingw32/bin/../lib/gcc/nios2-elf/4.1.2/../../../../nios2-elf/lib/mno-hw-mul\libsmallc.a(lib_a-fvwrite_small_dev.o)
 .comment       0x00000000       0x27 c:/altera/13.0sp1/nios2eds/bin/gnu/h-i686-mingw32/bin/../lib/gcc/nios2-elf/4.1.2/../../../../nios2-elf/lib/mno-hw-mul\libsmallc.a(lib_a-impure.o)
 .comment       0x00000000       0x27 c:/altera/13.0sp1/nios2eds/bin/gnu/h-i686-mingw32/bin/../lib/gcc/nios2-elf/4.1.2/../../../../nios2-elf/lib/mno-hw-mul\libsmallc.a(lib_a-writer.o)
 .comment       0x00000000       0x27 c:/altera/13.0sp1/nios2eds/bin/gnu/h-i686-mingw32/bin/../lib/gcc/nios2-elf/4.1.2/../../../../nios2-elf/lib/mno-hw-mul\libsmallc.a(lib_a-int_errno.o)
 .comment       0x00000000       0x27 c:/altera/13.0sp1/nios2eds/bin/gnu/h-i686-mingw32/bin/../lib/gcc/nios2-elf/4.1.2/mno-hw-mul\libgcc.a(lib2-divmod.o)
 .comment       0x00000000       0x27 ../helo_bsp/\libhal_bsp.a(alt_load.o)
 .comment       0x00000000       0x27 ../helo_bsp/\libhal_bsp.a(alt_main.o)
 .comment       0x00000000       0x27 ../helo_bsp/\libhal_bsp.a(alt_write.o)
 .comment       0x00000000       0x27 ../helo_bsp/\libhal_bsp.a(alt_sys_init.o)
 .comment       0x00000000       0x27 ../helo_bsp/\libhal_bsp.a(altera_avalon_jtag_uart_fd.o)
 .comment       0x00000000       0x27 ../helo_bsp/\libhal_bsp.a(altera_avalon_jtag_uart_read.o)
 .comment       0x00000000       0x27 ../helo_bsp/\libhal_bsp.a(altera_avalon_jtag_uart_write.o)
 .comment       0x00000000       0x27 ../helo_bsp/\libhal_bsp.a(alt_close.o)
 .comment       0x00000000       0x27 ../helo_bsp/\libhal_bsp.a(alt_dcache_flush_all.o)
 .comment       0x00000000       0x27 ../helo_bsp/\libhal_bsp.a(alt_dev.o)
 .comment       0x00000000       0x27 ../helo_bsp/\libhal_bsp.a(alt_dev_llist_insert.o)
 .comment       0x00000000       0x27 ../helo_bsp/\libhal_bsp.a(alt_do_ctors.o)
 .comment       0x00000000       0x27 ../helo_bsp/\libhal_bsp.a(alt_do_dtors.o)
 .comment       0x00000000       0x27 ../helo_bsp/\libhal_bsp.a(alt_errno.o)
 .comment       0x00000000       0x27 ../helo_bsp/\libhal_bsp.a(alt_icache_flush_all.o)
 .comment       0x00000000       0x27 ../helo_bsp/\libhal_bsp.a(alt_io_redirect.o)
 .comment       0x00000000       0x27 ../helo_bsp/\libhal_bsp.a(alt_open.o)
 .comment       0x00000000       0x27 ../helo_bsp/\libhal_bsp.a(alt_release_fd.o)
 .comment       0x00000000       0x27 ../helo_bsp/\libhal_bsp.a(altera_nios2_qsys_irq.o)
 .comment       0x00000000       0x27 ../helo_bsp/\libhal_bsp.a(alt_find_dev.o)
 .comment       0x00000000       0x27 ../helo_bsp/\libhal_bsp.a(alt_find_file.o)
 .comment       0x00000000       0x27 ../helo_bsp/\libhal_bsp.a(alt_get_fd.o)
 .comment       0x00000000       0x27 c:/altera/13.0sp1/nios2eds/bin/gnu/h-i686-mingw32/bin/../lib/gcc/nios2-elf/4.1.2/../../../../nios2-elf/lib/mno-hw-mul\libsmallc.a(lib_a-atexit.o)
 .comment       0x00000000       0x27 c:/altera/13.0sp1/nios2eds/bin/gnu/h-i686-mingw32/bin/../lib/gcc/nios2-elf/4.1.2/../../../../nios2-elf/lib/mno-hw-mul\libsmallc.a(lib_a-exit.o)
 .comment       0x00000000       0x27 c:/altera/13.0sp1/nios2eds/bin/gnu/h-i686-mingw32/bin/../lib/gcc/nios2-elf/4.1.2/../../../../nios2-elf/lib/mno-hw-mul\libsmallc.a(lib_a-memcmp.o)
 .comment       0x00000000       0x27 c:/altera/13.0sp1/nios2eds/bin/gnu/h-i686-mingw32/bin/../lib/gcc/nios2-elf/4.1.2/../../../../nios2-elf/lib/mno-hw-mul\libsmallc.a(lib_a-__atexit.o)
 .comment       0x00000000       0x27 c:/altera/13.0sp1/nios2eds/bin/gnu/h-i686-mingw32/bin/../lib/gcc/nios2-elf/4.1.2/../../../../nios2-elf/lib/mno-hw-mul\libsmallc.a(lib_a-__call_atexit.o)
 .comment       0x00000000       0x27 ../helo_bsp/\libhal_bsp.a(alt_exit.o)

.debug
 *(.debug)

.line
 *(.line)

.debug_srcinfo
 *(.debug_srcinfo)

.debug_sfnames
 *(.debug_sfnames)

.debug_aranges  0x00000000      0x4a8
 *(.debug_aranges)
 .debug_aranges
                0x00000000       0x28 ../helo_bsp//obj/HAL/src/crt0.o
 .debug_aranges
                0x00000028       0x20 obj/default/hello_world.o
 .debug_aranges
                0x00000048       0x20 c:/altera/13.0sp1/nios2eds/bin/gnu/h-i686-mingw32/bin/../lib/gcc/nios2-elf/4.1.2/mno-hw-mul\libgcc.a(lib2-mul.o)
 .debug_aranges
                0x00000068       0x20 c:/altera/13.0sp1/nios2eds/bin/gnu/h-i686-mingw32/bin/../lib/gcc/nios2-elf/4.1.2/../../../../nios2-elf/lib/mno-hw-mul\libsmallc.a(lib_a-printf.o)
 .debug_aranges
                0x00000088       0x20 c:/altera/13.0sp1/nios2eds/bin/gnu/h-i686-mingw32/bin/../lib/gcc/nios2-elf/4.1.2/../../../../nios2-elf/lib/mno-hw-mul\libsmallc.a(lib_a-puts.o)
 .debug_aranges
                0x000000a8       0x20 c:/altera/13.0sp1/nios2eds/bin/gnu/h-i686-mingw32/bin/../lib/gcc/nios2-elf/4.1.2/../../../../nios2-elf/lib/mno-hw-mul\libsmallc.a(lib_a-strlen.o)
 .debug_aranges
                0x000000c8       0x20 c:/altera/13.0sp1/nios2eds/bin/gnu/h-i686-mingw32/bin/../lib/gcc/nios2-elf/4.1.2/../../../../nios2-elf/lib/mno-hw-mul\libsmallc.a(lib_a-vfprintf.o)
 .debug_aranges
                0x000000e8       0x20 c:/altera/13.0sp1/nios2eds/bin/gnu/h-i686-mingw32/bin/../lib/gcc/nios2-elf/4.1.2/../../../../nios2-elf/lib/mno-hw-mul\libsmallc.a(lib_a-fvwrite_small_dev.o)
 .debug_aranges
                0x00000108       0x20 c:/altera/13.0sp1/nios2eds/bin/gnu/h-i686-mingw32/bin/../lib/gcc/nios2-elf/4.1.2/../../../../nios2-elf/lib/mno-hw-mul\libsmallc.a(lib_a-writer.o)
 .debug_aranges
                0x00000128       0x20 c:/altera/13.0sp1/nios2eds/bin/gnu/h-i686-mingw32/bin/../lib/gcc/nios2-elf/4.1.2/mno-hw-mul\libgcc.a(lib2-divmod.o)
 .debug_aranges
                0x00000148       0x20 ../helo_bsp/\libhal_bsp.a(alt_load.o)
 .debug_aranges
                0x00000168       0x20 ../helo_bsp/\libhal_bsp.a(alt_main.o)
 .debug_aranges
                0x00000188       0x20 ../helo_bsp/\libhal_bsp.a(alt_write.o)
 .debug_aranges
                0x000001a8       0x20 ../helo_bsp/\libhal_bsp.a(alt_sys_init.o)
 .debug_aranges
                0x000001c8       0x20 ../helo_bsp/\libhal_bsp.a(altera_avalon_jtag_uart_fd.o)
 .debug_aranges
                0x000001e8       0x20 ../helo_bsp/\libhal_bsp.a(altera_avalon_jtag_uart_read.o)
 .debug_aranges
                0x00000208       0x20 ../helo_bsp/\libhal_bsp.a(altera_avalon_jtag_uart_write.o)
 .debug_aranges
                0x00000228       0x20 ../helo_bsp/\libhal_bsp.a(alt_close.o)
 .debug_aranges
                0x00000248       0x20 ../helo_bsp/\libhal_bsp.a(alt_dcache_flush_all.o)
 .debug_aranges
                0x00000268       0x20 ../helo_bsp/\libhal_bsp.a(alt_dev.o)
 .debug_aranges
                0x00000288       0x20 ../helo_bsp/\libhal_bsp.a(alt_dev_llist_insert.o)
 .debug_aranges
                0x000002a8       0x20 ../helo_bsp/\libhal_bsp.a(alt_do_ctors.o)
 .debug_aranges
                0x000002c8       0x20 ../helo_bsp/\libhal_bsp.a(alt_do_dtors.o)
 .debug_aranges
                0x000002e8       0x20 ../helo_bsp/\libhal_bsp.a(alt_icache_flush_all.o)
 .debug_aranges
                0x00000308       0x20 ../helo_bsp/\libhal_bsp.a(alt_io_redirect.o)
 .debug_aranges
                0x00000328       0x20 ../helo_bsp/\libhal_bsp.a(alt_open.o)
 .debug_aranges
                0x00000348       0x20 ../helo_bsp/\libhal_bsp.a(alt_release_fd.o)
 .debug_aranges
                0x00000368       0x20 ../helo_bsp/\libhal_bsp.a(altera_nios2_qsys_irq.o)
 .debug_aranges
                0x00000388       0x20 ../helo_bsp/\libhal_bsp.a(alt_find_dev.o)
 .debug_aranges
                0x000003a8       0x20 ../helo_bsp/\libhal_bsp.a(alt_find_file.o)
 .debug_aranges
                0x000003c8       0x20 ../helo_bsp/\libhal_bsp.a(alt_get_fd.o)
 .debug_aranges
                0x000003e8       0x20 c:/altera/13.0sp1/nios2eds/bin/gnu/h-i686-mingw32/bin/../lib/gcc/nios2-elf/4.1.2/../../../../nios2-elf/lib/mno-hw-mul\libsmallc.a(lib_a-atexit.o)
 .debug_aranges
                0x00000408       0x20 c:/altera/13.0sp1/nios2eds/bin/gnu/h-i686-mingw32/bin/../lib/gcc/nios2-elf/4.1.2/../../../../nios2-elf/lib/mno-hw-mul\libsmallc.a(lib_a-exit.o)
 .debug_aranges
                0x00000428       0x20 c:/altera/13.0sp1/nios2eds/bin/gnu/h-i686-mingw32/bin/../lib/gcc/nios2-elf/4.1.2/../../../../nios2-elf/lib/mno-hw-mul\libsmallc.a(lib_a-memcmp.o)
 .debug_aranges
                0x00000448       0x20 c:/altera/13.0sp1/nios2eds/bin/gnu/h-i686-mingw32/bin/../lib/gcc/nios2-elf/4.1.2/../../../../nios2-elf/lib/mno-hw-mul\libsmallc.a(lib_a-__atexit.o)
 .debug_aranges
                0x00000468       0x20 c:/altera/13.0sp1/nios2eds/bin/gnu/h-i686-mingw32/bin/../lib/gcc/nios2-elf/4.1.2/../../../../nios2-elf/lib/mno-hw-mul\libsmallc.a(lib_a-__call_atexit.o)
 .debug_aranges
                0x00000488       0x20 ../helo_bsp/\libhal_bsp.a(alt_exit.o)

.debug_pubnames
                0x00000000      0x6d3
 *(.debug_pubnames)
 .debug_pubnames
                0x00000000       0x74 obj/default/hello_world.o
 .debug_pubnames
                0x00000074       0x1f c:/altera/13.0sp1/nios2eds/bin/gnu/h-i686-mingw32/bin/../lib/gcc/nios2-elf/4.1.2/mno-hw-mul\libgcc.a(lib2-mul.o)
 .debug_pubnames
                0x00000093       0x2b c:/altera/13.0sp1/nios2eds/bin/gnu/h-i686-mingw32/bin/../lib/gcc/nios2-elf/4.1.2/../../../../nios2-elf/lib/mno-hw-mul\libsmallc.a(lib_a-printf.o)
 .debug_pubnames
                0x000000be       0x27 c:/altera/13.0sp1/nios2eds/bin/gnu/h-i686-mingw32/bin/../lib/gcc/nios2-elf/4.1.2/../../../../nios2-elf/lib/mno-hw-mul\libsmallc.a(lib_a-puts.o)
 .debug_pubnames
                0x000000e5       0x1d c:/altera/13.0sp1/nios2eds/bin/gnu/h-i686-mingw32/bin/../lib/gcc/nios2-elf/4.1.2/../../../../nios2-elf/lib/mno-hw-mul\libsmallc.a(lib_a-strlen.o)
 .debug_pubnames
                0x00000102       0x45 c:/altera/13.0sp1/nios2eds/bin/gnu/h-i686-mingw32/bin/../lib/gcc/nios2-elf/4.1.2/../../../../nios2-elf/lib/mno-hw-mul\libsmallc.a(lib_a-vfprintf.o)
 .debug_pubnames
                0x00000147       0x2b c:/altera/13.0sp1/nios2eds/bin/gnu/h-i686-mingw32/bin/../lib/gcc/nios2-elf/4.1.2/../../../../nios2-elf/lib/mno-hw-mul\libsmallc.a(lib_a-fvwrite_small_dev.o)
 .debug_pubnames
                0x00000172       0x39 c:/altera/13.0sp1/nios2eds/bin/gnu/h-i686-mingw32/bin/../lib/gcc/nios2-elf/4.1.2/../../../../nios2-elf/lib/mno-hw-mul\libsmallc.a(lib_a-impure.o)
 .debug_pubnames
                0x000001ab       0x1f c:/altera/13.0sp1/nios2eds/bin/gnu/h-i686-mingw32/bin/../lib/gcc/nios2-elf/4.1.2/../../../../nios2-elf/lib/mno-hw-mul\libsmallc.a(lib_a-writer.o)
 .debug_pubnames
                0x000001ca       0x1c c:/altera/13.0sp1/nios2eds/bin/gnu/h-i686-mingw32/bin/../lib/gcc/nios2-elf/4.1.2/../../../../nios2-elf/lib/mno-hw-mul\libsmallc.a(lib_a-int_errno.o)
 .debug_pubnames
                0x000001e6       0x48 c:/altera/13.0sp1/nios2eds/bin/gnu/h-i686-mingw32/bin/../lib/gcc/nios2-elf/4.1.2/mno-hw-mul\libgcc.a(lib2-divmod.o)
 .debug_pubnames
                0x0000022e       0x1f ../helo_bsp/\libhal_bsp.a(alt_load.o)
 .debug_pubnames
                0x0000024d       0x46 ../helo_bsp/\libhal_bsp.a(alt_main.o)
 .debug_pubnames
                0x00000293       0x1c ../helo_bsp/\libhal_bsp.a(alt_write.o)
 .debug_pubnames
                0x000002af       0x34 ../helo_bsp/\libhal_bsp.a(alt_sys_init.o)
 .debug_pubnames
                0x000002e3       0x5b ../helo_bsp/\libhal_bsp.a(altera_avalon_jtag_uart_fd.o)
 .debug_pubnames
                0x0000033e       0x33 ../helo_bsp/\libhal_bsp.a(altera_avalon_jtag_uart_read.o)
 .debug_pubnames
                0x00000371       0x34 ../helo_bsp/\libhal_bsp.a(altera_avalon_jtag_uart_write.o)
 .debug_pubnames
                0x000003a5       0x1c ../helo_bsp/\libhal_bsp.a(alt_close.o)
 .debug_pubnames
                0x000003c1       0x2b ../helo_bsp/\libhal_bsp.a(alt_dcache_flush_all.o)
 .debug_pubnames
                0x000003ec       0x63 ../helo_bsp/\libhal_bsp.a(alt_dev.o)
 .debug_pubnames
                0x0000044f       0x2b ../helo_bsp/\libhal_bsp.a(alt_dev_llist_insert.o)
 .debug_pubnames
                0x0000047a       0x20 ../helo_bsp/\libhal_bsp.a(alt_do_ctors.o)
 .debug_pubnames
                0x0000049a       0x20 ../helo_bsp/\libhal_bsp.a(alt_do_dtors.o)
 .debug_pubnames
                0x000004ba       0x20 ../helo_bsp/\libhal_bsp.a(alt_errno.o)
 .debug_pubnames
                0x000004da       0x2b ../helo_bsp/\libhal_bsp.a(alt_icache_flush_all.o)
 .debug_pubnames
                0x00000505       0x26 ../helo_bsp/\libhal_bsp.a(alt_io_redirect.o)
 .debug_pubnames
                0x0000052b       0x1b ../helo_bsp/\libhal_bsp.a(alt_open.o)
 .debug_pubnames
                0x00000546       0x25 ../helo_bsp/\libhal_bsp.a(alt_release_fd.o)
 .debug_pubnames
                0x0000056b       0x31 ../helo_bsp/\libhal_bsp.a(altera_nios2_qsys_irq.o)
 .debug_pubnames
                0x0000059c       0x23 ../helo_bsp/\libhal_bsp.a(alt_find_dev.o)
 .debug_pubnames
                0x000005bf       0x24 ../helo_bsp/\libhal_bsp.a(alt_find_file.o)
 .debug_pubnames
                0x000005e3       0x21 ../helo_bsp/\libhal_bsp.a(alt_get_fd.o)
 .debug_pubnames
                0x00000604       0x2a c:/altera/13.0sp1/nios2eds/bin/gnu/h-i686-mingw32/bin/../lib/gcc/nios2-elf/4.1.2/../../../../nios2-elf/lib/mno-hw-mul\libsmallc.a(lib_a-atexit.o)
 .debug_pubnames
                0x0000062e       0x1b c:/altera/13.0sp1/nios2eds/bin/gnu/h-i686-mingw32/bin/../lib/gcc/nios2-elf/4.1.2/../../../../nios2-elf/lib/mno-hw-mul\libsmallc.a(lib_a-exit.o)
 .debug_pubnames
                0x00000649       0x1d c:/altera/13.0sp1/nios2eds/bin/gnu/h-i686-mingw32/bin/../lib/gcc/nios2-elf/4.1.2/../../../../nios2-elf/lib/mno-hw-mul\libsmallc.a(lib_a-memcmp.o)
 .debug_pubnames
                0x00000666       0x2a c:/altera/13.0sp1/nios2eds/bin/gnu/h-i686-mingw32/bin/../lib/gcc/nios2-elf/4.1.2/../../../../nios2-elf/lib/mno-hw-mul\libsmallc.a(lib_a-__atexit.o)
 .debug_pubnames
                0x00000690       0x27 c:/altera/13.0sp1/nios2eds/bin/gnu/h-i686-mingw32/bin/../lib/gcc/nios2-elf/4.1.2/../../../../nios2-elf/lib/mno-hw-mul\libsmallc.a(lib_a-__call_atexit.o)
 .debug_pubnames
                0x000006b7       0x1c ../helo_bsp/\libhal_bsp.a(alt_exit.o)

.debug_info     0x00000000     0x91f2
 *(.debug_info .gnu.linkonce.wi.*)
 .debug_info    0x00000000       0x61 ../helo_bsp//obj/HAL/src/crt0.o
 .debug_info    0x00000061      0x508 obj/default/hello_world.o
 .debug_info    0x00000569       0xf3 c:/altera/13.0sp1/nios2eds/bin/gnu/h-i686-mingw32/bin/../lib/gcc/nios2-elf/4.1.2/mno-hw-mul\libgcc.a(lib2-mul.o)
 .debug_info    0x0000065c      0x6c8 c:/altera/13.0sp1/nios2eds/bin/gnu/h-i686-mingw32/bin/../lib/gcc/nios2-elf/4.1.2/../../../../nios2-elf/lib/mno-hw-mul\libsmallc.a(lib_a-printf.o)
 .debug_info    0x00000d24      0x685 c:/altera/13.0sp1/nios2eds/bin/gnu/h-i686-mingw32/bin/../lib/gcc/nios2-elf/4.1.2/../../../../nios2-elf/lib/mno-hw-mul\libsmallc.a(lib_a-puts.o)
 .debug_info    0x000013a9       0xc2 c:/altera/13.0sp1/nios2eds/bin/gnu/h-i686-mingw32/bin/../lib/gcc/nios2-elf/4.1.2/../../../../nios2-elf/lib/mno-hw-mul\libsmallc.a(lib_a-strlen.o)
 .debug_info    0x0000146b      0x9b6 c:/altera/13.0sp1/nios2eds/bin/gnu/h-i686-mingw32/bin/../lib/gcc/nios2-elf/4.1.2/../../../../nios2-elf/lib/mno-hw-mul\libsmallc.a(lib_a-vfprintf.o)
 .debug_info    0x00001e21      0x68e c:/altera/13.0sp1/nios2eds/bin/gnu/h-i686-mingw32/bin/../lib/gcc/nios2-elf/4.1.2/../../../../nios2-elf/lib/mno-hw-mul\libsmallc.a(lib_a-fvwrite_small_dev.o)
 .debug_info    0x000024af      0x636 c:/altera/13.0sp1/nios2eds/bin/gnu/h-i686-mingw32/bin/../lib/gcc/nios2-elf/4.1.2/../../../../nios2-elf/lib/mno-hw-mul\libsmallc.a(lib_a-impure.o)
 .debug_info    0x00002ae5      0x68c c:/altera/13.0sp1/nios2eds/bin/gnu/h-i686-mingw32/bin/../lib/gcc/nios2-elf/4.1.2/../../../../nios2-elf/lib/mno-hw-mul\libsmallc.a(lib_a-writer.o)
 .debug_info    0x00003171       0x8c c:/altera/13.0sp1/nios2eds/bin/gnu/h-i686-mingw32/bin/../lib/gcc/nios2-elf/4.1.2/../../../../nios2-elf/lib/mno-hw-mul\libsmallc.a(lib_a-int_errno.o)
 .debug_info    0x000031fd      0x21c c:/altera/13.0sp1/nios2eds/bin/gnu/h-i686-mingw32/bin/../lib/gcc/nios2-elf/4.1.2/mno-hw-mul\libgcc.a(lib2-divmod.o)
 .debug_info    0x00003419      0x273 ../helo_bsp/\libhal_bsp.a(alt_load.o)
 .debug_info    0x0000368c      0x20b ../helo_bsp/\libhal_bsp.a(alt_main.o)
 .debug_info    0x00003897      0x679 ../helo_bsp/\libhal_bsp.a(alt_write.o)
 .debug_info    0x00003f10      0x5a7 ../helo_bsp/\libhal_bsp.a(alt_sys_init.o)
 .debug_info    0x000044b7      0x59f ../helo_bsp/\libhal_bsp.a(altera_avalon_jtag_uart_fd.o)
 .debug_info    0x00004a56      0x2ef ../helo_bsp/\libhal_bsp.a(altera_avalon_jtag_uart_read.o)
 .debug_info    0x00004d45      0x2cc ../helo_bsp/\libhal_bsp.a(altera_avalon_jtag_uart_write.o)
 .debug_info    0x00005011      0x44d ../helo_bsp/\libhal_bsp.a(alt_close.o)
 .debug_info    0x0000545e      0x142 ../helo_bsp/\libhal_bsp.a(alt_dcache_flush_all.o)
 .debug_info    0x000055a0      0x665 ../helo_bsp/\libhal_bsp.a(alt_dev.o)
 .debug_info    0x00005c05      0x29d ../helo_bsp/\libhal_bsp.a(alt_dev_llist_insert.o)
 .debug_info    0x00005ea2       0xf5 ../helo_bsp/\libhal_bsp.a(alt_do_ctors.o)
 .debug_info    0x00005f97       0xf4 ../helo_bsp/\libhal_bsp.a(alt_do_dtors.o)
 .debug_info    0x0000608b      0x14a ../helo_bsp/\libhal_bsp.a(alt_errno.o)
 .debug_info    0x000061d5      0x142 ../helo_bsp/\libhal_bsp.a(alt_icache_flush_all.o)
 .debug_info    0x00006317      0x67b ../helo_bsp/\libhal_bsp.a(alt_io_redirect.o)
 .debug_info    0x00006992      0x50b ../helo_bsp/\libhal_bsp.a(alt_open.o)
 .debug_info    0x00006e9d      0x3d8 ../helo_bsp/\libhal_bsp.a(alt_release_fd.o)
 .debug_info    0x00007275      0x149 ../helo_bsp/\libhal_bsp.a(altera_nios2_qsys_irq.o)
 .debug_info    0x000073be      0x3fe ../helo_bsp/\libhal_bsp.a(alt_find_dev.o)
 .debug_info    0x000077bc      0x405 ../helo_bsp/\libhal_bsp.a(alt_find_file.o)
 .debug_info    0x00007bc1      0x446 ../helo_bsp/\libhal_bsp.a(alt_get_fd.o)
 .debug_info    0x00008007      0x186 c:/altera/13.0sp1/nios2eds/bin/gnu/h-i686-mingw32/bin/../lib/gcc/nios2-elf/4.1.2/../../../../nios2-elf/lib/mno-hw-mul\libsmallc.a(lib_a-atexit.o)
 .debug_info    0x0000818d       0x9f c:/altera/13.0sp1/nios2eds/bin/gnu/h-i686-mingw32/bin/../lib/gcc/nios2-elf/4.1.2/../../../../nios2-elf/lib/mno-hw-mul\libsmallc.a(lib_a-exit.o)
 .debug_info    0x0000822c       0xef c:/altera/13.0sp1/nios2eds/bin/gnu/h-i686-mingw32/bin/../lib/gcc/nios2-elf/4.1.2/../../../../nios2-elf/lib/mno-hw-mul\libsmallc.a(lib_a-memcmp.o)
 .debug_info    0x0000831b      0x68f c:/altera/13.0sp1/nios2eds/bin/gnu/h-i686-mingw32/bin/../lib/gcc/nios2-elf/4.1.2/../../../../nios2-elf/lib/mno-hw-mul\libsmallc.a(lib_a-__atexit.o)
 .debug_info    0x000089aa      0x6d5 c:/altera/13.0sp1/nios2eds/bin/gnu/h-i686-mingw32/bin/../lib/gcc/nios2-elf/4.1.2/../../../../nios2-elf/lib/mno-hw-mul\libsmallc.a(lib_a-__call_atexit.o)
 .debug_info    0x0000907f      0x173 ../helo_bsp/\libhal_bsp.a(alt_exit.o)

.debug_abbrev   0x00000000     0x21dd
 *(.debug_abbrev)
 .debug_abbrev  0x00000000       0x12 ../helo_bsp//obj/HAL/src/crt0.o
 .debug_abbrev  0x00000012      0x12d obj/default/hello_world.o
 .debug_abbrev  0x0000013f       0x7b c:/altera/13.0sp1/nios2eds/bin/gnu/h-i686-mingw32/bin/../lib/gcc/nios2-elf/4.1.2/mno-hw-mul\libgcc.a(lib2-mul.o)
 .debug_abbrev  0x000001ba      0x179 c:/altera/13.0sp1/nios2eds/bin/gnu/h-i686-mingw32/bin/../lib/gcc/nios2-elf/4.1.2/../../../../nios2-elf/lib/mno-hw-mul\libsmallc.a(lib_a-printf.o)
 .debug_abbrev  0x00000333      0x180 c:/altera/13.0sp1/nios2eds/bin/gnu/h-i686-mingw32/bin/../lib/gcc/nios2-elf/4.1.2/../../../../nios2-elf/lib/mno-hw-mul\libsmallc.a(lib_a-puts.o)
 .debug_abbrev  0x000004b3       0x7a c:/altera/13.0sp1/nios2eds/bin/gnu/h-i686-mingw32/bin/../lib/gcc/nios2-elf/4.1.2/../../../../nios2-elf/lib/mno-hw-mul\libsmallc.a(lib_a-strlen.o)
 .debug_abbrev  0x0000052d      0x263 c:/altera/13.0sp1/nios2eds/bin/gnu/h-i686-mingw32/bin/../lib/gcc/nios2-elf/4.1.2/../../../../nios2-elf/lib/mno-hw-mul\libsmallc.a(lib_a-vfprintf.o)
 .debug_abbrev  0x00000790      0x179 c:/altera/13.0sp1/nios2eds/bin/gnu/h-i686-mingw32/bin/../lib/gcc/nios2-elf/4.1.2/../../../../nios2-elf/lib/mno-hw-mul\libsmallc.a(lib_a-fvwrite_small_dev.o)
 .debug_abbrev  0x00000909      0x13f c:/altera/13.0sp1/nios2eds/bin/gnu/h-i686-mingw32/bin/../lib/gcc/nios2-elf/4.1.2/../../../../nios2-elf/lib/mno-hw-mul\libsmallc.a(lib_a-impure.o)
 .debug_abbrev  0x00000a48      0x16c c:/altera/13.0sp1/nios2eds/bin/gnu/h-i686-mingw32/bin/../lib/gcc/nios2-elf/4.1.2/../../../../nios2-elf/lib/mno-hw-mul\libsmallc.a(lib_a-writer.o)
 .debug_abbrev  0x00000bb4       0x3b c:/altera/13.0sp1/nios2eds/bin/gnu/h-i686-mingw32/bin/../lib/gcc/nios2-elf/4.1.2/../../../../nios2-elf/lib/mno-hw-mul\libsmallc.a(lib_a-int_errno.o)
 .debug_abbrev  0x00000bef       0xe0 c:/altera/13.0sp1/nios2eds/bin/gnu/h-i686-mingw32/bin/../lib/gcc/nios2-elf/4.1.2/mno-hw-mul\libgcc.a(lib2-divmod.o)
 .debug_abbrev  0x00000ccf       0x88 ../helo_bsp/\libhal_bsp.a(alt_load.o)
 .debug_abbrev  0x00000d57       0xb7 ../helo_bsp/\libhal_bsp.a(alt_main.o)
 .debug_abbrev  0x00000e0e      0x100 ../helo_bsp/\libhal_bsp.a(alt_write.o)
 .debug_abbrev  0x00000f0e      0x121 ../helo_bsp/\libhal_bsp.a(alt_sys_init.o)
 .debug_abbrev  0x0000102f       0xcb ../helo_bsp/\libhal_bsp.a(altera_avalon_jtag_uart_fd.o)
 .debug_abbrev  0x000010fa       0xb6 ../helo_bsp/\libhal_bsp.a(altera_avalon_jtag_uart_read.o)
 .debug_abbrev  0x000011b0       0xb4 ../helo_bsp/\libhal_bsp.a(altera_avalon_jtag_uart_write.o)
 .debug_abbrev  0x00001264       0xfb ../helo_bsp/\libhal_bsp.a(alt_close.o)
 .debug_abbrev  0x0000135f       0x3f ../helo_bsp/\libhal_bsp.a(alt_dcache_flush_all.o)
 .debug_abbrev  0x0000139e       0xc7 ../helo_bsp/\libhal_bsp.a(alt_dev.o)
 .debug_abbrev  0x00001465       0xf6 ../helo_bsp/\libhal_bsp.a(alt_dev_llist_insert.o)
 .debug_abbrev  0x0000155b       0x76 ../helo_bsp/\libhal_bsp.a(alt_do_ctors.o)
 .debug_abbrev  0x000015d1       0x76 ../helo_bsp/\libhal_bsp.a(alt_do_dtors.o)
 .debug_abbrev  0x00001647       0x5e ../helo_bsp/\libhal_bsp.a(alt_errno.o)
 .debug_abbrev  0x000016a5       0x3f ../helo_bsp/\libhal_bsp.a(alt_icache_flush_all.o)
 .debug_abbrev  0x000016e4       0xf0 ../helo_bsp/\libhal_bsp.a(alt_io_redirect.o)
 .debug_abbrev  0x000017d4      0x112 ../helo_bsp/\libhal_bsp.a(alt_open.o)
 .debug_abbrev  0x000018e6       0xc1 ../helo_bsp/\libhal_bsp.a(alt_release_fd.o)
 .debug_abbrev  0x000019a7       0x3f ../helo_bsp/\libhal_bsp.a(altera_nios2_qsys_irq.o)
 .debug_abbrev  0x000019e6       0xcf ../helo_bsp/\libhal_bsp.a(alt_find_dev.o)
 .debug_abbrev  0x00001ab5       0xcf ../helo_bsp/\libhal_bsp.a(alt_find_file.o)
 .debug_abbrev  0x00001b84       0xfb ../helo_bsp/\libhal_bsp.a(alt_get_fd.o)
 .debug_abbrev  0x00001c7f       0xc6 c:/altera/13.0sp1/nios2eds/bin/gnu/h-i686-mingw32/bin/../lib/gcc/nios2-elf/4.1.2/../../../../nios2-elf/lib/mno-hw-mul\libsmallc.a(lib_a-atexit.o)
 .debug_abbrev  0x00001d45       0x4e c:/altera/13.0sp1/nios2eds/bin/gnu/h-i686-mingw32/bin/../lib/gcc/nios2-elf/4.1.2/../../../../nios2-elf/lib/mno-hw-mul\libsmallc.a(lib_a-exit.o)
 .debug_abbrev  0x00001d93       0x7c c:/altera/13.0sp1/nios2eds/bin/gnu/h-i686-mingw32/bin/../lib/gcc/nios2-elf/4.1.2/../../../../nios2-elf/lib/mno-hw-mul\libsmallc.a(lib_a-memcmp.o)
 .debug_abbrev  0x00001e0f      0x196 c:/altera/13.0sp1/nios2eds/bin/gnu/h-i686-mingw32/bin/../lib/gcc/nios2-elf/4.1.2/../../../../nios2-elf/lib/mno-hw-mul\libsmallc.a(lib_a-__atexit.o)
 .debug_abbrev  0x00001fa5      0x1c6 c:/altera/13.0sp1/nios2eds/bin/gnu/h-i686-mingw32/bin/../lib/gcc/nios2-elf/4.1.2/../../../../nios2-elf/lib/mno-hw-mul\libsmallc.a(lib_a-__call_atexit.o)
 .debug_abbrev  0x0000216b       0x72 ../helo_bsp/\libhal_bsp.a(alt_exit.o)

.debug_line     0x00000000     0x5eb1
 *(.debug_line)
 .debug_line    0x00000000       0x66 ../helo_bsp//obj/HAL/src/crt0.o
 .debug_line    0x00000066      0x444 obj/default/hello_world.o
 .debug_line    0x000004aa      0x11a c:/altera/13.0sp1/nios2eds/bin/gnu/h-i686-mingw32/bin/../lib/gcc/nios2-elf/4.1.2/mno-hw-mul\libgcc.a(lib2-mul.o)
 .debug_line    0x000005c4      0x2be c:/altera/13.0sp1/nios2eds/bin/gnu/h-i686-mingw32/bin/../lib/gcc/nios2-elf/4.1.2/../../../../nios2-elf/lib/mno-hw-mul\libsmallc.a(lib_a-printf.o)
 .debug_line    0x00000882      0x2b2 c:/altera/13.0sp1/nios2eds/bin/gnu/h-i686-mingw32/bin/../lib/gcc/nios2-elf/4.1.2/../../../../nios2-elf/lib/mno-hw-mul\libsmallc.a(lib_a-puts.o)
 .debug_line    0x00000b34      0x250 c:/altera/13.0sp1/nios2eds/bin/gnu/h-i686-mingw32/bin/../lib/gcc/nios2-elf/4.1.2/../../../../nios2-elf/lib/mno-hw-mul\libsmallc.a(lib_a-strlen.o)
 .debug_line    0x00000d84      0x666 c:/altera/13.0sp1/nios2eds/bin/gnu/h-i686-mingw32/bin/../lib/gcc/nios2-elf/4.1.2/../../../../nios2-elf/lib/mno-hw-mul\libsmallc.a(lib_a-vfprintf.o)
 .debug_line    0x000013ea      0x2a9 c:/altera/13.0sp1/nios2eds/bin/gnu/h-i686-mingw32/bin/../lib/gcc/nios2-elf/4.1.2/../../../../nios2-elf/lib/mno-hw-mul\libsmallc.a(lib_a-fvwrite_small_dev.o)
 .debug_line    0x00001693      0x230 c:/altera/13.0sp1/nios2eds/bin/gnu/h-i686-mingw32/bin/../lib/gcc/nios2-elf/4.1.2/../../../../nios2-elf/lib/mno-hw-mul\libsmallc.a(lib_a-impure.o)
 .debug_line    0x000018c3      0x29d c:/altera/13.0sp1/nios2eds/bin/gnu/h-i686-mingw32/bin/../lib/gcc/nios2-elf/4.1.2/../../../../nios2-elf/lib/mno-hw-mul\libsmallc.a(lib_a-writer.o)
 .debug_line    0x00001b60      0x1e2 c:/altera/13.0sp1/nios2eds/bin/gnu/h-i686-mingw32/bin/../lib/gcc/nios2-elf/4.1.2/../../../../nios2-elf/lib/mno-hw-mul\libsmallc.a(lib_a-int_errno.o)
 .debug_line    0x00001d42      0x24f c:/altera/13.0sp1/nios2eds/bin/gnu/h-i686-mingw32/bin/../lib/gcc/nios2-elf/4.1.2/mno-hw-mul\libgcc.a(lib2-divmod.o)
 .debug_line    0x00001f91      0x217 ../helo_bsp/\libhal_bsp.a(alt_load.o)
 .debug_line    0x000021a8      0x2ca ../helo_bsp/\libhal_bsp.a(alt_main.o)
 .debug_line    0x00002472      0x2c9 ../helo_bsp/\libhal_bsp.a(alt_write.o)
 .debug_line    0x0000273b      0x2bf ../helo_bsp/\libhal_bsp.a(alt_sys_init.o)
 .debug_line    0x000029fa      0x1d7 ../helo_bsp/\libhal_bsp.a(altera_avalon_jtag_uart_fd.o)
 .debug_line    0x00002bd1      0x343 ../helo_bsp/\libhal_bsp.a(altera_avalon_jtag_uart_read.o)
 .debug_line    0x00002f14      0x304 ../helo_bsp/\libhal_bsp.a(altera_avalon_jtag_uart_write.o)
 .debug_line    0x00003218      0x299 ../helo_bsp/\libhal_bsp.a(alt_close.o)
 .debug_line    0x000034b1      0x1b5 ../helo_bsp/\libhal_bsp.a(alt_dcache_flush_all.o)
 .debug_line    0x00003666      0x254 ../helo_bsp/\libhal_bsp.a(alt_dev.o)
 .debug_line    0x000038ba      0x25a ../helo_bsp/\libhal_bsp.a(alt_dev_llist_insert.o)
 .debug_line    0x00003b14       0x83 ../helo_bsp/\libhal_bsp.a(alt_do_ctors.o)
 .debug_line    0x00003b97       0x83 ../helo_bsp/\libhal_bsp.a(alt_do_dtors.o)
 .debug_line    0x00003c1a      0x1aa ../helo_bsp/\libhal_bsp.a(alt_errno.o)
 .debug_line    0x00003dc4      0x1b5 ../helo_bsp/\libhal_bsp.a(alt_icache_flush_all.o)
 .debug_line    0x00003f79      0x2b4 ../helo_bsp/\libhal_bsp.a(alt_io_redirect.o)
 .debug_line    0x0000422d      0x2ff ../helo_bsp/\libhal_bsp.a(alt_open.o)
 .debug_line    0x0000452c       0xed ../helo_bsp/\libhal_bsp.a(alt_release_fd.o)
 .debug_line    0x00004619      0x1ce ../helo_bsp/\libhal_bsp.a(altera_nios2_qsys_irq.o)
 .debug_line    0x000047e7      0x26b ../helo_bsp/\libhal_bsp.a(alt_find_dev.o)
 .debug_line    0x00004a52      0x27c ../helo_bsp/\libhal_bsp.a(alt_find_file.o)
 .debug_line    0x00004cce      0x297 ../helo_bsp/\libhal_bsp.a(alt_get_fd.o)
 .debug_line    0x00004f65      0x203 c:/altera/13.0sp1/nios2eds/bin/gnu/h-i686-mingw32/bin/../lib/gcc/nios2-elf/4.1.2/../../../../nios2-elf/lib/mno-hw-mul\libsmallc.a(lib_a-atexit.o)
 .debug_line    0x00005168      0x223 c:/altera/13.0sp1/nios2eds/bin/gnu/h-i686-mingw32/bin/../lib/gcc/nios2-elf/4.1.2/../../../../nios2-elf/lib/mno-hw-mul\libsmallc.a(lib_a-exit.o)
 .debug_line    0x0000538b      0x270 c:/altera/13.0sp1/nios2eds/bin/gnu/h-i686-mingw32/bin/../lib/gcc/nios2-elf/4.1.2/../../../../nios2-elf/lib/mno-hw-mul\libsmallc.a(lib_a-memcmp.o)
 .debug_line    0x000055fb      0x350 c:/altera/13.0sp1/nios2eds/bin/gnu/h-i686-mingw32/bin/../lib/gcc/nios2-elf/4.1.2/../../../../nios2-elf/lib/mno-hw-mul\libsmallc.a(lib_a-__atexit.o)
 .debug_line    0x0000594b      0x360 c:/altera/13.0sp1/nios2eds/bin/gnu/h-i686-mingw32/bin/../lib/gcc/nios2-elf/4.1.2/../../../../nios2-elf/lib/mno-hw-mul\libsmallc.a(lib_a-__call_atexit.o)
 .debug_line    0x00005cab      0x206 ../helo_bsp/\libhal_bsp.a(alt_exit.o)

.debug_frame    0x00000000      0x884
 *(.debug_frame)
 .debug_frame   0x00000000       0xa0 obj/default/hello_world.o
 .debug_frame   0x000000a0       0x20 c:/altera/13.0sp1/nios2eds/bin/gnu/h-i686-mingw32/bin/../lib/gcc/nios2-elf/4.1.2/mno-hw-mul\libgcc.a(lib2-mul.o)
 .debug_frame   0x000000c0       0x40 c:/altera/13.0sp1/nios2eds/bin/gnu/h-i686-mingw32/bin/../lib/gcc/nios2-elf/4.1.2/../../../../nios2-elf/lib/mno-hw-mul\libsmallc.a(lib_a-printf.o)
 .debug_frame   0x00000100       0x3c c:/altera/13.0sp1/nios2eds/bin/gnu/h-i686-mingw32/bin/../lib/gcc/nios2-elf/4.1.2/../../../../nios2-elf/lib/mno-hw-mul\libsmallc.a(lib_a-puts.o)
 .debug_frame   0x0000013c       0x20 c:/altera/13.0sp1/nios2eds/bin/gnu/h-i686-mingw32/bin/../lib/gcc/nios2-elf/4.1.2/../../../../nios2-elf/lib/mno-hw-mul\libsmallc.a(lib_a-strlen.o)
 .debug_frame   0x0000015c       0x64 c:/altera/13.0sp1/nios2eds/bin/gnu/h-i686-mingw32/bin/../lib/gcc/nios2-elf/4.1.2/../../../../nios2-elf/lib/mno-hw-mul\libsmallc.a(lib_a-vfprintf.o)
 .debug_frame   0x000001c0       0x30 c:/altera/13.0sp1/nios2eds/bin/gnu/h-i686-mingw32/bin/../lib/gcc/nios2-elf/4.1.2/../../../../nios2-elf/lib/mno-hw-mul\libsmallc.a(lib_a-fvwrite_small_dev.o)
 .debug_frame   0x000001f0       0x2c c:/altera/13.0sp1/nios2eds/bin/gnu/h-i686-mingw32/bin/../lib/gcc/nios2-elf/4.1.2/../../../../nios2-elf/lib/mno-hw-mul\libsmallc.a(lib_a-writer.o)
 .debug_frame   0x0000021c       0x70 c:/altera/13.0sp1/nios2eds/bin/gnu/h-i686-mingw32/bin/../lib/gcc/nios2-elf/4.1.2/mno-hw-mul\libgcc.a(lib2-divmod.o)
 .debug_frame   0x0000028c       0x48 ../helo_bsp/\libhal_bsp.a(alt_load.o)
 .debug_frame   0x000002d4       0x2c ../helo_bsp/\libhal_bsp.a(alt_main.o)
 .debug_frame   0x00000300       0x48 ../helo_bsp/\libhal_bsp.a(alt_write.o)
 .debug_frame   0x00000348       0x64 ../helo_bsp/\libhal_bsp.a(alt_sys_init.o)
 .debug_frame   0x000003ac       0x48 ../helo_bsp/\libhal_bsp.a(altera_avalon_jtag_uart_fd.o)
 .debug_frame   0x000003f4       0x2c ../helo_bsp/\libhal_bsp.a(altera_avalon_jtag_uart_read.o)
 .debug_frame   0x00000420       0x2c ../helo_bsp/\libhal_bsp.a(altera_avalon_jtag_uart_write.o)
 .debug_frame   0x0000044c       0x48 ../helo_bsp/\libhal_bsp.a(alt_close.o)
 .debug_frame   0x00000494       0x2c ../helo_bsp/\libhal_bsp.a(alt_dcache_flush_all.o)
 .debug_frame   0x000004c0       0x2c ../helo_bsp/\libhal_bsp.a(alt_dev.o)
 .debug_frame   0x000004ec       0x48 ../helo_bsp/\libhal_bsp.a(alt_dev_llist_insert.o)
 .debug_frame   0x00000534       0x2c ../helo_bsp/\libhal_bsp.a(alt_do_ctors.o)
 .debug_frame   0x00000560       0x2c ../helo_bsp/\libhal_bsp.a(alt_do_dtors.o)
 .debug_frame   0x0000058c       0x2c ../helo_bsp/\libhal_bsp.a(alt_icache_flush_all.o)
 .debug_frame   0x000005b8       0x4c ../helo_bsp/\libhal_bsp.a(alt_io_redirect.o)
 .debug_frame   0x00000604       0x68 ../helo_bsp/\libhal_bsp.a(alt_open.o)
 .debug_frame   0x0000066c       0x30 ../helo_bsp/\libhal_bsp.a(alt_release_fd.o)
 .debug_frame   0x0000069c       0x2c ../helo_bsp/\libhal_bsp.a(altera_nios2_qsys_irq.o)
 .debug_frame   0x000006c8       0x2c ../helo_bsp/\libhal_bsp.a(alt_find_dev.o)
 .debug_frame   0x000006f4       0x2c ../helo_bsp/\libhal_bsp.a(alt_find_file.o)
 .debug_frame   0x00000720       0x30 ../helo_bsp/\libhal_bsp.a(alt_get_fd.o)
 .debug_frame   0x00000750       0x20 c:/altera/13.0sp1/nios2eds/bin/gnu/h-i686-mingw32/bin/../lib/gcc/nios2-elf/4.1.2/../../../../nios2-elf/lib/mno-hw-mul\libsmallc.a(lib_a-atexit.o)
 .debug_frame   0x00000770       0x2c c:/altera/13.0sp1/nios2eds/bin/gnu/h-i686-mingw32/bin/../lib/gcc/nios2-elf/4.1.2/../../../../nios2-elf/lib/mno-hw-mul\libsmallc.a(lib_a-exit.o)
 .debug_frame   0x0000079c       0x20 c:/altera/13.0sp1/nios2eds/bin/gnu/h-i686-mingw32/bin/../lib/gcc/nios2-elf/4.1.2/../../../../nios2-elf/lib/mno-hw-mul\libsmallc.a(lib_a-memcmp.o)
 .debug_frame   0x000007bc       0x34 c:/altera/13.0sp1/nios2eds/bin/gnu/h-i686-mingw32/bin/../lib/gcc/nios2-elf/4.1.2/../../../../nios2-elf/lib/mno-hw-mul\libsmallc.a(lib_a-__atexit.o)
 .debug_frame   0x000007f0       0x4c c:/altera/13.0sp1/nios2eds/bin/gnu/h-i686-mingw32/bin/../lib/gcc/nios2-elf/4.1.2/../../../../nios2-elf/lib/mno-hw-mul\libsmallc.a(lib_a-__call_atexit.o)
 .debug_frame   0x0000083c       0x48 ../helo_bsp/\libhal_bsp.a(alt_exit.o)

.debug_str      0x00000000      0xd76
 *(.debug_str)
 .debug_str     0x00000000       0x12 obj/default/hello_world.o
 .debug_str     0x00000012      0x128 c:/altera/13.0sp1/nios2eds/bin/gnu/h-i686-mingw32/bin/../lib/gcc/nios2-elf/4.1.2/mno-hw-mul\libgcc.a(lib2-mul.o)
                                0x175 (size before relaxing)
 .debug_str     0x0000013a      0x3aa c:/altera/13.0sp1/nios2eds/bin/gnu/h-i686-mingw32/bin/../lib/gcc/nios2-elf/4.1.2/../../../../nios2-elf/lib/mno-hw-mul\libsmallc.a(lib_a-printf.o)
                                0x466 (size before relaxing)
 .debug_str     0x000004e4       0x48 c:/altera/13.0sp1/nios2eds/bin/gnu/h-i686-mingw32/bin/../lib/gcc/nios2-elf/4.1.2/../../../../nios2-elf/lib/mno-hw-mul\libsmallc.a(lib_a-puts.o)
                                0x450 (size before relaxing)
 .debug_str     0x0000052c       0xe2 c:/altera/13.0sp1/nios2eds/bin/gnu/h-i686-mingw32/bin/../lib/gcc/nios2-elf/4.1.2/../../../../nios2-elf/lib/mno-hw-mul\libsmallc.a(lib_a-strlen.o)
                                0x184 (size before relaxing)
 .debug_str     0x0000060e      0x168 c:/altera/13.0sp1/nios2eds/bin/gnu/h-i686-mingw32/bin/../lib/gcc/nios2-elf/4.1.2/../../../../nios2-elf/lib/mno-hw-mul\libsmallc.a(lib_a-vfprintf.o)
                                0x5af (size before relaxing)
 .debug_str     0x00000776       0x70 c:/altera/13.0sp1/nios2eds/bin/gnu/h-i686-mingw32/bin/../lib/gcc/nios2-elf/4.1.2/../../../../nios2-elf/lib/mno-hw-mul\libsmallc.a(lib_a-fvwrite_small_dev.o)
                                0x46a (size before relaxing)
 .debug_str     0x000007e6       0xf8 c:/altera/13.0sp1/nios2eds/bin/gnu/h-i686-mingw32/bin/../lib/gcc/nios2-elf/4.1.2/../../../../nios2-elf/lib/mno-hw-mul\libsmallc.a(lib_a-impure.o)
                                0x45d (size before relaxing)
 .debug_str     0x000008de       0x4f c:/altera/13.0sp1/nios2eds/bin/gnu/h-i686-mingw32/bin/../lib/gcc/nios2-elf/4.1.2/../../../../nios2-elf/lib/mno-hw-mul\libsmallc.a(lib_a-writer.o)
                                0x451 (size before relaxing)
 .debug_str     0x0000092d       0x40 c:/altera/13.0sp1/nios2eds/bin/gnu/h-i686-mingw32/bin/../lib/gcc/nios2-elf/4.1.2/../../../../nios2-elf/lib/mno-hw-mul\libsmallc.a(lib_a-int_errno.o)
                                0x177 (size before relaxing)
 .debug_str     0x0000096d       0x76 c:/altera/13.0sp1/nios2eds/bin/gnu/h-i686-mingw32/bin/../lib/gcc/nios2-elf/4.1.2/mno-hw-mul\libgcc.a(lib2-divmod.o)
                                0x1b4 (size before relaxing)
 .debug_str     0x000009e3       0x12 ../helo_bsp/\libhal_bsp.a(alt_load.o)
 .debug_str     0x000009f5       0x12 ../helo_bsp/\libhal_bsp.a(alt_main.o)
 .debug_str     0x00000a07       0x12 ../helo_bsp/\libhal_bsp.a(alt_write.o)
 .debug_str     0x00000a19       0x12 ../helo_bsp/\libhal_bsp.a(alt_sys_init.o)
 .debug_str     0x00000a2b       0x12 ../helo_bsp/\libhal_bsp.a(altera_avalon_jtag_uart_read.o)
 .debug_str     0x00000a3d       0x12 ../helo_bsp/\libhal_bsp.a(altera_avalon_jtag_uart_write.o)
 .debug_str     0x00000a4f       0x12 ../helo_bsp/\libhal_bsp.a(alt_close.o)
 .debug_str     0x00000a61       0x12 ../helo_bsp/\libhal_bsp.a(alt_dcache_flush_all.o)
 .debug_str     0x00000a73       0x12 ../helo_bsp/\libhal_bsp.a(alt_dev.o)
 .debug_str     0x00000a85       0x12 ../helo_bsp/\libhal_bsp.a(alt_dev_llist_insert.o)
 .debug_str     0x00000a97       0x12 ../helo_bsp/\libhal_bsp.a(alt_errno.o)
 .debug_str     0x00000aa9       0x12 ../helo_bsp/\libhal_bsp.a(alt_icache_flush_all.o)
 .debug_str     0x00000abb       0x12 ../helo_bsp/\libhal_bsp.a(alt_io_redirect.o)
 .debug_str     0x00000acd       0x12 ../helo_bsp/\libhal_bsp.a(alt_open.o)
 .debug_str     0x00000adf       0x12 ../helo_bsp/\libhal_bsp.a(altera_nios2_qsys_irq.o)
 .debug_str     0x00000af1       0x12 ../helo_bsp/\libhal_bsp.a(alt_find_dev.o)
 .debug_str     0x00000b03       0x12 ../helo_bsp/\libhal_bsp.a(alt_find_file.o)
 .debug_str     0x00000b15       0x12 ../helo_bsp/\libhal_bsp.a(alt_get_fd.o)
 .debug_str     0x00000b27       0xdb c:/altera/13.0sp1/nios2eds/bin/gnu/h-i686-mingw32/bin/../lib/gcc/nios2-elf/4.1.2/../../../../nios2-elf/lib/mno-hw-mul\libsmallc.a(lib_a-atexit.o)
                                0x1e5 (size before relaxing)
 .debug_str     0x00000c02       0x41 c:/altera/13.0sp1/nios2eds/bin/gnu/h-i686-mingw32/bin/../lib/gcc/nios2-elf/4.1.2/../../../../nios2-elf/lib/mno-hw-mul\libsmallc.a(lib_a-exit.o)
                                0x178 (size before relaxing)
 .debug_str     0x00000c43       0x45 c:/altera/13.0sp1/nios2eds/bin/gnu/h-i686-mingw32/bin/../lib/gcc/nios2-elf/4.1.2/../../../../nios2-elf/lib/mno-hw-mul\libsmallc.a(lib_a-memcmp.o)
                                0x17e (size before relaxing)
 .debug_str     0x00000c88       0x54 c:/altera/13.0sp1/nios2eds/bin/gnu/h-i686-mingw32/bin/../lib/gcc/nios2-elf/4.1.2/../../../../nios2-elf/lib/mno-hw-mul\libsmallc.a(lib_a-__atexit.o)
                                0x467 (size before relaxing)
 .debug_str     0x00000cdc       0x7e c:/altera/13.0sp1/nios2eds/bin/gnu/h-i686-mingw32/bin/../lib/gcc/nios2-elf/4.1.2/../../../../nios2-elf/lib/mno-hw-mul\libsmallc.a(lib_a-__call_atexit.o)
                                0x491 (size before relaxing)
 .debug_str     0x00000d5a       0x1c ../helo_bsp/\libhal_bsp.a(alt_exit.o)

.debug_loc      0x00000000     0x180f
 *(.debug_loc)
 .debug_loc     0x00000000       0xd8 obj/default/hello_world.o
 .debug_loc     0x000000d8       0x4f c:/altera/13.0sp1/nios2eds/bin/gnu/h-i686-mingw32/bin/../lib/gcc/nios2-elf/4.1.2/mno-hw-mul\libgcc.a(lib2-mul.o)
 .debug_loc     0x00000127       0x8d c:/altera/13.0sp1/nios2eds/bin/gnu/h-i686-mingw32/bin/../lib/gcc/nios2-elf/4.1.2/../../../../nios2-elf/lib/mno-hw-mul\libsmallc.a(lib_a-printf.o)
 .debug_loc     0x000001b4       0xa2 c:/altera/13.0sp1/nios2eds/bin/gnu/h-i686-mingw32/bin/../lib/gcc/nios2-elf/4.1.2/../../../../nios2-elf/lib/mno-hw-mul\libsmallc.a(lib_a-puts.o)
 .debug_loc     0x00000256       0x1e c:/altera/13.0sp1/nios2eds/bin/gnu/h-i686-mingw32/bin/../lib/gcc/nios2-elf/4.1.2/../../../../nios2-elf/lib/mno-hw-mul\libsmallc.a(lib_a-strlen.o)
 .debug_loc     0x00000274      0x878 c:/altera/13.0sp1/nios2eds/bin/gnu/h-i686-mingw32/bin/../lib/gcc/nios2-elf/4.1.2/../../../../nios2-elf/lib/mno-hw-mul\libsmallc.a(lib_a-vfprintf.o)
 .debug_loc     0x00000aec      0x162 c:/altera/13.0sp1/nios2eds/bin/gnu/h-i686-mingw32/bin/../lib/gcc/nios2-elf/4.1.2/../../../../nios2-elf/lib/mno-hw-mul\libsmallc.a(lib_a-fvwrite_small_dev.o)
 .debug_loc     0x00000c4e       0x97 c:/altera/13.0sp1/nios2eds/bin/gnu/h-i686-mingw32/bin/../lib/gcc/nios2-elf/4.1.2/../../../../nios2-elf/lib/mno-hw-mul\libsmallc.a(lib_a-writer.o)
 .debug_loc     0x00000ce5      0x1d2 c:/altera/13.0sp1/nios2eds/bin/gnu/h-i686-mingw32/bin/../lib/gcc/nios2-elf/4.1.2/mno-hw-mul\libgcc.a(lib2-divmod.o)
 .debug_loc     0x00000eb7       0x56 ../helo_bsp/\libhal_bsp.a(alt_load.o)
 .debug_loc     0x00000f0d       0x2b ../helo_bsp/\libhal_bsp.a(alt_main.o)
 .debug_loc     0x00000f38       0x56 ../helo_bsp/\libhal_bsp.a(alt_write.o)
 .debug_loc     0x00000f8e       0x81 ../helo_bsp/\libhal_bsp.a(alt_sys_init.o)
 .debug_loc     0x0000100f       0x56 ../helo_bsp/\libhal_bsp.a(altera_avalon_jtag_uart_fd.o)
 .debug_loc     0x00001065       0x2b ../helo_bsp/\libhal_bsp.a(altera_avalon_jtag_uart_read.o)
 .debug_loc     0x00001090       0x2b ../helo_bsp/\libhal_bsp.a(altera_avalon_jtag_uart_write.o)
 .debug_loc     0x000010bb       0x56 ../helo_bsp/\libhal_bsp.a(alt_close.o)
 .debug_loc     0x00001111       0x2b ../helo_bsp/\libhal_bsp.a(alt_dcache_flush_all.o)
 .debug_loc     0x0000113c       0x2b ../helo_bsp/\libhal_bsp.a(alt_dev.o)
 .debug_loc     0x00001167       0x56 ../helo_bsp/\libhal_bsp.a(alt_dev_llist_insert.o)
 .debug_loc     0x000011bd       0x2b ../helo_bsp/\libhal_bsp.a(alt_do_ctors.o)
 .debug_loc     0x000011e8       0x2b ../helo_bsp/\libhal_bsp.a(alt_do_dtors.o)
 .debug_loc     0x00001213       0x2b ../helo_bsp/\libhal_bsp.a(alt_icache_flush_all.o)
 .debug_loc     0x0000123e       0x56 ../helo_bsp/\libhal_bsp.a(alt_io_redirect.o)
 .debug_loc     0x00001294       0x81 ../helo_bsp/\libhal_bsp.a(alt_open.o)
 .debug_loc     0x00001315       0x2b ../helo_bsp/\libhal_bsp.a(alt_release_fd.o)
 .debug_loc     0x00001340       0x2b ../helo_bsp/\libhal_bsp.a(altera_nios2_qsys_irq.o)
 .debug_loc     0x0000136b       0x2b ../helo_bsp/\libhal_bsp.a(alt_find_dev.o)
 .debug_loc     0x00001396       0x2b ../helo_bsp/\libhal_bsp.a(alt_find_file.o)
 .debug_loc     0x000013c1       0x2b ../helo_bsp/\libhal_bsp.a(alt_get_fd.o)
 .debug_loc     0x000013ec       0x1e c:/altera/13.0sp1/nios2eds/bin/gnu/h-i686-mingw32/bin/../lib/gcc/nios2-elf/4.1.2/../../../../nios2-elf/lib/mno-hw-mul\libsmallc.a(lib_a-atexit.o)
 .debug_loc     0x0000140a       0x3d c:/altera/13.0sp1/nios2eds/bin/gnu/h-i686-mingw32/bin/../lib/gcc/nios2-elf/4.1.2/../../../../nios2-elf/lib/mno-hw-mul\libsmallc.a(lib_a-exit.o)
 .debug_loc     0x00001447       0x70 c:/altera/13.0sp1/nios2eds/bin/gnu/h-i686-mingw32/bin/../lib/gcc/nios2-elf/4.1.2/../../../../nios2-elf/lib/mno-hw-mul\libsmallc.a(lib_a-memcmp.o)
 .debug_loc     0x000014b7      0x141 c:/altera/13.0sp1/nios2eds/bin/gnu/h-i686-mingw32/bin/../lib/gcc/nios2-elf/4.1.2/../../../../nios2-elf/lib/mno-hw-mul\libsmallc.a(lib_a-__atexit.o)
 .debug_loc     0x000015f8      0x1c1 c:/altera/13.0sp1/nios2eds/bin/gnu/h-i686-mingw32/bin/../lib/gcc/nios2-elf/4.1.2/../../../../nios2-elf/lib/mno-hw-mul\libsmallc.a(lib_a-__call_atexit.o)
 .debug_loc     0x000017b9       0x56 ../helo_bsp/\libhal_bsp.a(alt_exit.o)

.debug_macinfo
 *(.debug_macinfo)

.debug_weaknames
 *(.debug_weaknames)

.debug_funcnames
 *(.debug_funcnames)

.debug_typenames
 *(.debug_typenames)

.debug_varnames
 *(.debug_varnames)

.debug_alt_sim_info
                0x00000000       0x10
 *(.debug_alt_sim_info)
 .debug_alt_sim_info
                0x00000000       0x10 ../helo_bsp//obj/HAL/src/crt0.o
                0x08108000                __alt_data_end = 0x8108000
                0x08108000                PROVIDE (__alt_stack_pointer, __alt_data_end)
                0x08106c24                PROVIDE (__alt_stack_limit, __alt_stack_base)
                0x08106c24                PROVIDE (__alt_heap_start, end)
                0x08108000                PROVIDE (__alt_heap_limit, 0x8108000)
OUTPUT(helo.elf elf32-littlenios2)

.debug_ranges   0x00000000      0x178
 .debug_ranges  0x00000000       0x20 ../helo_bsp//obj/HAL/src/crt0.o
 .debug_ranges  0x00000020      0x140 c:/altera/13.0sp1/nios2eds/bin/gnu/h-i686-mingw32/bin/../lib/gcc/nios2-elf/4.1.2/../../../../nios2-elf/lib/mno-hw-mul\libsmallc.a(lib_a-vfprintf.o)
 .debug_ranges  0x00000160       0x18 c:/altera/13.0sp1/nios2eds/bin/gnu/h-i686-mingw32/bin/../lib/gcc/nios2-elf/4.1.2/../../../../nios2-elf/lib/mno-hw-mul\libsmallc.a(lib_a-__call_atexit.o)
