Archive member included because of file (symbol)

c:/altera/13.0sp1/nios2eds/bin/gnu/h-i686-mingw32/bin/../lib/gcc/nios2-elf/4.1.2/../../../../nios2-elf/lib\libsmallc.a(lib_a-printf.o)
                              obj/default/hello_world.o (printf)
c:/altera/13.0sp1/nios2eds/bin/gnu/h-i686-mingw32/bin/../lib/gcc/nios2-elf/4.1.2/../../../../nios2-elf/lib\libsmallc.a(lib_a-puts.o)
                              obj/default/hello_world.o (puts)
c:/altera/13.0sp1/nios2eds/bin/gnu/h-i686-mingw32/bin/../lib/gcc/nios2-elf/4.1.2/../../../../nios2-elf/lib\libsmallc.a(lib_a-strlen.o)
                              c:/altera/13.0sp1/nios2eds/bin/gnu/h-i686-mingw32/bin/../lib/gcc/nios2-elf/4.1.2/../../../../nios2-elf/lib\libsmallc.a(lib_a-puts.o) (strlen)
c:/altera/13.0sp1/nios2eds/bin/gnu/h-i686-mingw32/bin/../lib/gcc/nios2-elf/4.1.2/../../../../nios2-elf/lib\libsmallc.a(lib_a-vfprintf.o)
                              c:/altera/13.0sp1/nios2eds/bin/gnu/h-i686-mingw32/bin/../lib/gcc/nios2-elf/4.1.2/../../../../nios2-elf/lib\libsmallc.a(lib_a-printf.o) (___vfprintf_internal_r)
c:/altera/13.0sp1/nios2eds/bin/gnu/h-i686-mingw32/bin/../lib/gcc/nios2-elf/4.1.2/../../../../nios2-elf/lib\libsmallc.a(lib_a-fvwrite_small_dev.o)
                              c:/altera/13.0sp1/nios2eds/bin/gnu/h-i686-mingw32/bin/../lib/gcc/nios2-elf/4.1.2/../../../../nios2-elf/lib\libsmallc.a(lib_a-printf.o) (__sfvwrite_small_dev)
c:/altera/13.0sp1/nios2eds/bin/gnu/h-i686-mingw32/bin/../lib/gcc/nios2-elf/4.1.2/../../../../nios2-elf/lib\libsmallc.a(lib_a-impure.o)
                              c:/altera/13.0sp1/nios2eds/bin/gnu/h-i686-mingw32/bin/../lib/gcc/nios2-elf/4.1.2/../../../../nios2-elf/lib\libsmallc.a(lib_a-printf.o) (_impure_ptr)
c:/altera/13.0sp1/nios2eds/bin/gnu/h-i686-mingw32/bin/../lib/gcc/nios2-elf/4.1.2/../../../../nios2-elf/lib\libsmallc.a(lib_a-writer.o)
                              c:/altera/13.0sp1/nios2eds/bin/gnu/h-i686-mingw32/bin/../lib/gcc/nios2-elf/4.1.2/../../../../nios2-elf/lib\libsmallc.a(lib_a-fvwrite_small_dev.o) (_write_r)
c:/altera/13.0sp1/nios2eds/bin/gnu/h-i686-mingw32/bin/../lib/gcc/nios2-elf/4.1.2/../../../../nios2-elf/lib\libsmallc.a(lib_a-int_errno.o)
                              c:/altera/13.0sp1/nios2eds/bin/gnu/h-i686-mingw32/bin/../lib/gcc/nios2-elf/4.1.2/../../../../nios2-elf/lib\libsmallc.a(lib_a-writer.o) (errno)
c:/altera/13.0sp1/nios2eds/bin/gnu/h-i686-mingw32/bin/../lib/gcc/nios2-elf/4.1.2\libgcc.a(lib2-divmod.o)
                              c:/altera/13.0sp1/nios2eds/bin/gnu/h-i686-mingw32/bin/../lib/gcc/nios2-elf/4.1.2/../../../../nios2-elf/lib\libsmallc.a(lib_a-vfprintf.o) (__udivsi3)
../elo_bsp/\libhal_bsp.a(alt_load.o)
                              ../elo_bsp//obj/HAL/src/crt0.o (alt_load)
../elo_bsp/\libhal_bsp.a(alt_main.o)
                              ../elo_bsp//obj/HAL/src/crt0.o (alt_main)
../elo_bsp/\libhal_bsp.a(alt_write.o)
                              c:/altera/13.0sp1/nios2eds/bin/gnu/h-i686-mingw32/bin/../lib/gcc/nios2-elf/4.1.2/../../../../nios2-elf/lib\libsmallc.a(lib_a-writer.o) (write)
../elo_bsp/\libhal_bsp.a(alt_sys_init.o)
                              ../elo_bsp/\libhal_bsp.a(alt_main.o) (alt_irq_init)
../elo_bsp/\libhal_bsp.a(altera_avalon_jtag_uart_fd.o)
                              ../elo_bsp/\libhal_bsp.a(alt_sys_init.o) (altera_avalon_jtag_uart_read_fd)
../elo_bsp/\libhal_bsp.a(altera_avalon_jtag_uart_read.o)
                              ../elo_bsp/\libhal_bsp.a(altera_avalon_jtag_uart_fd.o) (altera_avalon_jtag_uart_read)
../elo_bsp/\libhal_bsp.a(altera_avalon_jtag_uart_write.o)
                              ../elo_bsp/\libhal_bsp.a(altera_avalon_jtag_uart_fd.o) (altera_avalon_jtag_uart_write)
../elo_bsp/\libhal_bsp.a(altera_avalon_timer_vars.o)
                              ../elo_bsp/\libhal_bsp.a(alt_sys_init.o) (altera_avalon_timer_ts_base)
../elo_bsp/\libhal_bsp.a(alt_close.o)
                              ../elo_bsp/\libhal_bsp.a(alt_main.o) (close)
../elo_bsp/\libhal_bsp.a(alt_dcache_flush_all.o)
                              ../elo_bsp/\libhal_bsp.a(alt_load.o) (alt_dcache_flush_all)
../elo_bsp/\libhal_bsp.a(alt_dev.o)
                              ../elo_bsp/\libhal_bsp.a(alt_sys_init.o) (alt_dev_list)
../elo_bsp/\libhal_bsp.a(alt_dev_llist_insert.o)
                              ../elo_bsp/\libhal_bsp.a(alt_sys_init.o) (alt_dev_llist_insert)
../elo_bsp/\libhal_bsp.a(alt_do_ctors.o)
                              ../elo_bsp/\libhal_bsp.a(alt_main.o) (_do_ctors)
../elo_bsp/\libhal_bsp.a(alt_do_dtors.o)
                              ../elo_bsp/\libhal_bsp.a(alt_main.o) (_do_dtors)
../elo_bsp/\libhal_bsp.a(alt_errno.o)
                              ../elo_bsp/\libhal_bsp.a(alt_write.o) (alt_errno)
../elo_bsp/\libhal_bsp.a(alt_icache_flush_all.o)
                              ../elo_bsp/\libhal_bsp.a(alt_load.o) (alt_icache_flush_all)
../elo_bsp/\libhal_bsp.a(alt_io_redirect.o)
                              ../elo_bsp/\libhal_bsp.a(alt_main.o) (alt_io_redirect)
../elo_bsp/\libhal_bsp.a(alt_open.o)
                              ../elo_bsp/\libhal_bsp.a(alt_io_redirect.o) (open)
../elo_bsp/\libhal_bsp.a(alt_release_fd.o)
                              ../elo_bsp/\libhal_bsp.a(alt_close.o) (alt_release_fd)
../elo_bsp/\libhal_bsp.a(altera_nios2_qsys_irq.o)
                              ../elo_bsp/\libhal_bsp.a(alt_sys_init.o) (altera_nios2_qsys_irq_init)
../elo_bsp/\libhal_bsp.a(alt_find_dev.o)
                              ../elo_bsp/\libhal_bsp.a(alt_open.o) (alt_find_dev)
../elo_bsp/\libhal_bsp.a(alt_find_file.o)
                              ../elo_bsp/\libhal_bsp.a(alt_open.o) (alt_find_file)
../elo_bsp/\libhal_bsp.a(alt_get_fd.o)
                              ../elo_bsp/\libhal_bsp.a(alt_open.o) (alt_get_fd)
../elo_bsp/\libhal_bsp.a(alt_icache_flush.o)
                              ../elo_bsp/\libhal_bsp.a(alt_icache_flush_all.o) (alt_icache_flush)
c:/altera/13.0sp1/nios2eds/bin/gnu/h-i686-mingw32/bin/../lib/gcc/nios2-elf/4.1.2/../../../../nios2-elf/lib\libsmallc.a(lib_a-atexit.o)
                              ../elo_bsp/\libhal_bsp.a(alt_main.o) (atexit)
c:/altera/13.0sp1/nios2eds/bin/gnu/h-i686-mingw32/bin/../lib/gcc/nios2-elf/4.1.2/../../../../nios2-elf/lib\libsmallc.a(lib_a-exit.o)
                              ../elo_bsp/\libhal_bsp.a(alt_main.o) (exit)
c:/altera/13.0sp1/nios2eds/bin/gnu/h-i686-mingw32/bin/../lib/gcc/nios2-elf/4.1.2/../../../../nios2-elf/lib\libsmallc.a(lib_a-memcmp.o)
                              ../elo_bsp/\libhal_bsp.a(alt_find_dev.o) (memcmp)
c:/altera/13.0sp1/nios2eds/bin/gnu/h-i686-mingw32/bin/../lib/gcc/nios2-elf/4.1.2/../../../../nios2-elf/lib\libsmallc.a(lib_a-__atexit.o)
                              c:/altera/13.0sp1/nios2eds/bin/gnu/h-i686-mingw32/bin/../lib/gcc/nios2-elf/4.1.2/../../../../nios2-elf/lib\libsmallc.a(lib_a-atexit.o) (__register_exitproc)
c:/altera/13.0sp1/nios2eds/bin/gnu/h-i686-mingw32/bin/../lib/gcc/nios2-elf/4.1.2/../../../../nios2-elf/lib\libsmallc.a(lib_a-__call_atexit.o)
                              c:/altera/13.0sp1/nios2eds/bin/gnu/h-i686-mingw32/bin/../lib/gcc/nios2-elf/4.1.2/../../../../nios2-elf/lib\libsmallc.a(lib_a-exit.o) (__call_exitprocs)
../elo_bsp/\libhal_bsp.a(alt_exit.o)
                              c:/altera/13.0sp1/nios2eds/bin/gnu/h-i686-mingw32/bin/../lib/gcc/nios2-elf/4.1.2/../../../../nios2-elf/lib\libsmallc.a(lib_a-exit.o) (_exit)

Allocating common symbols
Common symbol       size              file

errno               0x4               c:/altera/13.0sp1/nios2eds/bin/gnu/h-i686-mingw32/bin/../lib/gcc/nios2-elf/4.1.2/../../../../nios2-elf/lib\libsmallc.a(lib_a-int_errno.o)
_atexit0            0x8c              c:/altera/13.0sp1/nios2eds/bin/gnu/h-i686-mingw32/bin/../lib/gcc/nios2-elf/4.1.2/../../../../nios2-elf/lib\libsmallc.a(lib_a-atexit.o)

Memory Configuration

Name             Origin             Length             Attributes
SDRAM_CONTROLLER 0x04000000         0x00800000
SSRAM_CONTROLLER 0x08080000         0x00080000
reset            0x08104000         0x00000020
ONCHIP           0x08104020         0x00003fe0
*default*        0x00000000         0xffffffff

Linker script and memory map

LOAD ../elo_bsp//obj/HAL/src/crt0.o
LOAD obj/default/hello_world.o
LOAD c:/altera/13.0sp1/nios2eds/bin/gnu/h-i686-mingw32/bin/../lib/gcc/nios2-elf/4.1.2/../../../../nios2-elf/lib\libstdc++.a
LOAD c:/altera/13.0sp1/nios2eds/bin/gnu/h-i686-mingw32/bin/../lib/gcc/nios2-elf/4.1.2/../../../../nios2-elf/lib\libm.a
LOAD c:/altera/13.0sp1/nios2eds/bin/gnu/h-i686-mingw32/bin/../lib/gcc/nios2-elf/4.1.2\libgcc.a
START GROUP
LOAD c:/altera/13.0sp1/nios2eds/bin/gnu/h-i686-mingw32/bin/../lib/gcc/nios2-elf/4.1.2/../../../../nios2-elf/lib\libsmallc.a
LOAD c:/altera/13.0sp1/nios2eds/bin/gnu/h-i686-mingw32/bin/../lib/gcc/nios2-elf/4.1.2\libgcc.a
LOAD ../elo_bsp/\libhal_bsp.a
END GROUP
LOAD c:/altera/13.0sp1/nios2eds/bin/gnu/h-i686-mingw32/bin/../lib/gcc/nios2-elf/4.1.2\libgcc.a
                0x04000000                __alt_mem_SDRAM_CONTROLLER = 0x4000000
                0x08080000                __alt_mem_SSRAM_CONTROLLER = 0x8080000
                0x08104000                __alt_mem_ONCHIP = 0x8104000

.entry          0x08104000       0x20
 *(.entry)
 .entry         0x08104000       0x20 ../elo_bsp//obj/HAL/src/crt0.o
                0x08104000                __reset

.exceptions     0x08104020        0x0 load address 0x04000000
                0x08104020                PROVIDE (__ram_exceptions_start, ABSOLUTE (.))
                0x08104020                . = ALIGN (0x20)
 *(.irq)
 *(.exceptions.entry.label)
 *(.exceptions.entry.user)
 *(.exceptions.entry)
 *(.exceptions.irqtest.user)
 *(.exceptions.irqtest)
 *(.exceptions.irqhandler.user)
 *(.exceptions.irqhandler)
 *(.exceptions.irqreturn.user)
 *(.exceptions.irqreturn)
 *(.exceptions.notirq.label)
 *(.exceptions.notirq.user)
 *(.exceptions.notirq)
 *(.exceptions.soft.user)
 *(.exceptions.soft)
 *(.exceptions.unknown.user)
 *(.exceptions.unknown)
 *(.exceptions.exit.label)
 *(.exceptions.exit.user)
 *(.exceptions.exit)
 *(.exceptions)
                0x08104020                PROVIDE (__ram_exceptions_end, ABSOLUTE (.))
                0x04000000                PROVIDE (__flash_exceptions_start, LOADADDR (.exceptions))

.text           0x04000000     0x2534
                0x04000000                PROVIDE (stext, ABSOLUTE (.))
 *(.interp)
 *(.hash)
 *(.dynsym)
 *(.dynstr)
 *(.gnu.version)
 *(.gnu.version_d)
 *(.gnu.version_r)
 *(.rel.init)
 *(.rela.init)
 *(.rel.text .rel.text.* .rel.gnu.linkonce.t.*)
 *(.rela.text .rela.text.* .rela.gnu.linkonce.t.*)
 *(.rel.fini)
 *(.rela.fini)
 *(.rel.rodata .rel.rodata.* .rel.gnu.linkonce.r.*)
 *(.rela.rodata .rela.rodata.* .rela.gnu.linkonce.r.*)
 *(.rel.data .rel.data.* .rel.gnu.linkonce.d.*)
 *(.rela.data .rela.data.* .rela.gnu.linkonce.d.*)
 *(.rel.tdata .rel.tdata.* .rel.gnu.linkonce.td.*)
 *(.rela.tdata .rela.tdata.* .rela.gnu.linkonce.td.*)
 *(.rel.tbss .rel.tbss.* .rel.gnu.linkonce.tb.*)
 *(.rela.tbss .rela.tbss.* .rela.gnu.linkonce.tb.*)
 *(.rel.ctors)
 *(.rela.ctors)
 *(.rel.dtors)
 *(.rela.dtors)
 *(.rel.got)
 *(.rela.got)
 *(.rel.sdata .rel.sdata.* .rel.gnu.linkonce.s.*)
 *(.rela.sdata .rela.sdata.* .rela.gnu.linkonce.s.*)
 *(.rel.sbss .rel.sbss.* .rel.gnu.linkonce.sb.*)
 *(.rela.sbss .rela.sbss.* .rela.gnu.linkonce.sb.*)
 *(.rel.sdata2 .rel.sdata2.* .rel.gnu.linkonce.s2.*)
 *(.rela.sdata2 .rela.sdata2.* .rela.gnu.linkonce.s2.*)
 *(.rel.sbss2 .rel.sbss2.* .rel.gnu.linkonce.sb2.*)
 *(.rela.sbss2 .rela.sbss2.* .rela.gnu.linkonce.sb2.*)
 *(.rel.bss .rel.bss.* .rel.gnu.linkonce.b.*)
 *(.rela.bss .rela.bss.* .rela.gnu.linkonce.b.*)
 *(.rel.plt)
 *(.rela.plt)
 *(.rel.dyn)
 *(.init)
 *(.plt)
 *(.text .stub .text.* .gnu.linkonce.t.*)
 .text          0x04000000       0x4c ../elo_bsp//obj/HAL/src/crt0.o
                0x04000000                _start
 .text          0x0400004c      0x4f0 obj/default/hello_world.o
                0x0400004c                sqrt_hw
                0x04000074                sqrt_sw
                0x04000130                snap_start
                0x04000194                snap_stop
                0x040001bc                snap_timer
                0x04000204                main
 .text          0x0400053c       0x98 c:/altera/13.0sp1/nios2eds/bin/gnu/h-i686-mingw32/bin/../lib/gcc/nios2-elf/4.1.2/../../../../nios2-elf/lib\libsmallc.a(lib_a-printf.o)
                0x0400053c                printf
                0x04000590                _printf_r
 .text          0x040005d4       0xa4 c:/altera/13.0sp1/nios2eds/bin/gnu/h-i686-mingw32/bin/../lib/gcc/nios2-elf/4.1.2/../../../../nios2-elf/lib\libsmallc.a(lib_a-puts.o)
                0x040005d4                _puts_r
                0x04000664                puts
 .text          0x04000678       0x20 c:/altera/13.0sp1/nios2eds/bin/gnu/h-i686-mingw32/bin/../lib/gcc/nios2-elf/4.1.2/../../../../nios2-elf/lib\libsmallc.a(lib_a-strlen.o)
                0x04000678                strlen
 .text          0x04000698      0x6d4 c:/altera/13.0sp1/nios2eds/bin/gnu/h-i686-mingw32/bin/../lib/gcc/nios2-elf/4.1.2/../../../../nios2-elf/lib\libsmallc.a(lib_a-vfprintf.o)
                0x04000718                ___vfprintf_internal_r
                0x04000d48                __vfprintf_internal
 .text          0x04000d6c       0xbc c:/altera/13.0sp1/nios2eds/bin/gnu/h-i686-mingw32/bin/../lib/gcc/nios2-elf/4.1.2/../../../../nios2-elf/lib\libsmallc.a(lib_a-fvwrite_small_dev.o)
                0x04000d6c                __sfvwrite_small_dev
 .text          0x04000e28        0x0 c:/altera/13.0sp1/nios2eds/bin/gnu/h-i686-mingw32/bin/../lib/gcc/nios2-elf/4.1.2/../../../../nios2-elf/lib\libsmallc.a(lib_a-impure.o)
 .text          0x04000e28       0x78 c:/altera/13.0sp1/nios2eds/bin/gnu/h-i686-mingw32/bin/../lib/gcc/nios2-elf/4.1.2/../../../../nios2-elf/lib\libsmallc.a(lib_a-writer.o)
                0x04000e28                _write_r
 .text          0x04000ea0        0x0 c:/altera/13.0sp1/nios2eds/bin/gnu/h-i686-mingw32/bin/../lib/gcc/nios2-elf/4.1.2/../../../../nios2-elf/lib\libsmallc.a(lib_a-int_errno.o)
 .text          0x04000ea0      0x14c c:/altera/13.0sp1/nios2eds/bin/gnu/h-i686-mingw32/bin/../lib/gcc/nios2-elf/4.1.2\libgcc.a(lib2-divmod.o)
                0x04000f1c                __divsi3
                0x04000f7c                __modsi3
                0x04000fdc                __udivsi3
                0x04000fe4                __umodsi3
 .text          0x04000fec       0xec ../elo_bsp/\libhal_bsp.a(alt_load.o)
                0x04000fec                alt_load
 .text          0x040010d8       0x6c ../elo_bsp/\libhal_bsp.a(alt_main.o)
                0x040010d8                alt_main
 .text          0x04001144      0x180 ../elo_bsp/\libhal_bsp.a(alt_write.o)
                0x04001144                write
 .text          0x040012c4       0xc4 ../elo_bsp/\libhal_bsp.a(alt_sys_init.o)
                0x040012c4                alt_irq_init
                0x040012f8                alt_sys_init
 .text          0x04001388       0xb0 ../elo_bsp/\libhal_bsp.a(altera_avalon_jtag_uart_fd.o)
                0x04001388                altera_avalon_jtag_uart_read_fd
                0x040013e0                altera_avalon_jtag_uart_write_fd
 .text          0x04001438      0x104 ../elo_bsp/\libhal_bsp.a(altera_avalon_jtag_uart_read.o)
                0x04001438                altera_avalon_jtag_uart_read
 .text          0x0400153c       0xa4 ../elo_bsp/\libhal_bsp.a(altera_avalon_jtag_uart_write.o)
                0x0400153c                altera_avalon_jtag_uart_write
 .text          0x040015e0        0x0 ../elo_bsp/\libhal_bsp.a(altera_avalon_timer_vars.o)
 .text          0x040015e0      0x15c ../elo_bsp/\libhal_bsp.a(alt_close.o)
                0x040015e0                close
 .text          0x0400173c       0x44 ../elo_bsp/\libhal_bsp.a(alt_dcache_flush_all.o)
                0x0400173c                alt_dcache_flush_all
 .text          0x04001780       0x2c ../elo_bsp/\libhal_bsp.a(alt_dev.o)
 .text          0x040017ac      0x114 ../elo_bsp/\libhal_bsp.a(alt_dev_llist_insert.o)
                0x040017ac                alt_dev_llist_insert
 .text          0x040018c0       0x64 ../elo_bsp/\libhal_bsp.a(alt_do_ctors.o)
                0x040018c0                _do_ctors
 .text          0x04001924       0x64 ../elo_bsp/\libhal_bsp.a(alt_do_dtors.o)
                0x04001924                _do_dtors
 .text          0x04001988        0x0 ../elo_bsp/\libhal_bsp.a(alt_errno.o)
 .text          0x04001988       0x30 ../elo_bsp/\libhal_bsp.a(alt_icache_flush_all.o)
                0x04001988                alt_icache_flush_all
 .text          0x040019b8      0x13c ../elo_bsp/\libhal_bsp.a(alt_io_redirect.o)
                0x04001a7c                alt_io_redirect
 .text          0x04001af4      0x2c4 ../elo_bsp/\libhal_bsp.a(alt_open.o)
                0x04001bd0                open
 .text          0x04001db8       0x60 ../elo_bsp/\libhal_bsp.a(alt_release_fd.o)
                0x04001db8                alt_release_fd
 .text          0x04001e18       0x20 ../elo_bsp/\libhal_bsp.a(altera_nios2_qsys_irq.o)
                0x04001e18                altera_nios2_qsys_irq_init
 .text          0x04001e38       0x94 ../elo_bsp/\libhal_bsp.a(alt_find_dev.o)
                0x04001e38                alt_find_dev
 .text          0x04001ecc      0x120 ../elo_bsp/\libhal_bsp.a(alt_find_file.o)
                0x04001ecc                alt_find_file
 .text          0x04001fec       0xb8 ../elo_bsp/\libhal_bsp.a(alt_get_fd.o)
                0x04001fec                alt_get_fd
 .text          0x040020a4       0x90 ../elo_bsp/\libhal_bsp.a(alt_icache_flush.o)
                0x040020a4                alt_icache_flush
 .text          0x04002134       0x14 c:/altera/13.0sp1/nios2eds/bin/gnu/h-i686-mingw32/bin/../lib/gcc/nios2-elf/4.1.2/../../../../nios2-elf/lib\libsmallc.a(lib_a-atexit.o)
                0x04002134                atexit
 .text          0x04002148       0x20 c:/altera/13.0sp1/nios2eds/bin/gnu/h-i686-mingw32/bin/../lib/gcc/nios2-elf/4.1.2/../../../../nios2-elf/lib\libsmallc.a(lib_a-exit.o)
                0x04002148                exit
 .text          0x04002168       0x3c c:/altera/13.0sp1/nios2eds/bin/gnu/h-i686-mingw32/bin/../lib/gcc/nios2-elf/4.1.2/../../../../nios2-elf/lib\libsmallc.a(lib_a-memcmp.o)
                0x04002168                memcmp
 .text          0x040021a4      0x16c c:/altera/13.0sp1/nios2eds/bin/gnu/h-i686-mingw32/bin/../lib/gcc/nios2-elf/4.1.2/../../../../nios2-elf/lib\libsmallc.a(lib_a-__atexit.o)
                0x040021a4                __register_exitproc
 .text          0x04002310      0x1c0 c:/altera/13.0sp1/nios2eds/bin/gnu/h-i686-mingw32/bin/../lib/gcc/nios2-elf/4.1.2/../../../../nios2-elf/lib\libsmallc.a(lib_a-__call_atexit.o)
                0x04002314                __call_exitprocs
 .text          0x040024d0       0x60 ../elo_bsp/\libhal_bsp.a(alt_exit.o)
                0x04002510                _exit
 *(.gnu.warning.*)
 *(.fini)
                0x04002530                PROVIDE (__etext, ABSOLUTE (.))
                0x04002530                PROVIDE (_etext, ABSOLUTE (.))
                0x04002530                PROVIDE (etext, ABSOLUTE (.))
 *(.eh_frame_hdr)
                0x04002530                . = ALIGN (0x4)
                0x04002530                PROVIDE (__preinit_array_start, ABSOLUTE (.))
 *(.preinit_array)
                0x04002530                PROVIDE (__preinit_array_end, ABSOLUTE (.))
                0x04002530                PROVIDE (__init_array_start, ABSOLUTE (.))
 *(.init_array)
                0x04002530                PROVIDE (__init_array_end, ABSOLUTE (.))
                0x04002530                PROVIDE (__fini_array_start, ABSOLUTE (.))
 *(.fini_array)
                0x04002530                PROVIDE (__fini_array_end, ABSOLUTE (.))
 *(.eh_frame)
 *(.gcc_except_table)
 *(.dynamic)
                0x04002530                PROVIDE (__CTOR_LIST__, ABSOLUTE (.))
 *(.ctors)
 *(SORT(.ctors.*))
 .ctors.65535   0x04002530        0x4 c:/altera/13.0sp1/nios2eds/bin/gnu/h-i686-mingw32/bin/../lib/gcc/nios2-elf/4.1.2/../../../../nios2-elf/lib\libsmallc.a(lib_a-__call_atexit.o)
                0x04002534                PROVIDE (__CTOR_END__, ABSOLUTE (.))
                0x04002534                PROVIDE (__DTOR_LIST__, ABSOLUTE (.))
 *(.dtors)
 *(SORT(.dtors.*))
                0x04002534                PROVIDE (__DTOR_END__, ABSOLUTE (.))
 *(.jcr)
                0x04002534                . = ALIGN (0x4)

.rodata         0x04002534       0x7c
                0x04002534                PROVIDE (__ram_rodata_start, ABSOLUTE (.))
                0x04002534                . = ALIGN (0x4)
 *(.rodata .rodata.* .gnu.linkonce.r.*)
 .rodata        0x04002534       0x4c obj/default/hello_world.o
 .rodata.str1.4
                0x04002580        0x4 c:/altera/13.0sp1/nios2eds/bin/gnu/h-i686-mingw32/bin/../lib/gcc/nios2-elf/4.1.2/../../../../nios2-elf/lib\libsmallc.a(lib_a-puts.o)
 .rodata        0x04002584       0x10 ../elo_bsp/\libhal_bsp.a(alt_main.o)
 .rodata        0x04002594       0x10 ../elo_bsp/\libhal_bsp.a(alt_sys_init.o)
 .rodata        0x040025a4        0xc ../elo_bsp/\libhal_bsp.a(alt_dev.o)
 *(.rodata1)
                0x040025b0                . = ALIGN (0x4)
                0x040025b0                PROVIDE (__ram_rodata_end, ABSOLUTE (.))
                0x04002534                PROVIDE (__flash_rodata_start, LOADADDR (.rodata))

.rwdata         0x040025b0      0x2e0 load address 0x04002890
                0x040025b0                PROVIDE (__ram_rwdata_start, ABSOLUTE (.))
                0x040025b0                . = ALIGN (0x4)
 *(.got.plt)
 *(.got)
 *(.data1)
 *(.data .data.* .gnu.linkonce.d.*)
 .data          0x040025b0        0x0 ../elo_bsp//obj/HAL/src/crt0.o
 .data          0x040025b0        0x0 obj/default/hello_world.o
 .data          0x040025b0        0x0 c:/altera/13.0sp1/nios2eds/bin/gnu/h-i686-mingw32/bin/../lib/gcc/nios2-elf/4.1.2/../../../../nios2-elf/lib\libsmallc.a(lib_a-printf.o)
 .data          0x040025b0        0x0 c:/altera/13.0sp1/nios2eds/bin/gnu/h-i686-mingw32/bin/../lib/gcc/nios2-elf/4.1.2/../../../../nios2-elf/lib\libsmallc.a(lib_a-puts.o)
 .data          0x040025b0        0x0 c:/altera/13.0sp1/nios2eds/bin/gnu/h-i686-mingw32/bin/../lib/gcc/nios2-elf/4.1.2/../../../../nios2-elf/lib\libsmallc.a(lib_a-strlen.o)
 .data          0x040025b0        0x0 c:/altera/13.0sp1/nios2eds/bin/gnu/h-i686-mingw32/bin/../lib/gcc/nios2-elf/4.1.2/../../../../nios2-elf/lib\libsmallc.a(lib_a-vfprintf.o)
 .data          0x040025b0        0x0 c:/altera/13.0sp1/nios2eds/bin/gnu/h-i686-mingw32/bin/../lib/gcc/nios2-elf/4.1.2/../../../../nios2-elf/lib\libsmallc.a(lib_a-fvwrite_small_dev.o)
 .data          0x040025b0       0xe0 c:/altera/13.0sp1/nios2eds/bin/gnu/h-i686-mingw32/bin/../lib/gcc/nios2-elf/4.1.2/../../../../nios2-elf/lib\libsmallc.a(lib_a-impure.o)
 .data          0x04002690        0x0 c:/altera/13.0sp1/nios2eds/bin/gnu/h-i686-mingw32/bin/../lib/gcc/nios2-elf/4.1.2/../../../../nios2-elf/lib\libsmallc.a(lib_a-writer.o)
 .data          0x04002690        0x0 c:/altera/13.0sp1/nios2eds/bin/gnu/h-i686-mingw32/bin/../lib/gcc/nios2-elf/4.1.2/../../../../nios2-elf/lib\libsmallc.a(lib_a-int_errno.o)
 .data          0x04002690        0x0 c:/altera/13.0sp1/nios2eds/bin/gnu/h-i686-mingw32/bin/../lib/gcc/nios2-elf/4.1.2\libgcc.a(lib2-divmod.o)
 .data          0x04002690        0x0 ../elo_bsp/\libhal_bsp.a(alt_load.o)
 .data          0x04002690        0x0 ../elo_bsp/\libhal_bsp.a(alt_main.o)
 .data          0x04002690        0x0 ../elo_bsp/\libhal_bsp.a(alt_write.o)
 .data          0x04002690       0x2c ../elo_bsp/\libhal_bsp.a(alt_sys_init.o)
 .data          0x040026bc        0x0 ../elo_bsp/\libhal_bsp.a(altera_avalon_jtag_uart_fd.o)
 .data          0x040026bc        0x0 ../elo_bsp/\libhal_bsp.a(altera_avalon_jtag_uart_read.o)
 .data          0x040026bc        0x0 ../elo_bsp/\libhal_bsp.a(altera_avalon_jtag_uart_write.o)
 .data          0x040026bc        0x0 ../elo_bsp/\libhal_bsp.a(altera_avalon_timer_vars.o)
 .data          0x040026bc        0x0 ../elo_bsp/\libhal_bsp.a(alt_close.o)
 .data          0x040026bc        0x0 ../elo_bsp/\libhal_bsp.a(alt_dcache_flush_all.o)
 .data          0x040026bc      0x1a8 ../elo_bsp/\libhal_bsp.a(alt_dev.o)
                0x040026bc                alt_dev_null
                0x040026e4                alt_fd_list
 .data          0x04002864        0x0 ../elo_bsp/\libhal_bsp.a(alt_dev_llist_insert.o)
 .data          0x04002864        0x0 ../elo_bsp/\libhal_bsp.a(alt_do_ctors.o)
 .data          0x04002864        0x0 ../elo_bsp/\libhal_bsp.a(alt_do_dtors.o)
 .data          0x04002864        0x0 ../elo_bsp/\libhal_bsp.a(alt_errno.o)
 .data          0x04002864        0x0 ../elo_bsp/\libhal_bsp.a(alt_icache_flush_all.o)
 .data          0x04002864        0x0 ../elo_bsp/\libhal_bsp.a(alt_io_redirect.o)
 .data          0x04002864        0x0 ../elo_bsp/\libhal_bsp.a(alt_open.o)
 .data          0x04002864        0x0 ../elo_bsp/\libhal_bsp.a(alt_release_fd.o)
 .data          0x04002864        0x0 ../elo_bsp/\libhal_bsp.a(altera_nios2_qsys_irq.o)
 .data          0x04002864        0x0 ../elo_bsp/\libhal_bsp.a(alt_find_dev.o)
 .data          0x04002864        0x0 ../elo_bsp/\libhal_bsp.a(alt_find_file.o)
 .data          0x04002864        0x0 ../elo_bsp/\libhal_bsp.a(alt_get_fd.o)
 .data          0x04002864        0x0 ../elo_bsp/\libhal_bsp.a(alt_icache_flush.o)
 .data          0x04002864        0x0 c:/altera/13.0sp1/nios2eds/bin/gnu/h-i686-mingw32/bin/../lib/gcc/nios2-elf/4.1.2/../../../../nios2-elf/lib\libsmallc.a(lib_a-atexit.o)
 .data          0x04002864        0x0 c:/altera/13.0sp1/nios2eds/bin/gnu/h-i686-mingw32/bin/../lib/gcc/nios2-elf/4.1.2/../../../../nios2-elf/lib\libsmallc.a(lib_a-exit.o)
 .data          0x04002864        0x0 c:/altera/13.0sp1/nios2eds/bin/gnu/h-i686-mingw32/bin/../lib/gcc/nios2-elf/4.1.2/../../../../nios2-elf/lib\libsmallc.a(lib_a-memcmp.o)
 .data          0x04002864        0x0 c:/altera/13.0sp1/nios2eds/bin/gnu/h-i686-mingw32/bin/../lib/gcc/nios2-elf/4.1.2/../../../../nios2-elf/lib\libsmallc.a(lib_a-__atexit.o)
 .data          0x04002864        0x0 c:/altera/13.0sp1/nios2eds/bin/gnu/h-i686-mingw32/bin/../lib/gcc/nios2-elf/4.1.2/../../../../nios2-elf/lib\libsmallc.a(lib_a-__call_atexit.o)
 .data          0x04002864        0x0 ../elo_bsp/\libhal_bsp.a(alt_exit.o)
                0x0400a864                _gp = ABSOLUTE ((. + 0x8000))
                0x0400a864                PROVIDE (gp, _gp)
 *(.rwdata .rwdata.*)
 *(.sdata .sdata.* .gnu.linkonce.s.*)
 .sdata         0x04002864        0xc obj/default/hello_world.o
                0x04002864                LED_ptr
                0x04002868                SW_ptr
                0x0400286c                TIMER
 .sdata         0x04002870        0x8 c:/altera/13.0sp1/nios2eds/bin/gnu/h-i686-mingw32/bin/../lib/gcc/nios2-elf/4.1.2/../../../../nios2-elf/lib\libsmallc.a(lib_a-impure.o)
                0x04002870                _impure_ptr
                0x04002874                _global_impure_ptr
 .sdata         0x04002878       0x14 ../elo_bsp/\libhal_bsp.a(alt_dev.o)
                0x04002878                alt_fs_list
                0x04002880                alt_dev_list
                0x04002888                alt_max_fd
 .sdata         0x0400288c        0x4 ../elo_bsp/\libhal_bsp.a(alt_errno.o)
                0x0400288c                alt_errno
 *(.sdata2 .sdata2.* .gnu.linkonce.s2.*)
                0x04002890                . = ALIGN (0x4)
                0x04002890                _edata = ABSOLUTE (.)
                0x04002890                PROVIDE (edata, ABSOLUTE (.))
                0x04002890                PROVIDE (__ram_rwdata_end, ABSOLUTE (.))
                0x04002890                PROVIDE (__flash_rwdata_start, LOADADDR (.rwdata))

.bss            0x04002b70       0xa4
                0x04002b70                __bss_start = ABSOLUTE (.)
                0x04002b70                PROVIDE (__sbss_start, ABSOLUTE (.))
                0x04002b70                PROVIDE (___sbss_start, ABSOLUTE (.))
 *(.dynsbss)
 *(.sbss .sbss.* .gnu.linkonce.sb.*)
 .sbss          0x04002b70        0x4 c:/altera/13.0sp1/nios2eds/bin/gnu/h-i686-mingw32/bin/../lib/gcc/nios2-elf/4.1.2/../../../../nios2-elf/lib\libsmallc.a(lib_a-int_errno.o)
                0x04002b70                errno
 .sbss          0x04002b74        0xc ../elo_bsp/\libhal_bsp.a(alt_main.o)
                0x04002b74                alt_argc
                0x04002b78                alt_argv
                0x04002b7c                alt_envp
 .sbss          0x04002b80        0x8 ../elo_bsp/\libhal_bsp.a(altera_avalon_timer_vars.o)
                0x04002b80                altera_avalon_timer_ts_base
                0x04002b84                altera_avalon_timer_ts_freq
 *(.sbss2 .sbss2.* .gnu.linkonce.sb2.*)
 *(.scommon)
                0x04002b88                PROVIDE (__sbss_end, ABSOLUTE (.))
                0x04002b88                PROVIDE (___sbss_end, ABSOLUTE (.))
 *(.dynbss)
 *(.bss .bss.* .gnu.linkonce.b.*)
 .bss           0x04002b88        0x0 ../elo_bsp//obj/HAL/src/crt0.o
 .bss           0x04002b88        0x0 obj/default/hello_world.o
 .bss           0x04002b88        0x0 c:/altera/13.0sp1/nios2eds/bin/gnu/h-i686-mingw32/bin/../lib/gcc/nios2-elf/4.1.2/../../../../nios2-elf/lib\libsmallc.a(lib_a-printf.o)
 .bss           0x04002b88        0x0 c:/altera/13.0sp1/nios2eds/bin/gnu/h-i686-mingw32/bin/../lib/gcc/nios2-elf/4.1.2/../../../../nios2-elf/lib\libsmallc.a(lib_a-puts.o)
 .bss           0x04002b88        0x0 c:/altera/13.0sp1/nios2eds/bin/gnu/h-i686-mingw32/bin/../lib/gcc/nios2-elf/4.1.2/../../../../nios2-elf/lib\libsmallc.a(lib_a-strlen.o)
 .bss           0x04002b88        0x0 c:/altera/13.0sp1/nios2eds/bin/gnu/h-i686-mingw32/bin/../lib/gcc/nios2-elf/4.1.2/../../../../nios2-elf/lib\libsmallc.a(lib_a-vfprintf.o)
 .bss           0x04002b88        0x0 c:/altera/13.0sp1/nios2eds/bin/gnu/h-i686-mingw32/bin/../lib/gcc/nios2-elf/4.1.2/../../../../nios2-elf/lib\libsmallc.a(lib_a-fvwrite_small_dev.o)
 .bss           0x04002b88        0x0 c:/altera/13.0sp1/nios2eds/bin/gnu/h-i686-mingw32/bin/../lib/gcc/nios2-elf/4.1.2/../../../../nios2-elf/lib\libsmallc.a(lib_a-impure.o)
 .bss           0x04002b88        0x0 c:/altera/13.0sp1/nios2eds/bin/gnu/h-i686-mingw32/bin/../lib/gcc/nios2-elf/4.1.2/../../../../nios2-elf/lib\libsmallc.a(lib_a-writer.o)
 .bss           0x04002b88        0x0 c:/altera/13.0sp1/nios2eds/bin/gnu/h-i686-mingw32/bin/../lib/gcc/nios2-elf/4.1.2/../../../../nios2-elf/lib\libsmallc.a(lib_a-int_errno.o)
 .bss           0x04002b88        0x0 c:/altera/13.0sp1/nios2eds/bin/gnu/h-i686-mingw32/bin/../lib/gcc/nios2-elf/4.1.2\libgcc.a(lib2-divmod.o)
 .bss           0x04002b88        0x0 ../elo_bsp/\libhal_bsp.a(alt_load.o)
 .bss           0x04002b88        0x0 ../elo_bsp/\libhal_bsp.a(alt_main.o)
 .bss           0x04002b88        0x0 ../elo_bsp/\libhal_bsp.a(alt_write.o)
 .bss           0x04002b88        0x0 ../elo_bsp/\libhal_bsp.a(alt_sys_init.o)
 .bss           0x04002b88        0x0 ../elo_bsp/\libhal_bsp.a(altera_avalon_jtag_uart_fd.o)
 .bss           0x04002b88        0x0 ../elo_bsp/\libhal_bsp.a(altera_avalon_jtag_uart_read.o)
 .bss           0x04002b88        0x0 ../elo_bsp/\libhal_bsp.a(altera_avalon_jtag_uart_write.o)
 .bss           0x04002b88        0x0 ../elo_bsp/\libhal_bsp.a(altera_avalon_timer_vars.o)
 .bss           0x04002b88        0x0 ../elo_bsp/\libhal_bsp.a(alt_close.o)
 .bss           0x04002b88        0x0 ../elo_bsp/\libhal_bsp.a(alt_dcache_flush_all.o)
 .bss           0x04002b88        0x0 ../elo_bsp/\libhal_bsp.a(alt_dev.o)
 .bss           0x04002b88        0x0 ../elo_bsp/\libhal_bsp.a(alt_dev_llist_insert.o)
 .bss           0x04002b88        0x0 ../elo_bsp/\libhal_bsp.a(alt_do_ctors.o)
 .bss           0x04002b88        0x0 ../elo_bsp/\libhal_bsp.a(alt_do_dtors.o)
 .bss           0x04002b88        0x0 ../elo_bsp/\libhal_bsp.a(alt_errno.o)
 .bss           0x04002b88        0x0 ../elo_bsp/\libhal_bsp.a(alt_icache_flush_all.o)
 .bss           0x04002b88        0x0 ../elo_bsp/\libhal_bsp.a(alt_io_redirect.o)
 .bss           0x04002b88        0x0 ../elo_bsp/\libhal_bsp.a(alt_open.o)
 .bss           0x04002b88        0x0 ../elo_bsp/\libhal_bsp.a(alt_release_fd.o)
 .bss           0x04002b88        0x0 ../elo_bsp/\libhal_bsp.a(altera_nios2_qsys_irq.o)
 .bss           0x04002b88        0x0 ../elo_bsp/\libhal_bsp.a(alt_find_dev.o)
 .bss           0x04002b88        0x0 ../elo_bsp/\libhal_bsp.a(alt_find_file.o)
 .bss           0x04002b88        0x0 ../elo_bsp/\libhal_bsp.a(alt_get_fd.o)
 .bss           0x04002b88        0x0 ../elo_bsp/\libhal_bsp.a(alt_icache_flush.o)
 .bss           0x04002b88        0x0 c:/altera/13.0sp1/nios2eds/bin/gnu/h-i686-mingw32/bin/../lib/gcc/nios2-elf/4.1.2/../../../../nios2-elf/lib\libsmallc.a(lib_a-atexit.o)
 .bss           0x04002b88        0x0 c:/altera/13.0sp1/nios2eds/bin/gnu/h-i686-mingw32/bin/../lib/gcc/nios2-elf/4.1.2/../../../../nios2-elf/lib\libsmallc.a(lib_a-exit.o)
 .bss           0x04002b88        0x0 c:/altera/13.0sp1/nios2eds/bin/gnu/h-i686-mingw32/bin/../lib/gcc/nios2-elf/4.1.2/../../../../nios2-elf/lib\libsmallc.a(lib_a-memcmp.o)
 .bss           0x04002b88        0x0 c:/altera/13.0sp1/nios2eds/bin/gnu/h-i686-mingw32/bin/../lib/gcc/nios2-elf/4.1.2/../../../../nios2-elf/lib\libsmallc.a(lib_a-__atexit.o)
 .bss           0x04002b88        0x0 c:/altera/13.0sp1/nios2eds/bin/gnu/h-i686-mingw32/bin/../lib/gcc/nios2-elf/4.1.2/../../../../nios2-elf/lib\libsmallc.a(lib_a-__call_atexit.o)
 .bss           0x04002b88        0x0 ../elo_bsp/\libhal_bsp.a(alt_exit.o)
 *(COMMON)
 COMMON         0x04002b88       0x8c c:/altera/13.0sp1/nios2eds/bin/gnu/h-i686-mingw32/bin/../lib/gcc/nios2-elf/4.1.2/../../../../nios2-elf/lib\libsmallc.a(lib_a-atexit.o)
                0x04002b88                _atexit0
                0x04002c14                . = ALIGN (0x4)
                0x04002c14                __bss_end = ABSOLUTE (.)

.SDRAM_CONTROLLER
                0x04002c14        0x0
                0x04002c14                PROVIDE (_alt_partition_SDRAM_CONTROLLER_start, ABSOLUTE (.))
 *(.SDRAM_CONTROLLER. SDRAM_CONTROLLER.*)
                0x04002c14                . = ALIGN (0x4)
                0x04002c14                PROVIDE (_alt_partition_SDRAM_CONTROLLER_end, ABSOLUTE (.))
                0x04002c14                _end = ABSOLUTE (.)
                0x04002c14                end = ABSOLUTE (.)
                0x04002c14                __alt_stack_base = ABSOLUTE (.)
                0x04002c14                PROVIDE (_alt_partition_SDRAM_CONTROLLER_load_addr, LOADADDR (.SDRAM_CONTROLLER))

.SSRAM_CONTROLLER
                0x08080000        0x0 load address 0x04002c14
                0x08080000                PROVIDE (_alt_partition_SSRAM_CONTROLLER_start, ABSOLUTE (.))
 *(.SSRAM_CONTROLLER. SSRAM_CONTROLLER.*)
                0x08080000                . = ALIGN (0x4)
                0x08080000                PROVIDE (_alt_partition_SSRAM_CONTROLLER_end, ABSOLUTE (.))
                0x04002c14                PROVIDE (_alt_partition_SSRAM_CONTROLLER_load_addr, LOADADDR (.SSRAM_CONTROLLER))

.ONCHIP         0x08104020        0x0 load address 0x04002c14
                0x08104020                PROVIDE (_alt_partition_ONCHIP_start, ABSOLUTE (.))
 *(.ONCHIP. ONCHIP.*)
                0x08104020                . = ALIGN (0x4)
                0x08104020                PROVIDE (_alt_partition_ONCHIP_end, ABSOLUTE (.))
                0x04002c14                PROVIDE (_alt_partition_ONCHIP_load_addr, LOADADDR (.ONCHIP))

.stab
 *(.stab)

.stabstr
 *(.stabstr)

.stab.excl
 *(.stab.excl)

.stab.exclstr
 *(.stab.exclstr)

.stab.index
 *(.stab.index)

.stab.indexstr
 *(.stab.indexstr)

.comment        0x00000000       0x26
 *(.comment)
 .comment       0x00000000       0x26 obj/default/hello_world.o
                                 0x27 (size before relaxing)
 .comment       0x00000000       0x27 c:/altera/13.0sp1/nios2eds/bin/gnu/h-i686-mingw32/bin/../lib/gcc/nios2-elf/4.1.2/../../../../nios2-elf/lib\libsmallc.a(lib_a-printf.o)
 .comment       0x00000000       0x27 c:/altera/13.0sp1/nios2eds/bin/gnu/h-i686-mingw32/bin/../lib/gcc/nios2-elf/4.1.2/../../../../nios2-elf/lib\libsmallc.a(lib_a-puts.o)
 .comment       0x00000000       0x27 c:/altera/13.0sp1/nios2eds/bin/gnu/h-i686-mingw32/bin/../lib/gcc/nios2-elf/4.1.2/../../../../nios2-elf/lib\libsmallc.a(lib_a-strlen.o)
 .comment       0x00000000       0x27 c:/altera/13.0sp1/nios2eds/bin/gnu/h-i686-mingw32/bin/../lib/gcc/nios2-elf/4.1.2/../../../../nios2-elf/lib\libsmallc.a(lib_a-vfprintf.o)
 .comment       0x00000000       0x27 c:/altera/13.0sp1/nios2eds/bin/gnu/h-i686-mingw32/bin/../lib/gcc/nios2-elf/4.1.2/../../../../nios2-elf/lib\libsmallc.a(lib_a-fvwrite_small_dev.o)
 .comment       0x00000000       0x27 c:/altera/13.0sp1/nios2eds/bin/gnu/h-i686-mingw32/bin/../lib/gcc/nios2-elf/4.1.2/../../../../nios2-elf/lib\libsmallc.a(lib_a-impure.o)
 .comment       0x00000000       0x27 c:/altera/13.0sp1/nios2eds/bin/gnu/h-i686-mingw32/bin/../lib/gcc/nios2-elf/4.1.2/../../../../nios2-elf/lib\libsmallc.a(lib_a-writer.o)
 .comment       0x00000000       0x27 c:/altera/13.0sp1/nios2eds/bin/gnu/h-i686-mingw32/bin/../lib/gcc/nios2-elf/4.1.2/../../../../nios2-elf/lib\libsmallc.a(lib_a-int_errno.o)
 .comment       0x00000000       0x27 c:/altera/13.0sp1/nios2eds/bin/gnu/h-i686-mingw32/bin/../lib/gcc/nios2-elf/4.1.2\libgcc.a(lib2-divmod.o)
 .comment       0x00000000       0x27 ../elo_bsp/\libhal_bsp.a(alt_load.o)
 .comment       0x00000000       0x27 ../elo_bsp/\libhal_bsp.a(alt_main.o)
 .comment       0x00000000       0x27 ../elo_bsp/\libhal_bsp.a(alt_write.o)
 .comment       0x00000000       0x27 ../elo_bsp/\libhal_bsp.a(alt_sys_init.o)
 .comment       0x00000000       0x27 ../elo_bsp/\libhal_bsp.a(altera_avalon_jtag_uart_fd.o)
 .comment       0x00000000       0x27 ../elo_bsp/\libhal_bsp.a(altera_avalon_jtag_uart_read.o)
 .comment       0x00000000       0x27 ../elo_bsp/\libhal_bsp.a(altera_avalon_jtag_uart_write.o)
 .comment       0x00000000       0x27 ../elo_bsp/\libhal_bsp.a(altera_avalon_timer_vars.o)
 .comment       0x00000000       0x27 ../elo_bsp/\libhal_bsp.a(alt_close.o)
 .comment       0x00000000       0x27 ../elo_bsp/\libhal_bsp.a(alt_dcache_flush_all.o)
 .comment       0x00000000       0x27 ../elo_bsp/\libhal_bsp.a(alt_dev.o)
 .comment       0x00000000       0x27 ../elo_bsp/\libhal_bsp.a(alt_dev_llist_insert.o)
 .comment       0x00000000       0x27 ../elo_bsp/\libhal_bsp.a(alt_do_ctors.o)
 .comment       0x00000000       0x27 ../elo_bsp/\libhal_bsp.a(alt_do_dtors.o)
 .comment       0x00000000       0x27 ../elo_bsp/\libhal_bsp.a(alt_errno.o)
 .comment       0x00000000       0x27 ../elo_bsp/\libhal_bsp.a(alt_icache_flush_all.o)
 .comment       0x00000000       0x27 ../elo_bsp/\libhal_bsp.a(alt_io_redirect.o)
 .comment       0x00000000       0x27 ../elo_bsp/\libhal_bsp.a(alt_open.o)
 .comment       0x00000000       0x27 ../elo_bsp/\libhal_bsp.a(alt_release_fd.o)
 .comment       0x00000000       0x27 ../elo_bsp/\libhal_bsp.a(altera_nios2_qsys_irq.o)
 .comment       0x00000000       0x27 ../elo_bsp/\libhal_bsp.a(alt_find_dev.o)
 .comment       0x00000000       0x27 ../elo_bsp/\libhal_bsp.a(alt_find_file.o)
 .comment       0x00000000       0x27 ../elo_bsp/\libhal_bsp.a(alt_get_fd.o)
 .comment       0x00000000       0x27 ../elo_bsp/\libhal_bsp.a(alt_icache_flush.o)
 .comment       0x00000000       0x27 c:/altera/13.0sp1/nios2eds/bin/gnu/h-i686-mingw32/bin/../lib/gcc/nios2-elf/4.1.2/../../../../nios2-elf/lib\libsmallc.a(lib_a-atexit.o)
 .comment       0x00000000       0x27 c:/altera/13.0sp1/nios2eds/bin/gnu/h-i686-mingw32/bin/../lib/gcc/nios2-elf/4.1.2/../../../../nios2-elf/lib\libsmallc.a(lib_a-exit.o)
 .comment       0x00000000       0x27 c:/altera/13.0sp1/nios2eds/bin/gnu/h-i686-mingw32/bin/../lib/gcc/nios2-elf/4.1.2/../../../../nios2-elf/lib\libsmallc.a(lib_a-memcmp.o)
 .comment       0x00000000       0x27 c:/altera/13.0sp1/nios2eds/bin/gnu/h-i686-mingw32/bin/../lib/gcc/nios2-elf/4.1.2/../../../../nios2-elf/lib\libsmallc.a(lib_a-__atexit.o)
 .comment       0x00000000       0x27 c:/altera/13.0sp1/nios2eds/bin/gnu/h-i686-mingw32/bin/../lib/gcc/nios2-elf/4.1.2/../../../../nios2-elf/lib\libsmallc.a(lib_a-__call_atexit.o)
 .comment       0x00000000       0x27 ../elo_bsp/\libhal_bsp.a(alt_exit.o)

.debug
 *(.debug)

.line
 *(.line)

.debug_srcinfo
 *(.debug_srcinfo)

.debug_sfnames
 *(.debug_sfnames)

.debug_aranges  0x00000000      0x4a8
 *(.debug_aranges)
 .debug_aranges
                0x00000000       0x28 ../elo_bsp//obj/HAL/src/crt0.o
 .debug_aranges
                0x00000028       0x20 obj/default/hello_world.o
 .debug_aranges
                0x00000048       0x20 c:/altera/13.0sp1/nios2eds/bin/gnu/h-i686-mingw32/bin/../lib/gcc/nios2-elf/4.1.2/../../../../nios2-elf/lib\libsmallc.a(lib_a-printf.o)
 .debug_aranges
                0x00000068       0x20 c:/altera/13.0sp1/nios2eds/bin/gnu/h-i686-mingw32/bin/../lib/gcc/nios2-elf/4.1.2/../../../../nios2-elf/lib\libsmallc.a(lib_a-puts.o)
 .debug_aranges
                0x00000088       0x20 c:/altera/13.0sp1/nios2eds/bin/gnu/h-i686-mingw32/bin/../lib/gcc/nios2-elf/4.1.2/../../../../nios2-elf/lib\libsmallc.a(lib_a-strlen.o)
 .debug_aranges
                0x000000a8       0x20 c:/altera/13.0sp1/nios2eds/bin/gnu/h-i686-mingw32/bin/../lib/gcc/nios2-elf/4.1.2/../../../../nios2-elf/lib\libsmallc.a(lib_a-vfprintf.o)
 .debug_aranges
                0x000000c8       0x20 c:/altera/13.0sp1/nios2eds/bin/gnu/h-i686-mingw32/bin/../lib/gcc/nios2-elf/4.1.2/../../../../nios2-elf/lib\libsmallc.a(lib_a-fvwrite_small_dev.o)
 .debug_aranges
                0x000000e8       0x20 c:/altera/13.0sp1/nios2eds/bin/gnu/h-i686-mingw32/bin/../lib/gcc/nios2-elf/4.1.2/../../../../nios2-elf/lib\libsmallc.a(lib_a-writer.o)
 .debug_aranges
                0x00000108       0x20 c:/altera/13.0sp1/nios2eds/bin/gnu/h-i686-mingw32/bin/../lib/gcc/nios2-elf/4.1.2\libgcc.a(lib2-divmod.o)
 .debug_aranges
                0x00000128       0x20 ../elo_bsp/\libhal_bsp.a(alt_load.o)
 .debug_aranges
                0x00000148       0x20 ../elo_bsp/\libhal_bsp.a(alt_main.o)
 .debug_aranges
                0x00000168       0x20 ../elo_bsp/\libhal_bsp.a(alt_write.o)
 .debug_aranges
                0x00000188       0x20 ../elo_bsp/\libhal_bsp.a(alt_sys_init.o)
 .debug_aranges
                0x000001a8       0x20 ../elo_bsp/\libhal_bsp.a(altera_avalon_jtag_uart_fd.o)
 .debug_aranges
                0x000001c8       0x20 ../elo_bsp/\libhal_bsp.a(altera_avalon_jtag_uart_read.o)
 .debug_aranges
                0x000001e8       0x20 ../elo_bsp/\libhal_bsp.a(altera_avalon_jtag_uart_write.o)
 .debug_aranges
                0x00000208       0x20 ../elo_bsp/\libhal_bsp.a(alt_close.o)
 .debug_aranges
                0x00000228       0x20 ../elo_bsp/\libhal_bsp.a(alt_dcache_flush_all.o)
 .debug_aranges
                0x00000248       0x20 ../elo_bsp/\libhal_bsp.a(alt_dev.o)
 .debug_aranges
                0x00000268       0x20 ../elo_bsp/\libhal_bsp.a(alt_dev_llist_insert.o)
 .debug_aranges
                0x00000288       0x20 ../elo_bsp/\libhal_bsp.a(alt_do_ctors.o)
 .debug_aranges
                0x000002a8       0x20 ../elo_bsp/\libhal_bsp.a(alt_do_dtors.o)
 .debug_aranges
                0x000002c8       0x20 ../elo_bsp/\libhal_bsp.a(alt_icache_flush_all.o)
 .debug_aranges
                0x000002e8       0x20 ../elo_bsp/\libhal_bsp.a(alt_io_redirect.o)
 .debug_aranges
                0x00000308       0x20 ../elo_bsp/\libhal_bsp.a(alt_open.o)
 .debug_aranges
                0x00000328       0x20 ../elo_bsp/\libhal_bsp.a(alt_release_fd.o)
 .debug_aranges
                0x00000348       0x20 ../elo_bsp/\libhal_bsp.a(altera_nios2_qsys_irq.o)
 .debug_aranges
                0x00000368       0x20 ../elo_bsp/\libhal_bsp.a(alt_find_dev.o)
 .debug_aranges
                0x00000388       0x20 ../elo_bsp/\libhal_bsp.a(alt_find_file.o)
 .debug_aranges
                0x000003a8       0x20 ../elo_bsp/\libhal_bsp.a(alt_get_fd.o)
 .debug_aranges
                0x000003c8       0x20 ../elo_bsp/\libhal_bsp.a(alt_icache_flush.o)
 .debug_aranges
                0x000003e8       0x20 c:/altera/13.0sp1/nios2eds/bin/gnu/h-i686-mingw32/bin/../lib/gcc/nios2-elf/4.1.2/../../../../nios2-elf/lib\libsmallc.a(lib_a-atexit.o)
 .debug_aranges
                0x00000408       0x20 c:/altera/13.0sp1/nios2eds/bin/gnu/h-i686-mingw32/bin/../lib/gcc/nios2-elf/4.1.2/../../../../nios2-elf/lib\libsmallc.a(lib_a-exit.o)
 .debug_aranges
                0x00000428       0x20 c:/altera/13.0sp1/nios2eds/bin/gnu/h-i686-mingw32/bin/../lib/gcc/nios2-elf/4.1.2/../../../../nios2-elf/lib\libsmallc.a(lib_a-memcmp.o)
 .debug_aranges
                0x00000448       0x20 c:/altera/13.0sp1/nios2eds/bin/gnu/h-i686-mingw32/bin/../lib/gcc/nios2-elf/4.1.2/../../../../nios2-elf/lib\libsmallc.a(lib_a-__atexit.o)
 .debug_aranges
                0x00000468       0x20 c:/altera/13.0sp1/nios2eds/bin/gnu/h-i686-mingw32/bin/../lib/gcc/nios2-elf/4.1.2/../../../../nios2-elf/lib\libsmallc.a(lib_a-__call_atexit.o)
 .debug_aranges
                0x00000488       0x20 ../elo_bsp/\libhal_bsp.a(alt_exit.o)

.debug_pubnames
                0x00000000      0x739
 *(.debug_pubnames)
 .debug_pubnames
                0x00000000       0x80 obj/default/hello_world.o
 .debug_pubnames
                0x00000080       0x2b c:/altera/13.0sp1/nios2eds/bin/gnu/h-i686-mingw32/bin/../lib/gcc/nios2-elf/4.1.2/../../../../nios2-elf/lib\libsmallc.a(lib_a-printf.o)
 .debug_pubnames
                0x000000ab       0x27 c:/altera/13.0sp1/nios2eds/bin/gnu/h-i686-mingw32/bin/../lib/gcc/nios2-elf/4.1.2/../../../../nios2-elf/lib\libsmallc.a(lib_a-puts.o)
 .debug_pubnames
                0x000000d2       0x1d c:/altera/13.0sp1/nios2eds/bin/gnu/h-i686-mingw32/bin/../lib/gcc/nios2-elf/4.1.2/../../../../nios2-elf/lib\libsmallc.a(lib_a-strlen.o)
 .debug_pubnames
                0x000000ef       0x45 c:/altera/13.0sp1/nios2eds/bin/gnu/h-i686-mingw32/bin/../lib/gcc/nios2-elf/4.1.2/../../../../nios2-elf/lib\libsmallc.a(lib_a-vfprintf.o)
 .debug_pubnames
                0x00000134       0x2b c:/altera/13.0sp1/nios2eds/bin/gnu/h-i686-mingw32/bin/../lib/gcc/nios2-elf/4.1.2/../../../../nios2-elf/lib\libsmallc.a(lib_a-fvwrite_small_dev.o)
 .debug_pubnames
                0x0000015f       0x39 c:/altera/13.0sp1/nios2eds/bin/gnu/h-i686-mingw32/bin/../lib/gcc/nios2-elf/4.1.2/../../../../nios2-elf/lib\libsmallc.a(lib_a-impure.o)
 .debug_pubnames
                0x00000198       0x1f c:/altera/13.0sp1/nios2eds/bin/gnu/h-i686-mingw32/bin/../lib/gcc/nios2-elf/4.1.2/../../../../nios2-elf/lib\libsmallc.a(lib_a-writer.o)
 .debug_pubnames
                0x000001b7       0x1c c:/altera/13.0sp1/nios2eds/bin/gnu/h-i686-mingw32/bin/../lib/gcc/nios2-elf/4.1.2/../../../../nios2-elf/lib\libsmallc.a(lib_a-int_errno.o)
 .debug_pubnames
                0x000001d3       0x48 c:/altera/13.0sp1/nios2eds/bin/gnu/h-i686-mingw32/bin/../lib/gcc/nios2-elf/4.1.2\libgcc.a(lib2-divmod.o)
 .debug_pubnames
                0x0000021b       0x1f ../elo_bsp/\libhal_bsp.a(alt_load.o)
 .debug_pubnames
                0x0000023a       0x46 ../elo_bsp/\libhal_bsp.a(alt_main.o)
 .debug_pubnames
                0x00000280       0x1c ../elo_bsp/\libhal_bsp.a(alt_write.o)
 .debug_pubnames
                0x0000029c       0x34 ../elo_bsp/\libhal_bsp.a(alt_sys_init.o)
 .debug_pubnames
                0x000002d0       0x5b ../elo_bsp/\libhal_bsp.a(altera_avalon_jtag_uart_fd.o)
 .debug_pubnames
                0x0000032b       0x33 ../elo_bsp/\libhal_bsp.a(altera_avalon_jtag_uart_read.o)
 .debug_pubnames
                0x0000035e       0x34 ../elo_bsp/\libhal_bsp.a(altera_avalon_jtag_uart_write.o)
 .debug_pubnames
                0x00000392       0x52 ../elo_bsp/\libhal_bsp.a(altera_avalon_timer_vars.o)
 .debug_pubnames
                0x000003e4       0x1c ../elo_bsp/\libhal_bsp.a(alt_close.o)
 .debug_pubnames
                0x00000400       0x2b ../elo_bsp/\libhal_bsp.a(alt_dcache_flush_all.o)
 .debug_pubnames
                0x0000042b       0x63 ../elo_bsp/\libhal_bsp.a(alt_dev.o)
 .debug_pubnames
                0x0000048e       0x2b ../elo_bsp/\libhal_bsp.a(alt_dev_llist_insert.o)
 .debug_pubnames
                0x000004b9       0x20 ../elo_bsp/\libhal_bsp.a(alt_do_ctors.o)
 .debug_pubnames
                0x000004d9       0x20 ../elo_bsp/\libhal_bsp.a(alt_do_dtors.o)
 .debug_pubnames
                0x000004f9       0x20 ../elo_bsp/\libhal_bsp.a(alt_errno.o)
 .debug_pubnames
                0x00000519       0x2b ../elo_bsp/\libhal_bsp.a(alt_icache_flush_all.o)
 .debug_pubnames
                0x00000544       0x26 ../elo_bsp/\libhal_bsp.a(alt_io_redirect.o)
 .debug_pubnames
                0x0000056a       0x1b ../elo_bsp/\libhal_bsp.a(alt_open.o)
 .debug_pubnames
                0x00000585       0x25 ../elo_bsp/\libhal_bsp.a(alt_release_fd.o)
 .debug_pubnames
                0x000005aa       0x31 ../elo_bsp/\libhal_bsp.a(altera_nios2_qsys_irq.o)
 .debug_pubnames
                0x000005db       0x23 ../elo_bsp/\libhal_bsp.a(alt_find_dev.o)
 .debug_pubnames
                0x000005fe       0x24 ../elo_bsp/\libhal_bsp.a(alt_find_file.o)
 .debug_pubnames
                0x00000622       0x21 ../elo_bsp/\libhal_bsp.a(alt_get_fd.o)
 .debug_pubnames
                0x00000643       0x27 ../elo_bsp/\libhal_bsp.a(alt_icache_flush.o)
 .debug_pubnames
                0x0000066a       0x2a c:/altera/13.0sp1/nios2eds/bin/gnu/h-i686-mingw32/bin/../lib/gcc/nios2-elf/4.1.2/../../../../nios2-elf/lib\libsmallc.a(lib_a-atexit.o)
 .debug_pubnames
                0x00000694       0x1b c:/altera/13.0sp1/nios2eds/bin/gnu/h-i686-mingw32/bin/../lib/gcc/nios2-elf/4.1.2/../../../../nios2-elf/lib\libsmallc.a(lib_a-exit.o)
 .debug_pubnames
                0x000006af       0x1d c:/altera/13.0sp1/nios2eds/bin/gnu/h-i686-mingw32/bin/../lib/gcc/nios2-elf/4.1.2/../../../../nios2-elf/lib\libsmallc.a(lib_a-memcmp.o)
 .debug_pubnames
                0x000006cc       0x2a c:/altera/13.0sp1/nios2eds/bin/gnu/h-i686-mingw32/bin/../lib/gcc/nios2-elf/4.1.2/../../../../nios2-elf/lib\libsmallc.a(lib_a-__atexit.o)
 .debug_pubnames
                0x000006f6       0x27 c:/altera/13.0sp1/nios2eds/bin/gnu/h-i686-mingw32/bin/../lib/gcc/nios2-elf/4.1.2/../../../../nios2-elf/lib\libsmallc.a(lib_a-__call_atexit.o)
 .debug_pubnames
                0x0000071d       0x1c ../elo_bsp/\libhal_bsp.a(alt_exit.o)

.debug_info     0x00000000     0x9666
 *(.debug_info .gnu.linkonce.wi.*)
 .debug_info    0x00000000       0x71 ../elo_bsp//obj/HAL/src/crt0.o
 .debug_info    0x00000071      0x546 obj/default/hello_world.o
 .debug_info    0x000005b7      0x6c8 c:/altera/13.0sp1/nios2eds/bin/gnu/h-i686-mingw32/bin/../lib/gcc/nios2-elf/4.1.2/../../../../nios2-elf/lib\libsmallc.a(lib_a-printf.o)
 .debug_info    0x00000c7f      0x685 c:/altera/13.0sp1/nios2eds/bin/gnu/h-i686-mingw32/bin/../lib/gcc/nios2-elf/4.1.2/../../../../nios2-elf/lib\libsmallc.a(lib_a-puts.o)
 .debug_info    0x00001304       0xc2 c:/altera/13.0sp1/nios2eds/bin/gnu/h-i686-mingw32/bin/../lib/gcc/nios2-elf/4.1.2/../../../../nios2-elf/lib\libsmallc.a(lib_a-strlen.o)
 .debug_info    0x000013c6      0x9b5 c:/altera/13.0sp1/nios2eds/bin/gnu/h-i686-mingw32/bin/../lib/gcc/nios2-elf/4.1.2/../../../../nios2-elf/lib\libsmallc.a(lib_a-vfprintf.o)
 .debug_info    0x00001d7b      0x68e c:/altera/13.0sp1/nios2eds/bin/gnu/h-i686-mingw32/bin/../lib/gcc/nios2-elf/4.1.2/../../../../nios2-elf/lib\libsmallc.a(lib_a-fvwrite_small_dev.o)
 .debug_info    0x00002409      0x636 c:/altera/13.0sp1/nios2eds/bin/gnu/h-i686-mingw32/bin/../lib/gcc/nios2-elf/4.1.2/../../../../nios2-elf/lib\libsmallc.a(lib_a-impure.o)
 .debug_info    0x00002a3f      0x68c c:/altera/13.0sp1/nios2eds/bin/gnu/h-i686-mingw32/bin/../lib/gcc/nios2-elf/4.1.2/../../../../nios2-elf/lib\libsmallc.a(lib_a-writer.o)
 .debug_info    0x000030cb       0x8c c:/altera/13.0sp1/nios2eds/bin/gnu/h-i686-mingw32/bin/../lib/gcc/nios2-elf/4.1.2/../../../../nios2-elf/lib\libsmallc.a(lib_a-int_errno.o)
 .debug_info    0x00003157      0x21c c:/altera/13.0sp1/nios2eds/bin/gnu/h-i686-mingw32/bin/../lib/gcc/nios2-elf/4.1.2\libgcc.a(lib2-divmod.o)
 .debug_info    0x00003373      0x283 ../elo_bsp/\libhal_bsp.a(alt_load.o)
 .debug_info    0x000035f6      0x21b ../elo_bsp/\libhal_bsp.a(alt_main.o)
 .debug_info    0x00003811      0x689 ../elo_bsp/\libhal_bsp.a(alt_write.o)
 .debug_info    0x00003e9a      0x5b7 ../elo_bsp/\libhal_bsp.a(alt_sys_init.o)
 .debug_info    0x00004451      0x5af ../elo_bsp/\libhal_bsp.a(altera_avalon_jtag_uart_fd.o)
 .debug_info    0x00004a00      0x2ff ../elo_bsp/\libhal_bsp.a(altera_avalon_jtag_uart_read.o)
 .debug_info    0x00004cff      0x2dc ../elo_bsp/\libhal_bsp.a(altera_avalon_jtag_uart_write.o)
 .debug_info    0x00004fdb      0x1fd ../elo_bsp/\libhal_bsp.a(altera_avalon_timer_vars.o)
 .debug_info    0x000051d8      0x45d ../elo_bsp/\libhal_bsp.a(alt_close.o)
 .debug_info    0x00005635      0x165 ../elo_bsp/\libhal_bsp.a(alt_dcache_flush_all.o)
 .debug_info    0x0000579a      0x675 ../elo_bsp/\libhal_bsp.a(alt_dev.o)
 .debug_info    0x00005e0f      0x2ad ../elo_bsp/\libhal_bsp.a(alt_dev_llist_insert.o)
 .debug_info    0x000060bc      0x105 ../elo_bsp/\libhal_bsp.a(alt_do_ctors.o)
 .debug_info    0x000061c1      0x104 ../elo_bsp/\libhal_bsp.a(alt_do_dtors.o)
 .debug_info    0x000062c5      0x15a ../elo_bsp/\libhal_bsp.a(alt_errno.o)
 .debug_info    0x0000641f      0x152 ../elo_bsp/\libhal_bsp.a(alt_icache_flush_all.o)
 .debug_info    0x00006571      0x68b ../elo_bsp/\libhal_bsp.a(alt_io_redirect.o)
 .debug_info    0x00006bfc      0x51b ../elo_bsp/\libhal_bsp.a(alt_open.o)
 .debug_info    0x00007117      0x3e8 ../elo_bsp/\libhal_bsp.a(alt_release_fd.o)
 .debug_info    0x000074ff      0x159 ../elo_bsp/\libhal_bsp.a(altera_nios2_qsys_irq.o)
 .debug_info    0x00007658      0x40e ../elo_bsp/\libhal_bsp.a(alt_find_dev.o)
 .debug_info    0x00007a66      0x415 ../elo_bsp/\libhal_bsp.a(alt_find_file.o)
 .debug_info    0x00007e7b      0x456 ../elo_bsp/\libhal_bsp.a(alt_get_fd.o)
 .debug_info    0x000082d1      0x19a ../elo_bsp/\libhal_bsp.a(alt_icache_flush.o)
 .debug_info    0x0000846b      0x186 c:/altera/13.0sp1/nios2eds/bin/gnu/h-i686-mingw32/bin/../lib/gcc/nios2-elf/4.1.2/../../../../nios2-elf/lib\libsmallc.a(lib_a-atexit.o)
 .debug_info    0x000085f1       0x9f c:/altera/13.0sp1/nios2eds/bin/gnu/h-i686-mingw32/bin/../lib/gcc/nios2-elf/4.1.2/../../../../nios2-elf/lib\libsmallc.a(lib_a-exit.o)
 .debug_info    0x00008690       0xef c:/altera/13.0sp1/nios2eds/bin/gnu/h-i686-mingw32/bin/../lib/gcc/nios2-elf/4.1.2/../../../../nios2-elf/lib\libsmallc.a(lib_a-memcmp.o)
 .debug_info    0x0000877f      0x68f c:/altera/13.0sp1/nios2eds/bin/gnu/h-i686-mingw32/bin/../lib/gcc/nios2-elf/4.1.2/../../../../nios2-elf/lib\libsmallc.a(lib_a-__atexit.o)
 .debug_info    0x00008e0e      0x6d5 c:/altera/13.0sp1/nios2eds/bin/gnu/h-i686-mingw32/bin/../lib/gcc/nios2-elf/4.1.2/../../../../nios2-elf/lib\libsmallc.a(lib_a-__call_atexit.o)
 .debug_info    0x000094e3      0x183 ../elo_bsp/\libhal_bsp.a(alt_exit.o)

.debug_abbrev   0x00000000     0x227b
 *(.debug_abbrev)
 .debug_abbrev  0x00000000       0x12 ../elo_bsp//obj/HAL/src/crt0.o
 .debug_abbrev  0x00000012      0x12d obj/default/hello_world.o
 .debug_abbrev  0x0000013f      0x179 c:/altera/13.0sp1/nios2eds/bin/gnu/h-i686-mingw32/bin/../lib/gcc/nios2-elf/4.1.2/../../../../nios2-elf/lib\libsmallc.a(lib_a-printf.o)
 .debug_abbrev  0x000002b8      0x180 c:/altera/13.0sp1/nios2eds/bin/gnu/h-i686-mingw32/bin/../lib/gcc/nios2-elf/4.1.2/../../../../nios2-elf/lib\libsmallc.a(lib_a-puts.o)
 .debug_abbrev  0x00000438       0x7a c:/altera/13.0sp1/nios2eds/bin/gnu/h-i686-mingw32/bin/../lib/gcc/nios2-elf/4.1.2/../../../../nios2-elf/lib\libsmallc.a(lib_a-strlen.o)
 .debug_abbrev  0x000004b2      0x263 c:/altera/13.0sp1/nios2eds/bin/gnu/h-i686-mingw32/bin/../lib/gcc/nios2-elf/4.1.2/../../../../nios2-elf/lib\libsmallc.a(lib_a-vfprintf.o)
 .debug_abbrev  0x00000715      0x179 c:/altera/13.0sp1/nios2eds/bin/gnu/h-i686-mingw32/bin/../lib/gcc/nios2-elf/4.1.2/../../../../nios2-elf/lib\libsmallc.a(lib_a-fvwrite_small_dev.o)
 .debug_abbrev  0x0000088e      0x13f c:/altera/13.0sp1/nios2eds/bin/gnu/h-i686-mingw32/bin/../lib/gcc/nios2-elf/4.1.2/../../../../nios2-elf/lib\libsmallc.a(lib_a-impure.o)
 .debug_abbrev  0x000009cd      0x16c c:/altera/13.0sp1/nios2eds/bin/gnu/h-i686-mingw32/bin/../lib/gcc/nios2-elf/4.1.2/../../../../nios2-elf/lib\libsmallc.a(lib_a-writer.o)
 .debug_abbrev  0x00000b39       0x3b c:/altera/13.0sp1/nios2eds/bin/gnu/h-i686-mingw32/bin/../lib/gcc/nios2-elf/4.1.2/../../../../nios2-elf/lib\libsmallc.a(lib_a-int_errno.o)
 .debug_abbrev  0x00000b74       0xe0 c:/altera/13.0sp1/nios2eds/bin/gnu/h-i686-mingw32/bin/../lib/gcc/nios2-elf/4.1.2\libgcc.a(lib2-divmod.o)
 .debug_abbrev  0x00000c54       0x88 ../elo_bsp/\libhal_bsp.a(alt_load.o)
 .debug_abbrev  0x00000cdc       0xb7 ../elo_bsp/\libhal_bsp.a(alt_main.o)
 .debug_abbrev  0x00000d93      0x100 ../elo_bsp/\libhal_bsp.a(alt_write.o)
 .debug_abbrev  0x00000e93      0x121 ../elo_bsp/\libhal_bsp.a(alt_sys_init.o)
 .debug_abbrev  0x00000fb4       0xcb ../elo_bsp/\libhal_bsp.a(altera_avalon_jtag_uart_fd.o)
 .debug_abbrev  0x0000107f       0xb6 ../elo_bsp/\libhal_bsp.a(altera_avalon_jtag_uart_read.o)
 .debug_abbrev  0x00001135       0xb4 ../elo_bsp/\libhal_bsp.a(altera_avalon_jtag_uart_write.o)
 .debug_abbrev  0x000011e9       0x87 ../elo_bsp/\libhal_bsp.a(altera_avalon_timer_vars.o)
 .debug_abbrev  0x00001270       0xfb ../elo_bsp/\libhal_bsp.a(alt_close.o)
 .debug_abbrev  0x0000136b       0x57 ../elo_bsp/\libhal_bsp.a(alt_dcache_flush_all.o)
 .debug_abbrev  0x000013c2       0xc7 ../elo_bsp/\libhal_bsp.a(alt_dev.o)
 .debug_abbrev  0x00001489       0xf6 ../elo_bsp/\libhal_bsp.a(alt_dev_llist_insert.o)
 .debug_abbrev  0x0000157f       0x76 ../elo_bsp/\libhal_bsp.a(alt_do_ctors.o)
 .debug_abbrev  0x000015f5       0x76 ../elo_bsp/\libhal_bsp.a(alt_do_dtors.o)
 .debug_abbrev  0x0000166b       0x5e ../elo_bsp/\libhal_bsp.a(alt_errno.o)
 .debug_abbrev  0x000016c9       0x3f ../elo_bsp/\libhal_bsp.a(alt_icache_flush_all.o)
 .debug_abbrev  0x00001708       0xf0 ../elo_bsp/\libhal_bsp.a(alt_io_redirect.o)
 .debug_abbrev  0x000017f8      0x112 ../elo_bsp/\libhal_bsp.a(alt_open.o)
 .debug_abbrev  0x0000190a       0xc1 ../elo_bsp/\libhal_bsp.a(alt_release_fd.o)
 .debug_abbrev  0x000019cb       0x3f ../elo_bsp/\libhal_bsp.a(altera_nios2_qsys_irq.o)
 .debug_abbrev  0x00001a0a       0xcf ../elo_bsp/\libhal_bsp.a(alt_find_dev.o)
 .debug_abbrev  0x00001ad9       0xcf ../elo_bsp/\libhal_bsp.a(alt_find_file.o)
 .debug_abbrev  0x00001ba8       0xfb ../elo_bsp/\libhal_bsp.a(alt_get_fd.o)
 .debug_abbrev  0x00001ca3       0x7a ../elo_bsp/\libhal_bsp.a(alt_icache_flush.o)
 .debug_abbrev  0x00001d1d       0xc6 c:/altera/13.0sp1/nios2eds/bin/gnu/h-i686-mingw32/bin/../lib/gcc/nios2-elf/4.1.2/../../../../nios2-elf/lib\libsmallc.a(lib_a-atexit.o)
 .debug_abbrev  0x00001de3       0x4e c:/altera/13.0sp1/nios2eds/bin/gnu/h-i686-mingw32/bin/../lib/gcc/nios2-elf/4.1.2/../../../../nios2-elf/lib\libsmallc.a(lib_a-exit.o)
 .debug_abbrev  0x00001e31       0x7c c:/altera/13.0sp1/nios2eds/bin/gnu/h-i686-mingw32/bin/../lib/gcc/nios2-elf/4.1.2/../../../../nios2-elf/lib\libsmallc.a(lib_a-memcmp.o)
 .debug_abbrev  0x00001ead      0x196 c:/altera/13.0sp1/nios2eds/bin/gnu/h-i686-mingw32/bin/../lib/gcc/nios2-elf/4.1.2/../../../../nios2-elf/lib\libsmallc.a(lib_a-__atexit.o)
 .debug_abbrev  0x00002043      0x1c6 c:/altera/13.0sp1/nios2eds/bin/gnu/h-i686-mingw32/bin/../lib/gcc/nios2-elf/4.1.2/../../../../nios2-elf/lib\libsmallc.a(lib_a-__call_atexit.o)
 .debug_abbrev  0x00002209       0x72 ../elo_bsp/\libhal_bsp.a(alt_exit.o)

.debug_line     0x00000000     0x61c7
 *(.debug_line)
 .debug_line    0x00000000       0x72 ../elo_bsp//obj/HAL/src/crt0.o
 .debug_line    0x00000072      0x463 obj/default/hello_world.o
 .debug_line    0x000004d5      0x2bb c:/altera/13.0sp1/nios2eds/bin/gnu/h-i686-mingw32/bin/../lib/gcc/nios2-elf/4.1.2/../../../../nios2-elf/lib\libsmallc.a(lib_a-printf.o)
 .debug_line    0x00000790      0x2af c:/altera/13.0sp1/nios2eds/bin/gnu/h-i686-mingw32/bin/../lib/gcc/nios2-elf/4.1.2/../../../../nios2-elf/lib\libsmallc.a(lib_a-puts.o)
 .debug_line    0x00000a3f      0x24d c:/altera/13.0sp1/nios2eds/bin/gnu/h-i686-mingw32/bin/../lib/gcc/nios2-elf/4.1.2/../../../../nios2-elf/lib\libsmallc.a(lib_a-strlen.o)
 .debug_line    0x00000c8c      0x62c c:/altera/13.0sp1/nios2eds/bin/gnu/h-i686-mingw32/bin/../lib/gcc/nios2-elf/4.1.2/../../../../nios2-elf/lib\libsmallc.a(lib_a-vfprintf.o)
 .debug_line    0x000012b8      0x2a6 c:/altera/13.0sp1/nios2eds/bin/gnu/h-i686-mingw32/bin/../lib/gcc/nios2-elf/4.1.2/../../../../nios2-elf/lib\libsmallc.a(lib_a-fvwrite_small_dev.o)
 .debug_line    0x0000155e      0x22d c:/altera/13.0sp1/nios2eds/bin/gnu/h-i686-mingw32/bin/../lib/gcc/nios2-elf/4.1.2/../../../../nios2-elf/lib\libsmallc.a(lib_a-impure.o)
 .debug_line    0x0000178b      0x29a c:/altera/13.0sp1/nios2eds/bin/gnu/h-i686-mingw32/bin/../lib/gcc/nios2-elf/4.1.2/../../../../nios2-elf/lib\libsmallc.a(lib_a-writer.o)
 .debug_line    0x00001a25      0x1df c:/altera/13.0sp1/nios2eds/bin/gnu/h-i686-mingw32/bin/../lib/gcc/nios2-elf/4.1.2/../../../../nios2-elf/lib\libsmallc.a(lib_a-int_errno.o)
 .debug_line    0x00001c04      0x24f c:/altera/13.0sp1/nios2eds/bin/gnu/h-i686-mingw32/bin/../lib/gcc/nios2-elf/4.1.2\libgcc.a(lib2-divmod.o)
 .debug_line    0x00001e53      0x217 ../elo_bsp/\libhal_bsp.a(alt_load.o)
 .debug_line    0x0000206a      0x2ca ../elo_bsp/\libhal_bsp.a(alt_main.o)
 .debug_line    0x00002334      0x2c9 ../elo_bsp/\libhal_bsp.a(alt_write.o)
 .debug_line    0x000025fd      0x2c7 ../elo_bsp/\libhal_bsp.a(alt_sys_init.o)
 .debug_line    0x000028c4      0x1d7 ../elo_bsp/\libhal_bsp.a(altera_avalon_jtag_uart_fd.o)
 .debug_line    0x00002a9b      0x343 ../elo_bsp/\libhal_bsp.a(altera_avalon_jtag_uart_read.o)
 .debug_line    0x00002dde      0x304 ../elo_bsp/\libhal_bsp.a(altera_avalon_jtag_uart_write.o)
 .debug_line    0x000030e2      0x242 ../elo_bsp/\libhal_bsp.a(altera_avalon_timer_vars.o)
 .debug_line    0x00003324      0x299 ../elo_bsp/\libhal_bsp.a(alt_close.o)
 .debug_line    0x000035bd      0x1cd ../elo_bsp/\libhal_bsp.a(alt_dcache_flush_all.o)
 .debug_line    0x0000378a      0x254 ../elo_bsp/\libhal_bsp.a(alt_dev.o)
 .debug_line    0x000039de      0x25a ../elo_bsp/\libhal_bsp.a(alt_dev_llist_insert.o)
 .debug_line    0x00003c38       0x83 ../elo_bsp/\libhal_bsp.a(alt_do_ctors.o)
 .debug_line    0x00003cbb       0x83 ../elo_bsp/\libhal_bsp.a(alt_do_dtors.o)
 .debug_line    0x00003d3e      0x1aa ../elo_bsp/\libhal_bsp.a(alt_errno.o)
 .debug_line    0x00003ee8      0x1bd ../elo_bsp/\libhal_bsp.a(alt_icache_flush_all.o)
 .debug_line    0x000040a5      0x2b4 ../elo_bsp/\libhal_bsp.a(alt_io_redirect.o)
 .debug_line    0x00004359      0x2ff ../elo_bsp/\libhal_bsp.a(alt_open.o)
 .debug_line    0x00004658       0xed ../elo_bsp/\libhal_bsp.a(alt_release_fd.o)
 .debug_line    0x00004745      0x1ce ../elo_bsp/\libhal_bsp.a(altera_nios2_qsys_irq.o)
 .debug_line    0x00004913      0x26b ../elo_bsp/\libhal_bsp.a(alt_find_dev.o)
 .debug_line    0x00004b7e      0x27c ../elo_bsp/\libhal_bsp.a(alt_find_file.o)
 .debug_line    0x00004dfa      0x297 ../elo_bsp/\libhal_bsp.a(alt_get_fd.o)
 .debug_line    0x00005091      0x1f9 ../elo_bsp/\libhal_bsp.a(alt_icache_flush.o)
 .debug_line    0x0000528a      0x200 c:/altera/13.0sp1/nios2eds/bin/gnu/h-i686-mingw32/bin/../lib/gcc/nios2-elf/4.1.2/../../../../nios2-elf/lib\libsmallc.a(lib_a-atexit.o)
 .debug_line    0x0000548a      0x220 c:/altera/13.0sp1/nios2eds/bin/gnu/h-i686-mingw32/bin/../lib/gcc/nios2-elf/4.1.2/../../../../nios2-elf/lib\libsmallc.a(lib_a-exit.o)
 .debug_line    0x000056aa      0x26d c:/altera/13.0sp1/nios2eds/bin/gnu/h-i686-mingw32/bin/../lib/gcc/nios2-elf/4.1.2/../../../../nios2-elf/lib\libsmallc.a(lib_a-memcmp.o)
 .debug_line    0x00005917      0x34d c:/altera/13.0sp1/nios2eds/bin/gnu/h-i686-mingw32/bin/../lib/gcc/nios2-elf/4.1.2/../../../../nios2-elf/lib\libsmallc.a(lib_a-__atexit.o)
 .debug_line    0x00005c64      0x35d c:/altera/13.0sp1/nios2eds/bin/gnu/h-i686-mingw32/bin/../lib/gcc/nios2-elf/4.1.2/../../../../nios2-elf/lib\libsmallc.a(lib_a-__call_atexit.o)
 .debug_line    0x00005fc1      0x206 ../elo_bsp/\libhal_bsp.a(alt_exit.o)

.debug_frame    0x00000000      0x89c
 *(.debug_frame)
 .debug_frame   0x00000000       0xbc obj/default/hello_world.o
 .debug_frame   0x000000bc       0x40 c:/altera/13.0sp1/nios2eds/bin/gnu/h-i686-mingw32/bin/../lib/gcc/nios2-elf/4.1.2/../../../../nios2-elf/lib\libsmallc.a(lib_a-printf.o)
 .debug_frame   0x000000fc       0x3c c:/altera/13.0sp1/nios2eds/bin/gnu/h-i686-mingw32/bin/../lib/gcc/nios2-elf/4.1.2/../../../../nios2-elf/lib\libsmallc.a(lib_a-puts.o)
 .debug_frame   0x00000138       0x20 c:/altera/13.0sp1/nios2eds/bin/gnu/h-i686-mingw32/bin/../lib/gcc/nios2-elf/4.1.2/../../../../nios2-elf/lib\libsmallc.a(lib_a-strlen.o)
 .debug_frame   0x00000158       0x64 c:/altera/13.0sp1/nios2eds/bin/gnu/h-i686-mingw32/bin/../lib/gcc/nios2-elf/4.1.2/../../../../nios2-elf/lib\libsmallc.a(lib_a-vfprintf.o)
 .debug_frame   0x000001bc       0x30 c:/altera/13.0sp1/nios2eds/bin/gnu/h-i686-mingw32/bin/../lib/gcc/nios2-elf/4.1.2/../../../../nios2-elf/lib\libsmallc.a(lib_a-fvwrite_small_dev.o)
 .debug_frame   0x000001ec       0x2c c:/altera/13.0sp1/nios2eds/bin/gnu/h-i686-mingw32/bin/../lib/gcc/nios2-elf/4.1.2/../../../../nios2-elf/lib\libsmallc.a(lib_a-writer.o)
 .debug_frame   0x00000218       0x70 c:/altera/13.0sp1/nios2eds/bin/gnu/h-i686-mingw32/bin/../lib/gcc/nios2-elf/4.1.2\libgcc.a(lib2-divmod.o)
 .debug_frame   0x00000288       0x48 ../elo_bsp/\libhal_bsp.a(alt_load.o)
 .debug_frame   0x000002d0       0x2c ../elo_bsp/\libhal_bsp.a(alt_main.o)
 .debug_frame   0x000002fc       0x48 ../elo_bsp/\libhal_bsp.a(alt_write.o)
 .debug_frame   0x00000344       0x64 ../elo_bsp/\libhal_bsp.a(alt_sys_init.o)
 .debug_frame   0x000003a8       0x48 ../elo_bsp/\libhal_bsp.a(altera_avalon_jtag_uart_fd.o)
 .debug_frame   0x000003f0       0x2c ../elo_bsp/\libhal_bsp.a(altera_avalon_jtag_uart_read.o)
 .debug_frame   0x0000041c       0x2c ../elo_bsp/\libhal_bsp.a(altera_avalon_jtag_uart_write.o)
 .debug_frame   0x00000448       0x48 ../elo_bsp/\libhal_bsp.a(alt_close.o)
 .debug_frame   0x00000490       0x2c ../elo_bsp/\libhal_bsp.a(alt_dcache_flush_all.o)
 .debug_frame   0x000004bc       0x2c ../elo_bsp/\libhal_bsp.a(alt_dev.o)
 .debug_frame   0x000004e8       0x48 ../elo_bsp/\libhal_bsp.a(alt_dev_llist_insert.o)
 .debug_frame   0x00000530       0x2c ../elo_bsp/\libhal_bsp.a(alt_do_ctors.o)
 .debug_frame   0x0000055c       0x2c ../elo_bsp/\libhal_bsp.a(alt_do_dtors.o)
 .debug_frame   0x00000588       0x2c ../elo_bsp/\libhal_bsp.a(alt_icache_flush_all.o)
 .debug_frame   0x000005b4       0x48 ../elo_bsp/\libhal_bsp.a(alt_io_redirect.o)
 .debug_frame   0x000005fc       0x64 ../elo_bsp/\libhal_bsp.a(alt_open.o)
 .debug_frame   0x00000660       0x2c ../elo_bsp/\libhal_bsp.a(alt_release_fd.o)
 .debug_frame   0x0000068c       0x2c ../elo_bsp/\libhal_bsp.a(altera_nios2_qsys_irq.o)
 .debug_frame   0x000006b8       0x2c ../elo_bsp/\libhal_bsp.a(alt_find_dev.o)
 .debug_frame   0x000006e4       0x2c ../elo_bsp/\libhal_bsp.a(alt_find_file.o)
 .debug_frame   0x00000710       0x2c ../elo_bsp/\libhal_bsp.a(alt_get_fd.o)
 .debug_frame   0x0000073c       0x2c ../elo_bsp/\libhal_bsp.a(alt_icache_flush.o)
 .debug_frame   0x00000768       0x20 c:/altera/13.0sp1/nios2eds/bin/gnu/h-i686-mingw32/bin/../lib/gcc/nios2-elf/4.1.2/../../../../nios2-elf/lib\libsmallc.a(lib_a-atexit.o)
 .debug_frame   0x00000788       0x2c c:/altera/13.0sp1/nios2eds/bin/gnu/h-i686-mingw32/bin/../lib/gcc/nios2-elf/4.1.2/../../../../nios2-elf/lib\libsmallc.a(lib_a-exit.o)
 .debug_frame   0x000007b4       0x20 c:/altera/13.0sp1/nios2eds/bin/gnu/h-i686-mingw32/bin/../lib/gcc/nios2-elf/4.1.2/../../../../nios2-elf/lib\libsmallc.a(lib_a-memcmp.o)
 .debug_frame   0x000007d4       0x34 c:/altera/13.0sp1/nios2eds/bin/gnu/h-i686-mingw32/bin/../lib/gcc/nios2-elf/4.1.2/../../../../nios2-elf/lib\libsmallc.a(lib_a-__atexit.o)
 .debug_frame   0x00000808       0x4c c:/altera/13.0sp1/nios2eds/bin/gnu/h-i686-mingw32/bin/../lib/gcc/nios2-elf/4.1.2/../../../../nios2-elf/lib\libsmallc.a(lib_a-__call_atexit.o)
 .debug_frame   0x00000854       0x48 ../elo_bsp/\libhal_bsp.a(alt_exit.o)

.debug_str      0x00000000      0xd10
 *(.debug_str)
 .debug_str     0x00000000       0x12 obj/default/hello_world.o
 .debug_str     0x00000012      0x3f8 c:/altera/13.0sp1/nios2eds/bin/gnu/h-i686-mingw32/bin/../lib/gcc/nios2-elf/4.1.2/../../../../nios2-elf/lib\libsmallc.a(lib_a-printf.o)
                                0x458 (size before relaxing)
 .debug_str     0x0000040a       0x45 c:/altera/13.0sp1/nios2eds/bin/gnu/h-i686-mingw32/bin/../lib/gcc/nios2-elf/4.1.2/../../../../nios2-elf/lib\libsmallc.a(lib_a-puts.o)
                                0x442 (size before relaxing)
 .debug_str     0x0000044f       0xd4 c:/altera/13.0sp1/nios2eds/bin/gnu/h-i686-mingw32/bin/../lib/gcc/nios2-elf/4.1.2/../../../../nios2-elf/lib\libsmallc.a(lib_a-strlen.o)
                                0x176 (size before relaxing)
 .debug_str     0x00000523      0x165 c:/altera/13.0sp1/nios2eds/bin/gnu/h-i686-mingw32/bin/../lib/gcc/nios2-elf/4.1.2/../../../../nios2-elf/lib\libsmallc.a(lib_a-vfprintf.o)
                                0x5a1 (size before relaxing)
 .debug_str     0x00000688       0x6d c:/altera/13.0sp1/nios2eds/bin/gnu/h-i686-mingw32/bin/../lib/gcc/nios2-elf/4.1.2/../../../../nios2-elf/lib\libsmallc.a(lib_a-fvwrite_small_dev.o)
                                0x45c (size before relaxing)
 .debug_str     0x000006f5       0xea c:/altera/13.0sp1/nios2eds/bin/gnu/h-i686-mingw32/bin/../lib/gcc/nios2-elf/4.1.2/../../../../nios2-elf/lib\libsmallc.a(lib_a-impure.o)
                                0x44f (size before relaxing)
 .debug_str     0x000007df       0x4c c:/altera/13.0sp1/nios2eds/bin/gnu/h-i686-mingw32/bin/../lib/gcc/nios2-elf/4.1.2/../../../../nios2-elf/lib\libsmallc.a(lib_a-writer.o)
                                0x443 (size before relaxing)
 .debug_str     0x0000082b       0x3d c:/altera/13.0sp1/nios2eds/bin/gnu/h-i686-mingw32/bin/../lib/gcc/nios2-elf/4.1.2/../../../../nios2-elf/lib\libsmallc.a(lib_a-int_errno.o)
                                0x169 (size before relaxing)
 .debug_str     0x00000868      0x10b c:/altera/13.0sp1/nios2eds/bin/gnu/h-i686-mingw32/bin/../lib/gcc/nios2-elf/4.1.2\libgcc.a(lib2-divmod.o)
                                0x1b4 (size before relaxing)
 .debug_str     0x00000973       0x12 ../elo_bsp/\libhal_bsp.a(alt_load.o)
 .debug_str     0x00000985       0x12 ../elo_bsp/\libhal_bsp.a(alt_main.o)
 .debug_str     0x00000997       0x12 ../elo_bsp/\libhal_bsp.a(alt_write.o)
 .debug_str     0x000009a9       0x12 ../elo_bsp/\libhal_bsp.a(alt_sys_init.o)
 .debug_str     0x000009bb       0x12 ../elo_bsp/\libhal_bsp.a(altera_avalon_jtag_uart_read.o)
 .debug_str     0x000009cd       0x12 ../elo_bsp/\libhal_bsp.a(altera_avalon_jtag_uart_write.o)
 .debug_str     0x000009df       0x12 ../elo_bsp/\libhal_bsp.a(altera_avalon_timer_vars.o)
 .debug_str     0x000009f1       0x12 ../elo_bsp/\libhal_bsp.a(alt_close.o)
 .debug_str     0x00000a03       0x12 ../elo_bsp/\libhal_bsp.a(alt_dcache_flush_all.o)
 .debug_str     0x00000a15       0x12 ../elo_bsp/\libhal_bsp.a(alt_dev.o)
 .debug_str     0x00000a27       0x12 ../elo_bsp/\libhal_bsp.a(alt_dev_llist_insert.o)
 .debug_str     0x00000a39       0x12 ../elo_bsp/\libhal_bsp.a(alt_errno.o)
 .debug_str     0x00000a4b       0x12 ../elo_bsp/\libhal_bsp.a(alt_icache_flush_all.o)
 .debug_str     0x00000a5d       0x12 ../elo_bsp/\libhal_bsp.a(alt_io_redirect.o)
 .debug_str     0x00000a6f       0x12 ../elo_bsp/\libhal_bsp.a(alt_open.o)
 .debug_str     0x00000a81       0x12 ../elo_bsp/\libhal_bsp.a(altera_nios2_qsys_irq.o)
 .debug_str     0x00000a93       0x12 ../elo_bsp/\libhal_bsp.a(alt_find_dev.o)
 .debug_str     0x00000aa5       0x12 ../elo_bsp/\libhal_bsp.a(alt_find_file.o)
 .debug_str     0x00000ab7       0x12 ../elo_bsp/\libhal_bsp.a(alt_get_fd.o)
 .debug_str     0x00000ac9       0x12 ../elo_bsp/\libhal_bsp.a(alt_icache_flush.o)
 .debug_str     0x00000adb       0xcd c:/altera/13.0sp1/nios2eds/bin/gnu/h-i686-mingw32/bin/../lib/gcc/nios2-elf/4.1.2/../../../../nios2-elf/lib\libsmallc.a(lib_a-atexit.o)
                                0x1d7 (size before relaxing)
 .debug_str     0x00000ba8       0x3e c:/altera/13.0sp1/nios2eds/bin/gnu/h-i686-mingw32/bin/../lib/gcc/nios2-elf/4.1.2/../../../../nios2-elf/lib\libsmallc.a(lib_a-exit.o)
                                0x16a (size before relaxing)
 .debug_str     0x00000be6       0x42 c:/altera/13.0sp1/nios2eds/bin/gnu/h-i686-mingw32/bin/../lib/gcc/nios2-elf/4.1.2/../../../../nios2-elf/lib\libsmallc.a(lib_a-memcmp.o)
                                0x170 (size before relaxing)
 .debug_str     0x00000c28       0x51 c:/altera/13.0sp1/nios2eds/bin/gnu/h-i686-mingw32/bin/../lib/gcc/nios2-elf/4.1.2/../../../../nios2-elf/lib\libsmallc.a(lib_a-__atexit.o)
                                0x459 (size before relaxing)
 .debug_str     0x00000c79       0x7b c:/altera/13.0sp1/nios2eds/bin/gnu/h-i686-mingw32/bin/../lib/gcc/nios2-elf/4.1.2/../../../../nios2-elf/lib\libsmallc.a(lib_a-__call_atexit.o)
                                0x483 (size before relaxing)
 .debug_str     0x00000cf4       0x1c ../elo_bsp/\libhal_bsp.a(alt_exit.o)

.debug_loc      0x00000000     0x1711
 *(.debug_loc)
 .debug_loc     0x00000000      0x103 obj/default/hello_world.o
 .debug_loc     0x00000103       0x8d c:/altera/13.0sp1/nios2eds/bin/gnu/h-i686-mingw32/bin/../lib/gcc/nios2-elf/4.1.2/../../../../nios2-elf/lib\libsmallc.a(lib_a-printf.o)
 .debug_loc     0x00000190       0xa2 c:/altera/13.0sp1/nios2eds/bin/gnu/h-i686-mingw32/bin/../lib/gcc/nios2-elf/4.1.2/../../../../nios2-elf/lib\libsmallc.a(lib_a-puts.o)
 .debug_loc     0x00000232       0x1e c:/altera/13.0sp1/nios2eds/bin/gnu/h-i686-mingw32/bin/../lib/gcc/nios2-elf/4.1.2/../../../../nios2-elf/lib\libsmallc.a(lib_a-strlen.o)
 .debug_loc     0x00000250      0x773 c:/altera/13.0sp1/nios2eds/bin/gnu/h-i686-mingw32/bin/../lib/gcc/nios2-elf/4.1.2/../../../../nios2-elf/lib\libsmallc.a(lib_a-vfprintf.o)
 .debug_loc     0x000009c3      0x162 c:/altera/13.0sp1/nios2eds/bin/gnu/h-i686-mingw32/bin/../lib/gcc/nios2-elf/4.1.2/../../../../nios2-elf/lib\libsmallc.a(lib_a-fvwrite_small_dev.o)
 .debug_loc     0x00000b25       0x97 c:/altera/13.0sp1/nios2eds/bin/gnu/h-i686-mingw32/bin/../lib/gcc/nios2-elf/4.1.2/../../../../nios2-elf/lib\libsmallc.a(lib_a-writer.o)
 .debug_loc     0x00000bbc      0x1d2 c:/altera/13.0sp1/nios2eds/bin/gnu/h-i686-mingw32/bin/../lib/gcc/nios2-elf/4.1.2\libgcc.a(lib2-divmod.o)
 .debug_loc     0x00000d8e       0x56 ../elo_bsp/\libhal_bsp.a(alt_load.o)
 .debug_loc     0x00000de4       0x2b ../elo_bsp/\libhal_bsp.a(alt_main.o)
 .debug_loc     0x00000e0f       0x56 ../elo_bsp/\libhal_bsp.a(alt_write.o)
 .debug_loc     0x00000e65       0x81 ../elo_bsp/\libhal_bsp.a(alt_sys_init.o)
 .debug_loc     0x00000ee6       0x56 ../elo_bsp/\libhal_bsp.a(altera_avalon_jtag_uart_fd.o)
 .debug_loc     0x00000f3c       0x2b ../elo_bsp/\libhal_bsp.a(altera_avalon_jtag_uart_read.o)
 .debug_loc     0x00000f67       0x2b ../elo_bsp/\libhal_bsp.a(altera_avalon_jtag_uart_write.o)
 .debug_loc     0x00000f92       0x56 ../elo_bsp/\libhal_bsp.a(alt_close.o)
 .debug_loc     0x00000fe8       0x2b ../elo_bsp/\libhal_bsp.a(alt_dcache_flush_all.o)
 .debug_loc     0x00001013       0x2b ../elo_bsp/\libhal_bsp.a(alt_dev.o)
 .debug_loc     0x0000103e       0x56 ../elo_bsp/\libhal_bsp.a(alt_dev_llist_insert.o)
 .debug_loc     0x00001094       0x2b ../elo_bsp/\libhal_bsp.a(alt_do_ctors.o)
 .debug_loc     0x000010bf       0x2b ../elo_bsp/\libhal_bsp.a(alt_do_dtors.o)
 .debug_loc     0x000010ea       0x2b ../elo_bsp/\libhal_bsp.a(alt_icache_flush_all.o)
 .debug_loc     0x00001115       0x56 ../elo_bsp/\libhal_bsp.a(alt_io_redirect.o)
 .debug_loc     0x0000116b       0x81 ../elo_bsp/\libhal_bsp.a(alt_open.o)
 .debug_loc     0x000011ec       0x2b ../elo_bsp/\libhal_bsp.a(alt_release_fd.o)
 .debug_loc     0x00001217       0x2b ../elo_bsp/\libhal_bsp.a(altera_nios2_qsys_irq.o)
 .debug_loc     0x00001242       0x2b ../elo_bsp/\libhal_bsp.a(alt_find_dev.o)
 .debug_loc     0x0000126d       0x2b ../elo_bsp/\libhal_bsp.a(alt_find_file.o)
 .debug_loc     0x00001298       0x2b ../elo_bsp/\libhal_bsp.a(alt_get_fd.o)
 .debug_loc     0x000012c3       0x2b ../elo_bsp/\libhal_bsp.a(alt_icache_flush.o)
 .debug_loc     0x000012ee       0x1e c:/altera/13.0sp1/nios2eds/bin/gnu/h-i686-mingw32/bin/../lib/gcc/nios2-elf/4.1.2/../../../../nios2-elf/lib\libsmallc.a(lib_a-atexit.o)
 .debug_loc     0x0000130c       0x3d c:/altera/13.0sp1/nios2eds/bin/gnu/h-i686-mingw32/bin/../lib/gcc/nios2-elf/4.1.2/../../../../nios2-elf/lib\libsmallc.a(lib_a-exit.o)
 .debug_loc     0x00001349       0x70 c:/altera/13.0sp1/nios2eds/bin/gnu/h-i686-mingw32/bin/../lib/gcc/nios2-elf/4.1.2/../../../../nios2-elf/lib\libsmallc.a(lib_a-memcmp.o)
 .debug_loc     0x000013b9      0x141 c:/altera/13.0sp1/nios2eds/bin/gnu/h-i686-mingw32/bin/../lib/gcc/nios2-elf/4.1.2/../../../../nios2-elf/lib\libsmallc.a(lib_a-__atexit.o)
 .debug_loc     0x000014fa      0x1c1 c:/altera/13.0sp1/nios2eds/bin/gnu/h-i686-mingw32/bin/../lib/gcc/nios2-elf/4.1.2/../../../../nios2-elf/lib\libsmallc.a(lib_a-__call_atexit.o)
 .debug_loc     0x000016bb       0x56 ../elo_bsp/\libhal_bsp.a(alt_exit.o)

.debug_macinfo
 *(.debug_macinfo)

.debug_weaknames
 *(.debug_weaknames)

.debug_funcnames
 *(.debug_funcnames)

.debug_typenames
 *(.debug_typenames)

.debug_varnames
 *(.debug_varnames)

.debug_alt_sim_info
                0x00000000       0x30
 *(.debug_alt_sim_info)
 .debug_alt_sim_info
                0x00000000       0x30 ../elo_bsp//obj/HAL/src/crt0.o
                0x04800000                __alt_data_end = 0x4800000
                0x04800000                PROVIDE (__alt_stack_pointer, __alt_data_end)
                0x04002c14                PROVIDE (__alt_stack_limit, __alt_stack_base)
                0x04002c14                PROVIDE (__alt_heap_start, end)
                0x04800000                PROVIDE (__alt_heap_limit, 0x4800000)
OUTPUT(elo.elf elf32-littlenios2)

.debug_ranges   0x00000000      0x178
 .debug_ranges  0x00000000       0x20 ../elo_bsp//obj/HAL/src/crt0.o
 .debug_ranges  0x00000020      0x140 c:/altera/13.0sp1/nios2eds/bin/gnu/h-i686-mingw32/bin/../lib/gcc/nios2-elf/4.1.2/../../../../nios2-elf/lib\libsmallc.a(lib_a-vfprintf.o)
 .debug_ranges  0x00000160       0x18 c:/altera/13.0sp1/nios2eds/bin/gnu/h-i686-mingw32/bin/../lib/gcc/nios2-elf/4.1.2/../../../../nios2-elf/lib\libsmallc.a(lib_a-__call_atexit.o)
