Analysis & Synthesis report for sqrt_one_adder
Fri Jan 17 11:47:33 2020
Quartus II 64-Bit Version 13.0.1 Build 232 06/12/2013 Service Pack 1 SJ Web Edition


---------------------
; Table of Contents ;
---------------------
  1. Legal Notice
  2. Analysis & Synthesis Summary
  3. Analysis & Synthesis Settings
  4. Parallel Compilation
  5. Analysis & Synthesis Source Files Read
  6. Analysis & Synthesis Resource Usage Summary
  7. Analysis & Synthesis Resource Utilization by Entity
  8. State Machine - |sqrt_one_adder|current_state
  9. Registers Removed During Synthesis
 10. General Register Statistics
 11. Inverted Register Statistics
 12. Multiplexer Restructuring Statistics (Restructuring Performed)
 13. Parameter Settings for User Entity Instance: Top-level Entity: |sqrt_one_adder
 14. Parameter Settings for User Entity Instance: add_sub:ADDER
 15. Elapsed Time Per Partition
 16. Analysis & Synthesis Equations
 17. Analysis & Synthesis Messages



----------------
; Legal Notice ;
----------------
Copyright (C) 1991-2013 Altera Corporation
Your use of Altera Corporation's design tools, logic functions 
and other software and tools, and its AMPP partner logic 
functions, and any output files from any of the foregoing 
(including device programming or simulation files), and any 
associated documentation or information are expressly subject 
to the terms and conditions of the Altera Program License 
Subscription Agreement, Altera MegaCore Function License 
Agreement, or other applicable license agreement, including, 
without limitation, that your use is for the sole purpose of 
programming logic devices manufactured by Altera and sold by 
Altera or its authorized distributors.  Please refer to the 
applicable agreement for further details.



+--------------------------------------------------------------------------------------+
; Analysis & Synthesis Summary                                                         ;
+------------------------------------+-------------------------------------------------+
; Analysis & Synthesis Status        ; Successful - Fri Jan 17 11:47:33 2020           ;
; Quartus II 64-Bit Version          ; 13.0.1 Build 232 06/12/2013 SP 1 SJ Web Edition ;
; Revision Name                      ; sqrt_one_adder                                  ;
; Top-level Entity Name              ; sqrt_one_adder                                  ;
; Family                             ; Cyclone II                                      ;
; Total logic elements               ; 640                                             ;
;     Total combinational functions  ; 607                                             ;
;     Dedicated logic registers      ; 367                                             ;
; Total registers                    ; 367                                             ;
; Total pins                         ; 100                                             ;
; Total virtual pins                 ; 0                                               ;
; Total memory bits                  ; 0                                               ;
; Embedded Multiplier 9-bit elements ; 0                                               ;
; Total PLLs                         ; 0                                               ;
+------------------------------------+-------------------------------------------------+


+----------------------------------------------------------------------------------------------------------------------+
; Analysis & Synthesis Settings                                                                                        ;
+----------------------------------------------------------------------------+--------------------+--------------------+
; Option                                                                     ; Setting            ; Default Value      ;
+----------------------------------------------------------------------------+--------------------+--------------------+
; Top-level entity name                                                      ; sqrt_one_adder     ; sqrt_one_adder     ;
; Family name                                                                ; Cyclone II         ; Cyclone IV GX      ;
; Use smart compilation                                                      ; Off                ; Off                ;
; Enable parallel Assembler and TimeQuest Timing Analyzer during compilation ; On                 ; On                 ;
; Enable compact report table                                                ; Off                ; Off                ;
; Restructure Multiplexers                                                   ; Auto               ; Auto               ;
; Create Debugging Nodes for IP Cores                                        ; Off                ; Off                ;
; Preserve fewer node names                                                  ; On                 ; On                 ;
; Disable OpenCore Plus hardware evaluation                                  ; Off                ; Off                ;
; Verilog Version                                                            ; Verilog_2001       ; Verilog_2001       ;
; VHDL Version                                                               ; VHDL_1993          ; VHDL_1993          ;
; State Machine Processing                                                   ; Auto               ; Auto               ;
; Safe State Machine                                                         ; Off                ; Off                ;
; Extract Verilog State Machines                                             ; On                 ; On                 ;
; Extract VHDL State Machines                                                ; On                 ; On                 ;
; Ignore Verilog initial constructs                                          ; Off                ; Off                ;
; Iteration limit for constant Verilog loops                                 ; 5000               ; 5000               ;
; Iteration limit for non-constant Verilog loops                             ; 250                ; 250                ;
; Add Pass-Through Logic to Inferred RAMs                                    ; On                 ; On                 ;
; Infer RAMs from Raw Logic                                                  ; On                 ; On                 ;
; Parallel Synthesis                                                         ; On                 ; On                 ;
; DSP Block Balancing                                                        ; Auto               ; Auto               ;
; NOT Gate Push-Back                                                         ; On                 ; On                 ;
; Power-Up Don't Care                                                        ; On                 ; On                 ;
; Remove Redundant Logic Cells                                               ; Off                ; Off                ;
; Remove Duplicate Registers                                                 ; On                 ; On                 ;
; Ignore CARRY Buffers                                                       ; Off                ; Off                ;
; Ignore CASCADE Buffers                                                     ; Off                ; Off                ;
; Ignore GLOBAL Buffers                                                      ; Off                ; Off                ;
; Ignore ROW GLOBAL Buffers                                                  ; Off                ; Off                ;
; Ignore LCELL Buffers                                                       ; Off                ; Off                ;
; Ignore SOFT Buffers                                                        ; On                 ; On                 ;
; Limit AHDL Integers to 32 Bits                                             ; Off                ; Off                ;
; Optimization Technique                                                     ; Balanced           ; Balanced           ;
; Carry Chain Length                                                         ; 70                 ; 70                 ;
; Auto Carry Chains                                                          ; On                 ; On                 ;
; Auto Open-Drain Pins                                                       ; On                 ; On                 ;
; Perform WYSIWYG Primitive Resynthesis                                      ; Off                ; Off                ;
; Auto ROM Replacement                                                       ; On                 ; On                 ;
; Auto RAM Replacement                                                       ; On                 ; On                 ;
; Auto Shift Register Replacement                                            ; Auto               ; Auto               ;
; Allow Shift Register Merging across Hierarchies                            ; Auto               ; Auto               ;
; Auto Clock Enable Replacement                                              ; On                 ; On                 ;
; Strict RAM Replacement                                                     ; Off                ; Off                ;
; Allow Synchronous Control Signals                                          ; On                 ; On                 ;
; Force Use of Synchronous Clear Signals                                     ; Off                ; Off                ;
; Auto RAM to Logic Cell Conversion                                          ; Off                ; Off                ;
; Auto Resource Sharing                                                      ; Off                ; Off                ;
; Allow Any RAM Size For Recognition                                         ; Off                ; Off                ;
; Allow Any ROM Size For Recognition                                         ; Off                ; Off                ;
; Allow Any Shift Register Size For Recognition                              ; Off                ; Off                ;
; Use LogicLock Constraints during Resource Balancing                        ; On                 ; On                 ;
; Ignore translate_off and synthesis_off directives                          ; Off                ; Off                ;
; Timing-Driven Synthesis                                                    ; Off                ; Off                ;
; Report Parameter Settings                                                  ; On                 ; On                 ;
; Report Source Assignments                                                  ; On                 ; On                 ;
; Report Connectivity Checks                                                 ; On                 ; On                 ;
; Ignore Maximum Fan-Out Assignments                                         ; Off                ; Off                ;
; Synchronization Register Chain Length                                      ; 2                  ; 2                  ;
; PowerPlay Power Optimization                                               ; Normal compilation ; Normal compilation ;
; HDL message level                                                          ; Level2             ; Level2             ;
; Suppress Register Optimization Related Messages                            ; Off                ; Off                ;
; Number of Removed Registers Reported in Synthesis Report                   ; 5000               ; 5000               ;
; Number of Swept Nodes Reported in Synthesis Report                         ; 5000               ; 5000               ;
; Number of Inverted Registers Reported in Synthesis Report                  ; 100                ; 100                ;
; Clock MUX Protection                                                       ; On                 ; On                 ;
; Auto Gated Clock Conversion                                                ; Off                ; Off                ;
; Block Design Naming                                                        ; Auto               ; Auto               ;
; SDC constraint protection                                                  ; Off                ; Off                ;
; Synthesis Effort                                                           ; Auto               ; Auto               ;
; Shift Register Replacement - Allow Asynchronous Clear Signal               ; On                 ; On                 ;
; Pre-Mapping Resynthesis Optimization                                       ; Off                ; Off                ;
; Analysis & Synthesis Message Level                                         ; Medium             ; Medium             ;
; Disable Register Merging Across Hierarchies                                ; Auto               ; Auto               ;
; Resource Aware Inference For Block RAM                                     ; On                 ; On                 ;
; Synthesis Seed                                                             ; 1                  ; 1                  ;
+----------------------------------------------------------------------------+--------------------+--------------------+


Parallel compilation was disabled, but you have multiple processors available. Enable parallel compilation to reduce compilation time.
+-------------------------------------+
; Parallel Compilation                ;
+----------------------------+--------+
; Processors                 ; Number ;
+----------------------------+--------+
; Number detected on machine ; 8      ;
; Maximum allowed            ; 1      ;
+----------------------------+--------+


+-----------------------------------------------------------------------------------------------------------------------+
; Analysis & Synthesis Source Files Read                                                                                ;
+----------------------------------+-----------------+-----------------+--------------------------------------+---------+
; File Name with User-Entered Path ; Used in Netlist ; File Type       ; File Name with Absolute Path         ; Library ;
+----------------------------------+-----------------+-----------------+--------------------------------------+---------+
; ../../TP_A3/add_sub.vhd          ; yes             ; User VHDL File  ; D:/UPSUD/A3/TP_A3/add_sub.vhd        ;         ;
; ../../TP_A3/sqrt_one_adder.vhd   ; yes             ; User VHDL File  ; D:/UPSUD/A3/TP_A3/sqrt_one_adder.vhd ;         ;
+----------------------------------+-----------------+-----------------+--------------------------------------+---------+


+-----------------------------------------------------+
; Analysis & Synthesis Resource Usage Summary         ;
+---------------------------------------------+-------+
; Resource                                    ; Usage ;
+---------------------------------------------+-------+
; Estimated Total logic elements              ; 640   ;
;                                             ;       ;
; Total combinational functions               ; 607   ;
; Logic element usage by number of LUT inputs ;       ;
;     -- 4 input functions                    ; 248   ;
;     -- 3 input functions                    ; 211   ;
;     -- <=2 input functions                  ; 148   ;
;                                             ;       ;
; Logic elements by mode                      ;       ;
;     -- normal mode                          ; 537   ;
;     -- arithmetic mode                      ; 70    ;
;                                             ;       ;
; Total registers                             ; 367   ;
;     -- Dedicated logic registers            ; 367   ;
;     -- I/O registers                        ; 0     ;
;                                             ;       ;
; I/O pins                                    ; 100   ;
; Embedded Multiplier 9-bit elements          ; 0     ;
; Maximum fan-out node                        ; clk   ;
; Maximum fan-out                             ; 367   ;
; Total fan-out                               ; 3246  ;
; Average fan-out                             ; 3.02  ;
+---------------------------------------------+-------+


+---------------------------------------------------------------------------------------------------------------------------------------------------------------------------------------+
; Analysis & Synthesis Resource Utilization by Entity                                                                                                                                   ;
+----------------------------+-------------------+--------------+-------------+--------------+---------+-----------+------+--------------+-------------------------------+--------------+
; Compilation Hierarchy Node ; LC Combinationals ; LC Registers ; Memory Bits ; DSP Elements ; DSP 9x9 ; DSP 18x18 ; Pins ; Virtual Pins ; Full Hierarchy Name           ; Library Name ;
+----------------------------+-------------------+--------------+-------------+--------------+---------+-----------+------+--------------+-------------------------------+--------------+
; |sqrt_one_adder            ; 607 (477)         ; 367 (367)    ; 0           ; 0            ; 0       ; 0         ; 100  ; 0            ; |sqrt_one_adder               ; work         ;
;    |add_sub:ADDER|         ; 130 (130)         ; 0 (0)        ; 0           ; 0            ; 0       ; 0         ; 0    ; 0            ; |sqrt_one_adder|add_sub:ADDER ; work         ;
+----------------------------+-------------------+--------------+-------------+--------------+---------+-----------+------+--------------+-------------------------------+--------------+
Note: For table entries with two numbers listed, the numbers in parentheses indicate the number of resources of the given type used by the specific entity alone. The numbers listed outside of parentheses indicate the total resources of the given type used by the specific entity and all of its sub-entities in the hierarchy.


Encoding Type:  One-Hot
+--------------------------------------------------------------------------------------------------------------------------------------------------------------------------------------------------------------------------------------------------------+
; State Machine - |sqrt_one_adder|current_state                                                                                                                                                                                                          ;
+--------------------------+-------------------------+----------------------+----------------------+--------------------------+----------------------+----------------------+----------------------+--------------------------+--------------------------+
; Name                     ; current_state.end_state ; current_state.iter_5 ; current_state.iter_4 ; current_state.iter_3_bis ; current_state.iter_3 ; current_state.iter_2 ; current_state.iter_1 ; current_state.init_state ; current_state.wait_state ;
+--------------------------+-------------------------+----------------------+----------------------+--------------------------+----------------------+----------------------+----------------------+--------------------------+--------------------------+
; current_state.wait_state ; 0                       ; 0                    ; 0                    ; 0                        ; 0                    ; 0                    ; 0                    ; 0                        ; 0                        ;
; current_state.init_state ; 0                       ; 0                    ; 0                    ; 0                        ; 0                    ; 0                    ; 0                    ; 1                        ; 1                        ;
; current_state.iter_1     ; 0                       ; 0                    ; 0                    ; 0                        ; 0                    ; 0                    ; 1                    ; 0                        ; 1                        ;
; current_state.iter_2     ; 0                       ; 0                    ; 0                    ; 0                        ; 0                    ; 1                    ; 0                    ; 0                        ; 1                        ;
; current_state.iter_3     ; 0                       ; 0                    ; 0                    ; 0                        ; 1                    ; 0                    ; 0                    ; 0                        ; 1                        ;
; current_state.iter_3_bis ; 0                       ; 0                    ; 0                    ; 1                        ; 0                    ; 0                    ; 0                    ; 0                        ; 1                        ;
; current_state.iter_4     ; 0                       ; 0                    ; 1                    ; 0                        ; 0                    ; 0                    ; 0                    ; 0                        ; 1                        ;
; current_state.iter_5     ; 0                       ; 1                    ; 0                    ; 0                        ; 0                    ; 0                    ; 0                    ; 0                        ; 1                        ;
; current_state.end_state  ; 1                       ; 0                    ; 0                    ; 0                        ; 0                    ; 0                    ; 0                    ; 0                        ; 1                        ;
+--------------------------+-------------------------+----------------------+----------------------+--------------------------+----------------------+----------------------+----------------------+--------------------------+--------------------------+


+-----------------------------------------------------------------------------------------------------------------------------------------+
; Registers Removed During Synthesis                                                                                                      ;
+------------------------------------------------------------------------------------------------+----------------------------------------+
; Register name                                                                                  ; Reason for Removal                     ;
+------------------------------------------------------------------------------------------------+----------------------------------------+
; RX[0]~en                                                                                       ; Lost fanout                            ;
; RX[1]~en                                                                                       ; Lost fanout                            ;
; RX[2]~en                                                                                       ; Lost fanout                            ;
; RX[3]~en                                                                                       ; Lost fanout                            ;
; RX[4]~en                                                                                       ; Lost fanout                            ;
; RX[5]~en                                                                                       ; Lost fanout                            ;
; RX[6]~en                                                                                       ; Lost fanout                            ;
; RX[7]~en                                                                                       ; Lost fanout                            ;
; RX[8]~en                                                                                       ; Lost fanout                            ;
; RX[9]~en                                                                                       ; Lost fanout                            ;
; RX[10]~en                                                                                      ; Lost fanout                            ;
; RX[11]~en                                                                                      ; Lost fanout                            ;
; RX[12]~en                                                                                      ; Lost fanout                            ;
; RX[13]~en                                                                                      ; Lost fanout                            ;
; RX[14]~en                                                                                      ; Lost fanout                            ;
; RX[15]~en                                                                                      ; Lost fanout                            ;
; RX[16]~en                                                                                      ; Lost fanout                            ;
; RX[17]~en                                                                                      ; Lost fanout                            ;
; RX[18]~en                                                                                      ; Lost fanout                            ;
; RX[19]~en                                                                                      ; Lost fanout                            ;
; RX[20]~en                                                                                      ; Lost fanout                            ;
; RX[21]~en                                                                                      ; Lost fanout                            ;
; RX[22]~en                                                                                      ; Lost fanout                            ;
; RX[23]~en                                                                                      ; Lost fanout                            ;
; RX[24]~en                                                                                      ; Lost fanout                            ;
; RX[25]~en                                                                                      ; Lost fanout                            ;
; RX[26]~en                                                                                      ; Lost fanout                            ;
; RX[27]~en                                                                                      ; Lost fanout                            ;
; RX[28]~en                                                                                      ; Lost fanout                            ;
; RX[29]~en                                                                                      ; Lost fanout                            ;
; RX[30]~en                                                                                      ; Lost fanout                            ;
; RX[31]~en                                                                                      ; Lost fanout                            ;
; RX[32]~en                                                                                      ; Lost fanout                            ;
; RX[33]~en                                                                                      ; Lost fanout                            ;
; RX[34]~en                                                                                      ; Lost fanout                            ;
; RX[35]~en                                                                                      ; Lost fanout                            ;
; RX[36]~en                                                                                      ; Lost fanout                            ;
; RX[37]~en                                                                                      ; Lost fanout                            ;
; RX[38]~en                                                                                      ; Lost fanout                            ;
; RX[39]~en                                                                                      ; Lost fanout                            ;
; RX[40]~en                                                                                      ; Lost fanout                            ;
; RX[41]~en                                                                                      ; Lost fanout                            ;
; RX[42]~en                                                                                      ; Lost fanout                            ;
; RX[43]~en                                                                                      ; Lost fanout                            ;
; RX[44]~en                                                                                      ; Lost fanout                            ;
; RX[45]~en                                                                                      ; Lost fanout                            ;
; RX[46]~en                                                                                      ; Lost fanout                            ;
; RX[47]~en                                                                                      ; Lost fanout                            ;
; RX[48]~en                                                                                      ; Lost fanout                            ;
; RX[49]~en                                                                                      ; Lost fanout                            ;
; RX[50]~en                                                                                      ; Lost fanout                            ;
; RX[51]~en                                                                                      ; Lost fanout                            ;
; RX[52]~en                                                                                      ; Lost fanout                            ;
; RX[53]~en                                                                                      ; Lost fanout                            ;
; RX[54]~en                                                                                      ; Lost fanout                            ;
; RX[55]~en                                                                                      ; Lost fanout                            ;
; RX[56]~en                                                                                      ; Lost fanout                            ;
; RX[57]~en                                                                                      ; Lost fanout                            ;
; RX[58]~en                                                                                      ; Lost fanout                            ;
; RX[59]~en                                                                                      ; Lost fanout                            ;
; RX[60]~en                                                                                      ; Lost fanout                            ;
; RX[61]~en                                                                                      ; Lost fanout                            ;
; RX[62]~en                                                                                      ; Lost fanout                            ;
; RX[63]~en                                                                                      ; Lost fanout                            ;
; RV[1,3,5,7,9,11,13,15,17,19,21,23,25,27,29,31,33,35,37,39,41,43,45,47,49,51,53,55,57,59,61,63] ; Stuck at GND due to stuck port data_in ;
; current_state.iter_3_bis                                                                       ; Lost fanout                            ;
; current_state.iter_4                                                                           ; Lost fanout                            ;
; Total Number of Removed Registers = 98                                                         ;                                        ;
+------------------------------------------------------------------------------------------------+----------------------------------------+


+------------------------------------------------------+
; General Register Statistics                          ;
+----------------------------------------------+-------+
; Statistic                                    ; Value ;
+----------------------------------------------+-------+
; Total registers                              ; 367   ;
; Number of registers using Synchronous Clear  ; 31    ;
; Number of registers using Synchronous Load   ; 31    ;
; Number of registers using Asynchronous Clear ; 109   ;
; Number of registers using Asynchronous Load  ; 0     ;
; Number of registers using Clock Enable       ; 358   ;
; Number of registers using Preset             ; 0     ;
+----------------------------------------------+-------+


+--------------------------------------------------+
; Inverted Register Statistics                     ;
+----------------------------------------+---------+
; Inverted Register                      ; Fan out ;
+----------------------------------------+---------+
; i[5]                                   ; 3       ;
; Total number of inverted registers = 1 ;         ;
+----------------------------------------+---------+


+-------------------------------------------------------------------------------------------------------------------------------------------+
; Multiplexer Restructuring Statistics (Restructuring Performed)                                                                            ;
+--------------------+-----------+---------------+----------------------+------------------------+------------+-----------------------------+
; Multiplexer Inputs ; Bus Width ; Baseline Area ; Area if Restructured ; Saving if Restructured ; Registered ; Example Multiplexer Output  ;
+--------------------+-----------+---------------+----------------------+------------------------+------------+-----------------------------+
; 4:1                ; 63 bits   ; 126 LEs       ; 126 LEs              ; 0 LEs                  ; Yes        ; |sqrt_one_adder|RZ[29]      ;
; 7:1                ; 31 bits   ; 124 LEs       ; 62 LEs               ; 62 LEs                 ; Yes        ; |sqrt_one_adder|adder_B[61] ;
; 7:1                ; 63 bits   ; 252 LEs       ; 126 LEs              ; 126 LEs                ; Yes        ; |sqrt_one_adder|adder_A[48] ;
; 7:1                ; 31 bits   ; 124 LEs       ; 93 LEs               ; 31 LEs                 ; Yes        ; |sqrt_one_adder|adder_B[0]  ;
+--------------------+-----------+---------------+----------------------+------------------------+------------+-----------------------------+


+--------------------------------------------------------------------------------+
; Parameter Settings for User Entity Instance: Top-level Entity: |sqrt_one_adder ;
+------------------+-------+-----------------------------------------------------+
; Parameter Name   ; Value ; Type                                                ;
+------------------+-------+-----------------------------------------------------+
; n                ; 32    ; Signed Integer                                      ;
; HANDSHAKE_ENABLE ; false ; Enumerated                                          ;
; RST_ON           ; '0'   ; Enumerated                                          ;
+------------------+-------+-----------------------------------------------------+
Note: In order to hide this table in the UI and the text report file, please set the "Show Parameter Settings in Synthesis Report" option in "Analysis and Synthesis Settings -> More Settings" to "Off".


+------------------------------------------------------------+
; Parameter Settings for User Entity Instance: add_sub:ADDER ;
+----------------+-------+-----------------------------------+
; Parameter Name ; Value ; Type                              ;
+----------------+-------+-----------------------------------+
; nb_bits        ; 64    ; Signed Integer                    ;
+----------------+-------+-----------------------------------+
Note: In order to hide this table in the UI and the text report file, please set the "Show Parameter Settings in Synthesis Report" option in "Analysis and Synthesis Settings -> More Settings" to "Off".


+-------------------------------+
; Elapsed Time Per Partition    ;
+----------------+--------------+
; Partition Name ; Elapsed Time ;
+----------------+--------------+
; Top            ; 00:00:01     ;
+----------------+--------------+


+--------------------------------+
; Analysis & Synthesis Equations ;
+--------------------------------+
The equations can be found in D:/UPSUD/A3/Quartus_projects/sqrt_one_adder/output_files/sqrt_one_adder.map.eqn.


+-------------------------------+
; Analysis & Synthesis Messages ;
+-------------------------------+
Info: *******************************************************************
Info: Running Quartus II 64-Bit Analysis & Synthesis
    Info: Version 13.0.1 Build 232 06/12/2013 Service Pack 1 SJ Web Edition
    Info: Processing started: Fri Jan 17 11:47:30 2020
Info: Command: quartus_map --read_settings_files=on --write_settings_files=off sqrt_one_adder -c sqrt_one_adder
Warning (20028): Parallel compilation is not licensed and has been disabled
Info (12021): Found 2 design units, including 1 entities, in source file /upsud/a3/tp_a3/add_sub.vhd
    Info (12022): Found design unit 1: add_sub-proced
    Info (12023): Found entity 1: add_sub
Info (12021): Found 2 design units, including 1 entities, in source file /upsud/a3/tp_a3/sqrt_one_adder.vhd
    Info (12022): Found design unit 1: sqrt_one_adder-rtl
    Info (12023): Found entity 1: sqrt_one_adder
Info (12127): Elaborating entity "sqrt_one_adder" for the top level hierarchy
Info (12128): Elaborating entity "add_sub" for hierarchy "add_sub:ADDER"
Warning (13046): Tri-state node(s) do not directly drive top-level pin(s)
    Warning (13049): Converted tri-state buffer "RX[0]~0" feeding internal logic into a wire
    Warning (13049): Converted tri-state buffer "RX[1]~1" feeding internal logic into a wire
    Warning (13049): Converted tri-state buffer "RX[2]~2" feeding internal logic into a wire
    Warning (13049): Converted tri-state buffer "RX[3]~3" feeding internal logic into a wire
    Warning (13049): Converted tri-state buffer "RX[4]~4" feeding internal logic into a wire
    Warning (13049): Converted tri-state buffer "RX[5]~5" feeding internal logic into a wire
    Warning (13049): Converted tri-state buffer "RX[6]~6" feeding internal logic into a wire
    Warning (13049): Converted tri-state buffer "RX[7]~7" feeding internal logic into a wire
    Warning (13049): Converted tri-state buffer "RX[8]~8" feeding internal logic into a wire
    Warning (13049): Converted tri-state buffer "RX[9]~9" feeding internal logic into a wire
    Warning (13049): Converted tri-state buffer "RX[10]~10" feeding internal logic into a wire
    Warning (13049): Converted tri-state buffer "RX[11]~11" feeding internal logic into a wire
    Warning (13049): Converted tri-state buffer "RX[12]~12" feeding internal logic into a wire
    Warning (13049): Converted tri-state buffer "RX[13]~13" feeding internal logic into a wire
    Warning (13049): Converted tri-state buffer "RX[14]~14" feeding internal logic into a wire
    Warning (13049): Converted tri-state buffer "RX[15]~15" feeding internal logic into a wire
    Warning (13049): Converted tri-state buffer "RX[16]~16" feeding internal logic into a wire
    Warning (13049): Converted tri-state buffer "RX[17]~17" feeding internal logic into a wire
    Warning (13049): Converted tri-state buffer "RX[18]~18" feeding internal logic into a wire
    Warning (13049): Converted tri-state buffer "RX[19]~19" feeding internal logic into a wire
    Warning (13049): Converted tri-state buffer "RX[20]~20" feeding internal logic into a wire
    Warning (13049): Converted tri-state buffer "RX[21]~21" feeding internal logic into a wire
    Warning (13049): Converted tri-state buffer "RX[22]~22" feeding internal logic into a wire
    Warning (13049): Converted tri-state buffer "RX[23]~23" feeding internal logic into a wire
    Warning (13049): Converted tri-state buffer "RX[24]~24" feeding internal logic into a wire
    Warning (13049): Converted tri-state buffer "RX[25]~25" feeding internal logic into a wire
    Warning (13049): Converted tri-state buffer "RX[26]~26" feeding internal logic into a wire
    Warning (13049): Converted tri-state buffer "RX[27]~27" feeding internal logic into a wire
    Warning (13049): Converted tri-state buffer "RX[28]~28" feeding internal logic into a wire
    Warning (13049): Converted tri-state buffer "RX[29]~29" feeding internal logic into a wire
    Warning (13049): Converted tri-state buffer "RX[30]~30" feeding internal logic into a wire
    Warning (13049): Converted tri-state buffer "RX[31]~31" feeding internal logic into a wire
    Warning (13049): Converted tri-state buffer "RX[32]~32" feeding internal logic into a wire
    Warning (13049): Converted tri-state buffer "RX[33]~33" feeding internal logic into a wire
    Warning (13049): Converted tri-state buffer "RX[34]~34" feeding internal logic into a wire
    Warning (13049): Converted tri-state buffer "RX[35]~35" feeding internal logic into a wire
    Warning (13049): Converted tri-state buffer "RX[36]~36" feeding internal logic into a wire
    Warning (13049): Converted tri-state buffer "RX[37]~37" feeding internal logic into a wire
    Warning (13049): Converted tri-state buffer "RX[38]~38" feeding internal logic into a wire
    Warning (13049): Converted tri-state buffer "RX[39]~39" feeding internal logic into a wire
    Warning (13049): Converted tri-state buffer "RX[40]~40" feeding internal logic into a wire
    Warning (13049): Converted tri-state buffer "RX[41]~41" feeding internal logic into a wire
    Warning (13049): Converted tri-state buffer "RX[42]~42" feeding internal logic into a wire
    Warning (13049): Converted tri-state buffer "RX[43]~43" feeding internal logic into a wire
    Warning (13049): Converted tri-state buffer "RX[44]~44" feeding internal logic into a wire
    Warning (13049): Converted tri-state buffer "RX[45]~45" feeding internal logic into a wire
    Warning (13049): Converted tri-state buffer "RX[46]~46" feeding internal logic into a wire
    Warning (13049): Converted tri-state buffer "RX[47]~47" feeding internal logic into a wire
    Warning (13049): Converted tri-state buffer "RX[48]~48" feeding internal logic into a wire
    Warning (13049): Converted tri-state buffer "RX[49]~49" feeding internal logic into a wire
    Warning (13049): Converted tri-state buffer "RX[50]~50" feeding internal logic into a wire
    Warning (13049): Converted tri-state buffer "RX[51]~51" feeding internal logic into a wire
    Warning (13049): Converted tri-state buffer "RX[52]~52" feeding internal logic into a wire
    Warning (13049): Converted tri-state buffer "RX[53]~53" feeding internal logic into a wire
    Warning (13049): Converted tri-state buffer "RX[54]~54" feeding internal logic into a wire
    Warning (13049): Converted tri-state buffer "RX[55]~55" feeding internal logic into a wire
    Warning (13049): Converted tri-state buffer "RX[56]~56" feeding internal logic into a wire
    Warning (13049): Converted tri-state buffer "RX[57]~57" feeding internal logic into a wire
    Warning (13049): Converted tri-state buffer "RX[58]~58" feeding internal logic into a wire
    Warning (13049): Converted tri-state buffer "RX[59]~59" feeding internal logic into a wire
    Warning (13049): Converted tri-state buffer "RX[60]~60" feeding internal logic into a wire
    Warning (13049): Converted tri-state buffer "RX[61]~61" feeding internal logic into a wire
    Warning (13049): Converted tri-state buffer "RX[62]~62" feeding internal logic into a wire
    Warning (13049): Converted tri-state buffer "RX[63]~63" feeding internal logic into a wire
Info (13000): Registers with preset signals will power-up high
Info (13003): DEV_CLRn pin will set, and not reset, register with preset signal due to NOT Gate Push-Back
Info (17049): 66 registers lost all their fanouts during netlist optimizations.
Info (16010): Generating hard_block partition "hard_block:auto_generated_inst"
    Info (16011): Adding 0 node(s), including 0 DDIO, 0 PLL, 0 transceiver and 0 LCELL
Info (21057): Implemented 742 device resources after synthesis - the final resource count might be different
    Info (21058): Implemented 67 input pins
    Info (21059): Implemented 33 output pins
    Info (21061): Implemented 642 logic cells
Info: Quartus II 64-Bit Analysis & Synthesis was successful. 0 errors, 66 warnings
    Info: Peak virtual memory: 4636 megabytes
    Info: Processing ended: Fri Jan 17 11:47:33 2020
    Info: Elapsed time: 00:00:03
    Info: Total CPU time (on all processors): 00:00:03


